Component: Arm Compiler for Embedded 6.24 Tool: armlink [5f371500]

==============================================================================

Section Cross References

    startup_stm32f103xb.o(RESET) refers to startup_stm32f103xb.o(STACK) for __initial_sp
    startup_stm32f103xb.o(RESET) refers to startup_stm32f103xb.o(.text) for Reset_Handler
    startup_stm32f103xb.o(RESET) refers to stm32f1xx_it.o(.text.NMI_Handler) for NMI_Handler
    startup_stm32f103xb.o(RESET) refers to stm32f1xx_it.o(.text.HardFault_Handler) for HardFault_Handler
    startup_stm32f103xb.o(RESET) refers to stm32f1xx_it.o(.text.MemManage_Handler) for MemManage_Handler
    startup_stm32f103xb.o(RESET) refers to stm32f1xx_it.o(.text.BusFault_Handler) for BusFault_Handler
    startup_stm32f103xb.o(RESET) refers to stm32f1xx_it.o(.text.UsageFault_Handler) for UsageFault_Handler
    startup_stm32f103xb.o(RESET) refers to stm32f1xx_it.o(.text.SVC_Handler) for SVC_Handler
    startup_stm32f103xb.o(RESET) refers to stm32f1xx_it.o(.text.DebugMon_Handler) for DebugMon_Handler
    startup_stm32f103xb.o(RESET) refers to stm32f1xx_it.o(.text.PendSV_Handler) for PendSV_Handler
    startup_stm32f103xb.o(RESET) refers to stm32f1xx_it.o(.text.SysTick_Handler) for SysTick_Handler
    startup_stm32f103xb.o(RESET) refers to stm32f1xx_it.o(.text.TIM2_IRQHandler) for TIM2_IRQHandler
    startup_stm32f103xb.o(.text) refers to system_stm32f1xx.o(.text.SystemInit) for SystemInit
    startup_stm32f103xb.o(.text) refers to entry.o(.ARM.Collect$$$$00000000) for __main
    main.o(.text.main) refers to stm32f1xx_hal.o(.text.HAL_Init) for HAL_Init
    main.o(.text.main) refers to stm32f1xx_hal_rcc.o(.text.HAL_RCC_OscConfig) for HAL_RCC_OscConfig
    main.o(.text.main) refers to stm32f1xx_hal_rcc.o(.text.HAL_RCC_ClockConfig) for HAL_RCC_ClockConfig
    main.o(.text.main) refers to stm32f1xx_hal_rcc_ex.o(.text.HAL_RCCEx_PeriphCLKConfig) for HAL_RCCEx_PeriphCLKConfig
    main.o(.text.main) refers to gpio.o(.text.MX_GPIO_Init) for MX_GPIO_Init
    main.o(.text.main) refers to tim.o(.text.MX_TIM2_Init) for MX_TIM2_Init
    main.o(.text.main) refers to rtc.o(.text.MX_RTC_Init) for MX_RTC_Init
    main.o(.text.main) refers to oled.o(.text.OLED_Init) for OLED_Init
    main.o(.text.main) refers to key.o(.text.Key_Init) for Key_Init
    main.o(.text.main) refers to tim.o(.bss.htim2) for htim2
    main.o(.text.main) refers to stm32f1xx_hal_tim.o(.text.HAL_TIM_Base_Start_IT) for HAL_TIM_Base_Start_IT
    main.o(.text.main) refers to menu.o(.text.Menu2_Clock) for Menu2_Clock
    main.o(.text.main) refers to menu.o(.text.Menu1) for Menu1
    main.o(.text.main) refers to menu.o(.text.Menu2_Timer) for Menu2_Timer
    main.o(.text.main) refers to menu.o(.text.Menu2_Setting) for Menu2_Setting
    main.o(.ARM.exidx.text.main) refers to main.o(.text.main) for [Anonymous Symbol]
    main.o(.text.SystemClock_Config) refers to stm32f1xx_hal_rcc.o(.text.HAL_RCC_OscConfig) for HAL_RCC_OscConfig
    main.o(.text.SystemClock_Config) refers to stm32f1xx_hal_rcc.o(.text.HAL_RCC_ClockConfig) for HAL_RCC_ClockConfig
    main.o(.text.SystemClock_Config) refers to stm32f1xx_hal_rcc_ex.o(.text.HAL_RCCEx_PeriphCLKConfig) for HAL_RCCEx_PeriphCLKConfig
    main.o(.ARM.exidx.text.SystemClock_Config) refers to main.o(.text.SystemClock_Config) for [Anonymous Symbol]
    main.o(.ARM.exidx.text.Error_Handler) refers to main.o(.text.Error_Handler) for [Anonymous Symbol]
    gpio.o(.text.MX_GPIO_Init) refers to stm32f1xx_hal_gpio.o(.text.HAL_GPIO_WritePin) for HAL_GPIO_WritePin
    gpio.o(.text.MX_GPIO_Init) refers to stm32f1xx_hal_gpio.o(.text.HAL_GPIO_Init) for HAL_GPIO_Init
    gpio.o(.ARM.exidx.text.MX_GPIO_Init) refers to gpio.o(.text.MX_GPIO_Init) for [Anonymous Symbol]
    rtc.o(.text.MX_RTC_Init) refers to rtc.o(.bss.hrtc) for hrtc
    rtc.o(.text.MX_RTC_Init) refers to stm32f1xx_hal_rtc.o(.text.HAL_RTC_Init) for HAL_RTC_Init
    rtc.o(.text.MX_RTC_Init) refers to main.o(.text.Error_Handler) for Error_Handler
    rtc.o(.ARM.exidx.text.MX_RTC_Init) refers to rtc.o(.text.MX_RTC_Init) for [Anonymous Symbol]
    rtc.o(.text.HAL_RTC_MspInit) refers to stm32f1xx_hal_pwr.o(.text.HAL_PWR_EnableBkUpAccess) for HAL_PWR_EnableBkUpAccess
    rtc.o(.ARM.exidx.text.HAL_RTC_MspInit) refers to rtc.o(.text.HAL_RTC_MspInit) for [Anonymous Symbol]
    rtc.o(.ARM.exidx.text.HAL_RTC_MspDeInit) refers to rtc.o(.text.HAL_RTC_MspDeInit) for [Anonymous Symbol]
    tim.o(.text.MX_TIM2_Init) refers to tim.o(.bss.htim2) for htim2
    tim.o(.text.MX_TIM2_Init) refers to stm32f1xx_hal_tim.o(.text.HAL_TIM_Base_Init) for HAL_TIM_Base_Init
    tim.o(.text.MX_TIM2_Init) refers to main.o(.text.Error_Handler) for Error_Handler
    tim.o(.text.MX_TIM2_Init) refers to stm32f1xx_hal_tim.o(.text.HAL_TIM_ConfigClockSource) for HAL_TIM_ConfigClockSource
    tim.o(.text.MX_TIM2_Init) refers to stm32f1xx_hal_tim_ex.o(.text.HAL_TIMEx_MasterConfigSynchronization) for HAL_TIMEx_MasterConfigSynchronization
[...]
    Removing stm32f1xx_hal_tim.o(.text.HAL_TIM_OC_Stop_IT), (174 bytes).
    Removing stm32f1xx_hal_tim.o(.ARM.exidx.text.HAL_TIM_OC_Stop_IT), (8 bytes).
    Removing stm32f1xx_hal_tim.o(.text.HAL_TIM_OC_Start_DMA), (566 bytes).
    Removing stm32f1xx_hal_tim.o(.ARM.exidx.text.HAL_TIM_OC_Start_DMA), (8 bytes).
    Removing stm32f1xx_hal_tim.o(.text.TIM_DMADelayPulseCplt), (106 bytes).
    Removing stm32f1xx_hal_tim.o(.ARM.exidx.text.TIM_DMADelayPulseCplt), (8 bytes).
    Removing stm32f1xx_hal_tim.o(.text.TIM_DMADelayPulseHalfCplt), (56 bytes).
    Removing stm32f1xx_hal_tim.o(.ARM.exidx.text.TIM_DMADelayPulseHalfCplt), (8 bytes).
    Removing stm32f1xx_hal_tim.o(.text.HAL_TIM_OC_Stop_DMA), (184 bytes).
    Removing stm32f1xx_hal_tim.o(.ARM.exidx.text.HAL_TIM_OC_Stop_DMA), (8 bytes).
    Removing stm32f1xx_hal_tim.o(.text.HAL_TIM_PWM_Init), (250 bytes).
    Removing stm32f1xx_hal_tim.o(.ARM.exidx.text.HAL_TIM_PWM_Init), (8 bytes).
    Removing stm32f1xx_hal_tim.o(.text.HAL_TIM_PWM_MspInit), (2 bytes).
    Removing stm32f1xx_hal_tim.o(.ARM.exidx.text.HAL_TIM_PWM_MspInit), (8 bytes).
    Removing stm32f1xx_hal_tim.o(.text.HAL_TIM_PWM_DeInit), (96 bytes).
    Removing stm32f1xx_hal_tim.o(.ARM.exidx.text.HAL_TIM_PWM_DeInit), (8 bytes).
    Removing stm32f1xx_hal_tim.o(.text.HAL_TIM_PWM_MspDeInit), (2 bytes).
    Removing stm32f1xx_hal_tim.o(.ARM.exidx.text.HAL_TIM_PWM_MspDeInit), (8 bytes).
    Removing stm32f1xx_hal_tim.o(.text.HAL_TIM_PWM_Start), (218 bytes).
    Removing stm32f1xx_hal_tim.o(.ARM.exidx.text.HAL_TIM_PWM_Start), (8 bytes).
    Removing stm32f1xx_hal_tim.o(.text.HAL_TIM_PWM_Stop), (166 bytes).
    Removing stm32f1xx_hal_tim.o(.ARM.exidx.text.HAL_TIM_PWM_Stop), (8 bytes).
    Removing stm32f1xx_hal_tim.o(.text.HAL_TIM_PWM_Start_IT), (282 bytes).
    Removing stm32f1xx_hal_tim.o(.ARM.exidx.text.HAL_TIM_PWM_Start_IT), (8 bytes).
    Removing stm32f1xx_hal_tim.o(.text.HAL_TIM_PWM_Stop_IT), (174 bytes).
    Removing stm32f1xx_hal_tim.o(.ARM.exidx.text.HAL_TIM_PWM_Stop_IT), (8 bytes).
    Removing stm32f1xx_hal_tim.o(.text.HAL_TIM_PWM_Start_DMA), (566 bytes).
    Removing stm32f1xx_hal_tim.o(.ARM.exidx.text.HAL_TIM_PWM_Start_DMA), (8 bytes).
    Removing stm32f1xx_hal_tim.o(.text.HAL_TIM_PWM_Stop_DMA), (184 bytes).
    Removing stm32f1xx_hal_tim.o(.ARM.exidx.text.HAL_TIM_PWM_Stop_DMA), (8 bytes).
    Removing stm32f1xx_hal_tim.o(.text.HAL_TIM_IC_Init), (250 bytes).
    Removing stm32f1xx_hal_tim.o(.ARM.exidx.text.HAL_TIM_IC_Init), (8 bytes).
    Removing stm32f1xx_hal_tim.o(.text.HAL_TIM_IC_MspInit), (2 bytes).
    Removing stm32f1xx_hal_tim.o(.ARM.exidx.text.HAL_TIM_IC_MspInit), (8 bytes).
    Removing stm32f1xx_hal_tim.o(.text.HAL_TIM_IC_DeInit), (96 bytes).
    Removing stm32f1xx_hal_tim.o(.ARM.exidx.text.HAL_TIM_IC_DeInit), (8 bytes).
    Removing stm32f1xx_hal_tim.o(.text.HAL_TIM_IC_MspDeInit), (2 bytes).
    Removing stm32f1xx_hal_tim.o(.ARM.exidx.text.HAL_TIM_IC_MspDeInit), (8 bytes).
    Removing stm32f1xx_hal_tim.o(.text.HAL_TIM_IC_Start), (234 bytes).
    Removing stm32f1xx_hal_tim.o(.ARM.exidx.text.HAL_TIM_IC_Start), (8 bytes).
    Removing stm32f1xx_hal_tim.o(.text.HAL_TIM_IC_Stop), (126 bytes).
    Removing stm32f1xx_hal_tim.o(.ARM.exidx.text.HAL_TIM_IC_Stop), (8 bytes).
    Removing stm32f1xx_hal_tim.o(.text.HAL_TIM_IC_Start_IT), (294 bytes).
    Removing stm32f1xx_hal_tim.o(.ARM.exidx.text.HAL_TIM_IC_Start_IT), (8 bytes).
    Removing stm32f1xx_hal_tim.o(.text.HAL_TIM_IC_Stop_IT), (150 bytes).
    Removing stm32f1xx_hal_tim.o(.ARM.exidx.text.HAL_TIM_IC_Stop_IT), (8 bytes).
    Removing stm32f1xx_hal_tim.o(.text.HAL_TIM_IC_Start_DMA), (526 bytes).
    Removing stm32f1xx_hal_tim.o(.ARM.exidx.text.HAL_TIM_IC_Start_DMA), (8 bytes).
    Removing stm32f1xx_hal_tim.o(.text.TIM_DMACaptureCplt), (118 bytes).
    Removing stm32f1xx_hal_tim.o(.ARM.exidx.text.TIM_DMACaptureCplt), (8 bytes).
    Removing stm32f1xx_hal_tim.o(.text.TIM_DMACaptureHalfCplt), (56 bytes).
    Removing stm32f1xx_hal_tim.o(.ARM.exidx.text.TIM_DMACaptureHalfCplt), (8 bytes).
    Removing stm32f1xx_hal_tim.o(.text.HAL_TIM_IC_Stop_DMA), (162 bytes).
    Removing stm32f1xx_hal_tim.o(.ARM.exidx.text.HAL_TIM_IC_Stop_DMA), (8 bytes).
    Removing stm32f1xx_hal_tim.o(.text.HAL_TIM_OnePulse_Init), (254 bytes).
    Removing stm32f1xx_hal_tim.o(.ARM.exidx.text.HAL_TIM_OnePulse_Init), (8 bytes).
    Removing stm32f1xx_hal_tim.o(.text.HAL_TIM_OnePulse_MspInit), (2 bytes).
    Removing stm32f1xx_hal_tim.o(.ARM.exidx.text.HAL_TIM_OnePulse_MspInit), (8 bytes).
    Removing stm32f1xx_hal_tim.o(.text.HAL_TIM_OnePulse_DeInit), (80 bytes).
    Removing stm32f1xx_hal_tim.o(.ARM.exidx.text.HAL_TIM_OnePulse_DeInit), (8 bytes).
    Removing stm32f1xx_hal_tim.o(.text.HAL_TIM_OnePulse_MspDeInit), (2 bytes).
    Removing stm32f1xx_hal_tim.o(.ARM.exidx.text.HAL_TIM_OnePulse_MspDeInit), (8 bytes).
    Removing stm32f1xx_hal_tim.o(.text.HAL_TIM_OnePulse_Start), (128 bytes).
    Removing stm32f1xx_hal_tim.o(.ARM.exidx.text.HAL_TIM_OnePulse_Start), (8 bytes).
    Removing stm32f1xx_hal_tim.o(.text.HAL_TIM_OnePulse_Stop), (118 bytes).
    Removing stm32f1xx_hal_tim.o(.ARM.exidx.text.HAL_TIM_OnePulse_Stop), (8 bytes).
    Removing stm32f1xx_hal_tim.o(.text.HAL_TIM_OnePulse_Start_IT), (144 bytes).
    Removing stm32f1xx_hal_tim.o(.ARM.exidx.text.HAL_TIM_OnePulse_Start_IT), (8 bytes).
    Removing stm32f1xx_hal_tim.o(.text.HAL_TIM_OnePulse_Stop_IT), (134 bytes).
    Removing stm32f1xx_hal_tim.o(.ARM.exidx.text.HAL_TIM_OnePulse_Stop_IT), (8 bytes).
    Removing stm32f1xx_hal_tim.o(.text.HAL_TIM_Encoder_Init), (346 bytes).
    Removing stm32f1xx_hal_tim.o(.ARM.exidx.text.HAL_TIM_Encoder_Init), (8 bytes).
    Removing stm32f1xx_hal_tim.o(.text.HAL_TIM_Encoder_MspInit), (2 bytes).
    Removing stm32f1xx_hal_tim.o(.ARM.exidx.text.HAL_TIM_Encoder_MspInit), (8 bytes).
    Removing stm32f1xx_hal_tim.o(.text.HAL_TIM_Encoder_DeInit), (80 bytes).
    Removing stm32f1xx_hal_tim.o(.ARM.exidx.text.HAL_TIM_Encoder_DeInit), (8 bytes).
    Removing stm32f1xx_hal_tim.o(.text.HAL_TIM_Encoder_MspDeInit), (2 bytes).
    Removing stm32f1xx_hal_tim.o(.ARM.exidx.text.HAL_TIM_Encoder_MspDeInit), (8 bytes).
    Removing stm32f1xx_hal_tim.o(.text.HAL_TIM_Encoder_Start), (188 bytes).
    Removing stm32f1xx_hal_tim.o(.ARM.exidx.text.HAL_TIM_Encoder_Start), (8 bytes).
    Removing stm32f1xx_hal_tim.o(.text.HAL_TIM_Encoder_Stop), (130 bytes).
    Removing stm32f1xx_hal_tim.o(.ARM.exidx.text.HAL_TIM_Encoder_Stop), (8 bytes).
    Removing stm32f1xx_hal_tim.o(.text.HAL_TIM_Encoder_Start_IT), (230 bytes).
    Removing stm32f1xx_hal_tim.o(.ARM.exidx.text.HAL_TIM_Encoder_Start_IT), (8 bytes).
    Removing stm32f1xx_hal_tim.o(.text.HAL_TIM_Encoder_Stop_IT), (214 bytes).
    Removing stm32f1xx_hal_tim.o(.ARM.exidx.text.HAL_TIM_Encoder_Stop_IT), (8 bytes).
    Removing stm32f1xx_hal_tim.o(.text.HAL_TIM_Encoder_Start_DMA), (552 bytes).
    Removing stm32f1xx_hal_tim.o(.ARM.exidx.text.HAL_TIM_Encoder_Start_DMA), (8 bytes).
    Removing stm32f1xx_hal_tim.o(.text.HAL_TIM_Encoder_Stop_DMA), (230 bytes).
    Removing stm32f1xx_hal_tim.o(.ARM.exidx.text.HAL_TIM_Encoder_Stop_DMA), (8 bytes).
    Removing stm32f1xx_hal_tim.o(.ARM.exidx.text.HAL_TIM_IRQHandler), (8 bytes).
    Removing stm32f1xx_hal_tim.o(.ARM.exidx.text.HAL_TIM_IC_CaptureCallback), (8 bytes).
    Removing stm32f1xx_hal_tim.o(.ARM.exidx.text.HAL_TIM_OC_DelayElapsedCallback), (8 bytes).
    Removing stm32f1xx_hal_tim.o(.ARM.exidx.text.HAL_TIM_PWM_PulseFinishedCallback), (8 bytes).
    Removing stm32f1xx_hal_tim.o(.ARM.exidx.text.HAL_TIM_PeriodElapsedCallback), (8 bytes).
    Removing stm32f1xx_hal_tim.o(.ARM.exidx.text.HAL_TIM_TriggerCallback), (8 bytes).
    Removing stm32f1xx_hal_tim.o(.text.HAL_TIM_OC_ConfigChannel), (420 bytes).
    Removing stm32f1xx_hal_tim.o(.ARM.exidx.text.HAL_TIM_OC_ConfigChannel), (8 bytes).
    Removing stm32f1xx_hal_tim.o(.text.TIM_OC2_SetConfig), (96 bytes).
    Removing stm32f1xx_hal_tim.o(.ARM.exidx.text.TIM_OC2_SetConfig), (8 bytes).
    Removing stm32f1xx_hal_tim.o(.text.HAL_TIM_IC_ConfigChannel), (386 bytes).
    Removing stm32f1xx_hal_tim.o(.ARM.exidx.text.HAL_TIM_IC_ConfigChannel), (8 bytes).
    Removing stm32f1xx_hal_tim.o(.text.TIM_TI1_SetConfig), (114 bytes).
    Removing stm32f1xx_hal_tim.o(.ARM.exidx.text.TIM_TI1_SetConfig), (8 bytes).
    Removing stm32f1xx_hal_tim.o(.text.HAL_TIM_PWM_ConfigChannel), (516 bytes).
    Removing stm32f1xx_hal_tim.o(.ARM.exidx.text.HAL_TIM_PWM_ConfigChannel), (8 bytes).
    Removing stm32f1xx_hal_tim.o(.text.HAL_TIM_OnePulse_ConfigChannel), (478 bytes).
    Removing stm32f1xx_hal_tim.o(.ARM.exidx.text.HAL_TIM_OnePulse_ConfigChannel), (8 bytes).
    Removing stm32f1xx_hal_tim.o(.text.HAL_TIM_DMABurst_WriteStart), (28 bytes).
    Removing stm32f1xx_hal_tim.o(.ARM.exidx.text.HAL_TIM_DMABurst_WriteStart), (8 bytes).
    Removing stm32f1xx_hal_tim.o(.text.HAL_TIM_DMABurst_MultiWriteStart), (644 bytes).
    Removing stm32f1xx_hal_tim.o(.ARM.exidx.text.HAL_TIM_DMABurst_MultiWriteStart), (8 bytes).
    Removing stm32f1xx_hal_tim.o(.text.TIM_DMATriggerCplt), (20 bytes).
    Removing stm32f1xx_hal_tim.o(.ARM.exidx.text.TIM_DMATriggerCplt), (8 bytes).
    Removing stm32f1xx_hal_tim.o(.text.TIM_DMATriggerHalfCplt), (6 bytes).
    Removing stm32f1xx_hal_tim.o(.ARM.exidx.text.TIM_DMATriggerHalfCplt), (8 bytes).
    Removing stm32f1xx_hal_tim.o(.text.HAL_TIM_DMABurst_WriteStop), (118 bytes).
    Removing stm32f1xx_hal_tim.o(.ARM.exidx.text.HAL_TIM_DMABurst_WriteStop), (8 bytes).
    Removing stm32f1xx_hal_tim.o(.text.HAL_TIM_DMABurst_ReadStart), (28 bytes).
    Removing stm32f1xx_hal_tim.o(.ARM.exidx.text.HAL_TIM_DMABurst_ReadStart), (8 bytes).
    Removing stm32f1xx_hal_tim.o(.text.HAL_TIM_DMABurst_MultiReadStart), (628 bytes).
    Removing stm32f1xx_hal_tim.o(.ARM.exidx.text.HAL_TIM_DMABurst_MultiReadStart), (8 bytes).
    Removing stm32f1xx_hal_tim.o(.text.HAL_TIM_DMABurst_ReadStop), (118 bytes).
    Removing stm32f1xx_hal_tim.o(.ARM.exidx.text.HAL_TIM_DMABurst_ReadStop), (8 bytes).
    Removing stm32f1xx_hal_tim.o(.text.HAL_TIM_GenerateEvent), (36 bytes).
    Removing stm32f1xx_hal_tim.o(.ARM.exidx.text.HAL_TIM_GenerateEvent), (8 bytes).
    Removing stm32f1xx_hal_tim.o(.text.HAL_TIM_ConfigOCrefClear), (212 bytes).
    Removing stm32f1xx_hal_tim.o(.ARM.exidx.text.HAL_TIM_ConfigOCrefClear), (8 bytes).
    Removing stm32f1xx_hal_tim.o(.text.TIM_ETR_SetConfig), (22 bytes).
    Removing stm32f1xx_hal_tim.o(.ARM.exidx.text.TIM_ETR_SetConfig), (8 bytes).
    Removing stm32f1xx_hal_tim.o(.ARM.exidx.text.HAL_TIM_ConfigClockSource), (8 bytes).
    Removing stm32f1xx_hal_tim.o(.text.HAL_TIM_ConfigTI1Input), (16 bytes).
    Removing stm32f1xx_hal_tim.o(.ARM.exidx.text.HAL_TIM_ConfigTI1Input), (8 bytes).
    Removing stm32f1xx_hal_tim.o(.text.HAL_TIM_SlaveConfigSynchro), (88 bytes).
    Removing stm32f1xx_hal_tim.o(.ARM.exidx.text.HAL_TIM_SlaveConfigSynchro), (8 bytes).
    Removing stm32f1xx_hal_tim.o(.text.TIM_SlaveTimer_SetConfig), (250 bytes).
    Removing stm32f1xx_hal_tim.o(.ARM.exidx.text.TIM_SlaveTimer_SetConfig), (8 bytes).
    Removing stm32f1xx_hal_tim.o(.text.HAL_TIM_SlaveConfigSynchro_IT), (88 bytes).
    Removing stm32f1xx_hal_tim.o(.ARM.exidx.text.HAL_TIM_SlaveConfigSynchro_IT), (8 bytes).
    Removing stm32f1xx_hal_tim.o(.text.HAL_TIM_ReadCapturedValue), (22 bytes).
    Removing stm32f1xx_hal_tim.o(.ARM.exidx.text.HAL_TIM_ReadCapturedValue), (8 bytes).
    Removing stm32f1xx_hal_tim.o(.text.HAL_TIM_PeriodElapsedHalfCpltCallback), (2 bytes).
    Removing stm32f1xx_hal_tim.o(.ARM.exidx.text.HAL_TIM_PeriodElapsedHalfCpltCallback), (8 bytes).
    Removing stm32f1xx_hal_tim.o(.text.HAL_TIM_IC_CaptureHalfCpltCallback), (2 bytes).
    Removing stm32f1xx_hal_tim.o(.ARM.exidx.text.HAL_TIM_IC_CaptureHalfCpltCallback), (8 bytes).
    Removing stm32f1xx_hal_tim.o(.text.HAL_TIM_PWM_PulseFinishedHalfCpltCallback), (2 bytes).
    Removing stm32f1xx_hal_tim.o(.ARM.exidx.text.HAL_TIM_PWM_PulseFinishedHalfCpltCallback), (8 bytes).
    Removing stm32f1xx_hal_tim.o(.text.HAL_TIM_TriggerHalfCpltCallback), (2 bytes).
    Removing stm32f1xx_hal_tim.o(.ARM.exidx.text.HAL_TIM_TriggerHalfCpltCallback), (8 bytes).
    Removing stm32f1xx_hal_tim.o(.text.HAL_TIM_ErrorCallback), (2 bytes).
    Removing stm32f1xx_hal_tim.o(.ARM.exidx.text.HAL_TIM_ErrorCallback), (8 bytes).
    Removing stm32f1xx_hal_tim.o(.text.HAL_TIM_Base_GetState), (6 bytes).
    Removing stm32f1xx_hal_tim.o(.ARM.exidx.text.HAL_TIM_Base_GetState), (8 bytes).
    Removing stm32f1xx_hal_tim.o(.text.HAL_TIM_OC_GetState), (6 bytes).
    Removing stm32f1xx_hal_tim.o(.ARM.exidx.text.HAL_TIM_OC_GetState), (8 bytes).
    Removing stm32f1xx_hal_tim.o(.text.HAL_TIM_PWM_GetState), (6 bytes).
    Removing stm32f1xx_hal_tim.o(.ARM.exidx.text.HAL_TIM_PWM_GetState), (8 bytes).
    Removing stm32f1xx_hal_tim.o(.text.HAL_TIM_IC_GetState), (6 bytes).
    Removing stm32f1xx_hal_tim.o(.ARM.exidx.text.HAL_TIM_IC_GetState), (8 bytes).
    Removing stm32f1xx_hal_tim.o(.text.HAL_TIM_OnePulse_GetState), (6 bytes).
    Removing stm32f1xx_hal_tim.o(.ARM.exidx.text.HAL_TIM_OnePulse_GetState), (8 bytes).
    Removing stm32f1xx_hal_tim.o(.text.HAL_TIM_Encoder_GetState), (6 bytes).
    Removing stm32f1xx_hal_tim.o(.ARM.exidx.text.HAL_TIM_Encoder_GetState), (8 bytes).
    Removing stm32f1xx_hal_tim.o(.text.HAL_TIM_GetActiveChannel), (4 bytes).
    Removing stm32f1xx_hal_tim.o(.ARM.exidx.text.HAL_TIM_GetActiveChannel), (8 bytes).
    Removing stm32f1xx_hal_tim.o(.text.HAL_TIM_GetChannelState), (34 bytes).
    Removing stm32f1xx_hal_tim.o(.ARM.exidx.text.HAL_TIM_GetChannelState), (8 bytes).
    Removing stm32f1xx_hal_tim.o(.text.HAL_TIM_DMABurstState), (6 bytes).
    Removing stm32f1xx_hal_tim.o(.ARM.exidx.text.HAL_TIM_DMABurstState), (8 bytes).
    Removing stm32f1xx_hal_tim.o(.rodata.cst16), (48 bytes).
    Removing stm32f1xx_hal_tim_ex.o(.text), (0 bytes).
    Removing stm32f1xx_hal_tim_ex.o(.text.HAL_TIMEx_HallSensor_Init), (200 bytes).
    Removing stm32f1xx_hal_tim_ex.o(.ARM.exidx.text.HAL_TIMEx_HallSensor_Init), (8 bytes).
    Removing stm32f1xx_hal_tim_ex.o(.text.HAL_TIMEx_HallSensor_MspInit), (2 bytes).
    Removing stm32f1xx_hal_tim_ex.o(.ARM.exidx.text.HAL_TIMEx_HallSensor_MspInit), (8 bytes).
    Removing stm32f1xx_hal_tim_ex.o(.text.HAL_TIMEx_HallSensor_DeInit), (80 bytes).
    Removing stm32f1xx_hal_tim_ex.o(.ARM.exidx.text.HAL_TIMEx_HallSensor_DeInit), (8 bytes).
    Removing stm32f1xx_hal_tim_ex.o(.text.HAL_TIMEx_HallSensor_MspDeInit), (2 bytes).
    Removing stm32f1xx_hal_tim_ex.o(.ARM.exidx.text.HAL_TIMEx_HallSensor_MspDeInit), (8 bytes).
    Removing stm32f1xx_hal_tim_ex.o(.text.HAL_TIMEx_HallSensor_Start), (162 bytes).
    Removing stm32f1xx_hal_tim_ex.o(.ARM.exidx.text.HAL_TIMEx_HallSensor_Start), (8 bytes).
    Removing stm32f1xx_hal_tim_ex.o(.text.HAL_TIMEx_HallSensor_Stop), (66 bytes).
    Removing stm32f1xx_hal_tim_ex.o(.ARM.exidx.text.HAL_TIMEx_HallSensor_Stop), (8 bytes).
    Removing stm32f1xx_hal_tim_ex.o(.text.HAL_TIMEx_HallSensor_Start_IT), (170 bytes).
    Removing stm32f1xx_hal_tim_ex.o(.ARM.exidx.text.HAL_TIMEx_HallSensor_Start_IT), (8 bytes).
    Removing stm32f1xx_hal_tim_ex.o(.text.HAL_TIMEx_HallSensor_Stop_IT), (74 bytes).
    Removing stm32f1xx_hal_tim_ex.o(.ARM.exidx.text.HAL_TIMEx_HallSensor_Stop_IT), (8 bytes).
    Removing stm32f1xx_hal_tim_ex.o(.text.HAL_TIMEx_HallSensor_Start_DMA), (214 bytes).
    Removing stm32f1xx_hal_tim_ex.o(.ARM.exidx.text.HAL_TIMEx_HallSensor_Start_DMA), (8 bytes).
    Removing stm32f1xx_hal_tim_ex.o(.text.HAL_TIMEx_HallSensor_Stop_DMA), (74 bytes).
    Removing stm32f1xx_hal_tim_ex.o(.ARM.exidx.text.HAL_TIMEx_HallSensor_Stop_DMA), (8 bytes).
    Removing stm32f1xx_hal_tim_ex.o(.text.HAL_TIMEx_OCN_Start), (194 bytes).
    Removing stm32f1xx_hal_tim_ex.o(.ARM.exidx.text.HAL_TIMEx_OCN_Start), (8 bytes).
    Removing stm32f1xx_hal_tim_ex.o(.text.HAL_TIMEx_OCN_Stop), (146 bytes).
    Removing stm32f1xx_hal_tim_ex.o(.ARM.exidx.text.HAL_TIMEx_OCN_Stop), (8 bytes).
    Removing stm32f1xx_hal_tim_ex.o(.text.HAL_TIMEx_OCN_Start_IT), (214 bytes).
    Removing stm32f1xx_hal_tim_ex.o(.ARM.exidx.text.HAL_TIMEx_OCN_Start_IT), (8 bytes).
    Removing stm32f1xx_hal_tim_ex.o(.text.HAL_TIMEx_OCN_Stop_IT), (234 bytes).
    Removing stm32f1xx_hal_tim_ex.o(.ARM.exidx.text.HAL_TIMEx_OCN_Stop_IT), (8 bytes).
    Removing stm32f1xx_hal_tim_ex.o(.text.HAL_TIMEx_OCN_Start_DMA), (462 bytes).
    Removing stm32f1xx_hal_tim_ex.o(.ARM.exidx.text.HAL_TIMEx_OCN_Start_DMA), (8 bytes).
    Removing stm32f1xx_hal_tim_ex.o(.text.TIM_DMADelayPulseNCplt), (82 bytes).
    Removing stm32f1xx_hal_tim_ex.o(.ARM.exidx.text.TIM_DMADelayPulseNCplt), (8 bytes).
    Removing stm32f1xx_hal_tim_ex.o(.text.TIM_DMAErrorCCxN), (70 bytes).
    Removing stm32f1xx_hal_tim_ex.o(.ARM.exidx.text.TIM_DMAErrorCCxN), (8 bytes).
    Removing stm32f1xx_hal_tim_ex.o(.text.HAL_TIMEx_OCN_Stop_DMA), (176 bytes).
    Removing stm32f1xx_hal_tim_ex.o(.ARM.exidx.text.HAL_TIMEx_OCN_Stop_DMA), (8 bytes).
    Removing stm32f1xx_hal_tim_ex.o(.text.HAL_TIMEx_PWMN_Start), (194 bytes).
    Removing stm32f1xx_hal_tim_ex.o(.ARM.exidx.text.HAL_TIMEx_PWMN_Start), (8 bytes).
    Removing stm32f1xx_hal_tim_ex.o(.text.HAL_TIMEx_PWMN_Stop), (146 bytes).
    Removing stm32f1xx_hal_tim_ex.o(.ARM.exidx.text.HAL_TIMEx_PWMN_Stop), (8 bytes).
    Removing stm32f1xx_hal_tim_ex.o(.text.HAL_TIMEx_PWMN_Start_IT), (214 bytes).
    Removing stm32f1xx_hal_tim_ex.o(.ARM.exidx.text.HAL_TIMEx_PWMN_Start_IT), (8 bytes).
    Removing stm32f1xx_hal_tim_ex.o(.text.HAL_TIMEx_PWMN_Stop_IT), (234 bytes).
    Removing stm32f1xx_hal_tim_ex.o(.ARM.exidx.text.HAL_TIMEx_PWMN_Stop_IT), (8 bytes).
    Removing stm32f1xx_hal_tim_ex.o(.text.HAL_TIMEx_PWMN_Start_DMA), (462 bytes).
    Removing stm32f1xx_hal_tim_ex.o(.ARM.exidx.text.HAL_TIMEx_PWMN_Start_DMA), (8 bytes).
    Removing stm32f1xx_hal_tim_ex.o(.text.HAL_TIMEx_PWMN_Stop_DMA), (176 bytes).
    Removing stm32f1xx_hal_tim_ex.o(.ARM.exidx.text.HAL_TIMEx_PWMN_Stop_DMA), (8 bytes).
    Removing stm32f1xx_hal_tim_ex.o(.text.HAL_TIMEx_OnePulseN_Start), (126 bytes).
    Removing stm32f1xx_hal_tim_ex.o(.ARM.exidx.text.HAL_TIMEx_OnePulseN_Start), (8 bytes).
    Removing stm32f1xx_hal_tim_ex.o(.text.HAL_TIMEx_OnePulseN_Stop), (128 bytes).
    Removing stm32f1xx_hal_tim_ex.o(.ARM.exidx.text.HAL_TIMEx_OnePulseN_Stop), (8 bytes).
    Removing stm32f1xx_hal_tim_ex.o(.text.HAL_TIMEx_OnePulseN_Start_IT), (142 bytes).
    Removing stm32f1xx_hal_tim_ex.o(.ARM.exidx.text.HAL_TIMEx_OnePulseN_Start_IT), (8 bytes).
    Removing stm32f1xx_hal_tim_ex.o(.text.HAL_TIMEx_OnePulseN_Stop_IT), (144 bytes).
    Removing stm32f1xx_hal_tim_ex.o(.ARM.exidx.text.HAL_TIMEx_OnePulseN_Stop_IT), (8 bytes).
    Removing stm32f1xx_hal_tim_ex.o(.text.HAL_TIMEx_ConfigCommutEvent), (118 bytes).
    Removing stm32f1xx_hal_tim_ex.o(.ARM.exidx.text.HAL_TIMEx_ConfigCommutEvent), (8 bytes).
    Removing stm32f1xx_hal_tim_ex.o(.text.HAL_TIMEx_ConfigCommutEvent_IT), (118 bytes).
    Removing stm32f1xx_hal_tim_ex.o(.ARM.exidx.text.HAL_TIMEx_ConfigCommutEvent_IT), (8 bytes).
    Removing stm32f1xx_hal_tim_ex.o(.text.HAL_TIMEx_ConfigCommutEvent_DMA), (154 bytes).
    Removing stm32f1xx_hal_tim_ex.o(.ARM.exidx.text.HAL_TIMEx_ConfigCommutEvent_DMA), (8 bytes).
    Removing stm32f1xx_hal_tim_ex.o(.text.TIMEx_DMACommutationCplt), (12 bytes).
    Removing stm32f1xx_hal_tim_ex.o(.ARM.exidx.text.TIMEx_DMACommutationCplt), (8 bytes).
    Removing stm32f1xx_hal_tim_ex.o(.text.TIMEx_DMACommutationHalfCplt), (12 bytes).
    Removing stm32f1xx_hal_tim_ex.o(.ARM.exidx.text.TIMEx_DMACommutationHalfCplt), (8 bytes).
    Removing stm32f1xx_hal_tim_ex.o(.ARM.exidx.text.HAL_TIMEx_MasterConfigSynchronization), (8 bytes).
    Removing stm32f1xx_hal_tim_ex.o(.text.HAL_TIMEx_ConfigBreakDeadTime), (76 bytes).
    Removing stm32f1xx_hal_tim_ex.o(.ARM.exidx.text.HAL_TIMEx_ConfigBreakDeadTime), (8 bytes).
    Removing stm32f1xx_hal_tim_ex.o(.text.HAL_TIMEx_RemapConfig), (4 bytes).
    Removing stm32f1xx_hal_tim_ex.o(.ARM.exidx.text.HAL_TIMEx_RemapConfig), (8 bytes).
    Removing stm32f1xx_hal_tim_ex.o(.ARM.exidx.text.HAL_TIMEx_CommutCallback), (8 bytes).
    Removing stm32f1xx_hal_tim_ex.o(.text.HAL_TIMEx_CommutHalfCpltCallback), (2 bytes).
    Removing stm32f1xx_hal_tim_ex.o(.ARM.exidx.text.HAL_TIMEx_CommutHalfCpltCallback), (8 bytes).
    Removing stm32f1xx_hal_tim_ex.o(.ARM.exidx.text.HAL_TIMEx_BreakCallback), (8 bytes).
    Removing stm32f1xx_hal_tim_ex.o(.text.HAL_TIMEx_HallSensor_GetState), (6 bytes).
    Removing stm32f1xx_hal_tim_ex.o(.ARM.exidx.text.HAL_TIMEx_HallSensor_GetState), (8 bytes).
    Removing stm32f1xx_hal_tim_ex.o(.text.HAL_TIMEx_GetChannelNState), (34 bytes).
    Removing stm32f1xx_hal_tim_ex.o(.ARM.exidx.text.HAL_TIMEx_GetChannelNState), (8 bytes).
    Removing system_stm32f1xx.o(.text), (0 bytes).
    Removing system_stm32f1xx.o(.ARM.exidx.text.SystemInit), (8 bytes).
    Removing system_stm32f1xx.o(.text.SystemCoreClockUpdate), (92 bytes).
    Removing system_stm32f1xx.o(.ARM.exidx.text.SystemCoreClockUpdate), (8 bytes).
    Removing delay.o(.text), (0 bytes).
    Removing delay.o(.text.Delay_us), (56 bytes).
    Removing delay.o(.ARM.exidx.text.Delay_us), (8 bytes).
    Removing delay.o(.text.Delay_ms), (372 bytes).
    Removing delay.o(.ARM.exidx.text.Delay_ms), (8 bytes).
    Removing delay.o(.text.Delay_s), (258 bytes).
    Removing delay.o(.ARM.exidx.text.Delay_s), (8 bytes).
    Removing key.o(.text), (0 bytes).
    Removing key.o(.ARM.exidx.text.Key_Init), (8 bytes).
    Removing key.o(.ARM.exidx.text.Key_GetNum), (8 bytes).
    Removing key.o(.text.Key_GetState), (94 bytes).
    Removing key.o(.ARM.exidx.text.Key_GetState), (8 bytes).
    Removing key.o(.ARM.exidx.text.Key_Kick), (8 bytes).
    Removing oled.o(.text), (0 bytes).
    Removing oled.o(.text.OLED_W_SCL), (18 bytes).
    Removing oled.o(.ARM.exidx.text.OLED_W_SCL), (8 bytes).
    Removing oled.o(.text.OLED_W_SDA), (18 bytes).
    Removing oled.o(.ARM.exidx.text.OLED_W_SDA), (8 bytes).
    Removing oled.o(.text.OLED_GPIO_Init), (88 bytes).
    Removing oled.o(.ARM.exidx.text.OLED_GPIO_Init), (8 bytes).
    Removing oled.o(.text.OLED_I2C_Start), (62 bytes).
    Removing oled.o(.ARM.exidx.text.OLED_I2C_Start), (8 bytes).
    Removing oled.o(.text.OLED_I2C_Stop), (50 bytes).
    Removing oled.o(.ARM.exidx.text.OLED_I2C_Stop), (8 bytes).
    Removing oled.o(.ARM.exidx.text.OLED_I2C_SendByte), (8 bytes).
    Removing oled.o(.ARM.exidx.text.OLED_WriteCommand), (8 bytes).
    Removing oled.o(.ARM.exidx.text.OLED_WriteData), (8 bytes).
    Removing oled.o(.ARM.exidx.text.OLED_Init), (8 bytes).
    Removing oled.o(.ARM.exidx.text.OLED_Clear), (8 bytes).
    Removing oled.o(.ARM.exidx.text.OLED_Update), (8 bytes).
    Removing oled.o(.text.OLED_SetCursor), (32 bytes).
    Removing oled.o(.ARM.exidx.text.OLED_SetCursor), (8 bytes).
    Removing oled.o(.text.OLED_Pow), (74 bytes).
    Removing oled.o(.ARM.exidx.text.OLED_Pow), (8 bytes).
    Removing oled.o(.text.OLED_pnpoly), (128 bytes).
    Removing oled.o(.ARM.exidx.text.OLED_pnpoly), (8 bytes).
    Removing oled.o(.text.OLED_IsInAngle), (126 bytes).
    Removing oled.o(.ARM.exidx.text.OLED_IsInAngle), (8 bytes).
    Removing oled.o(.ARM.exidx.text.OLED_UpdateArea), (8 bytes).
    Removing oled.o(.text.OLED_ClearArea), (234 bytes).
    Removing oled.o(.ARM.exidx.text.OLED_ClearArea), (8 bytes).
    Removing oled.o(.text.OLED_Reverse), (1358 bytes).
    Removing oled.o(.ARM.exidx.text.OLED_Reverse), (8 bytes).
    Removing oled.o(.ARM.exidx.text.OLED_ReverseArea), (8 bytes).
    Removing oled.o(.text.OLED_ShowChar), (80 bytes).
    Removing oled.o(.ARM.exidx.text.OLED_ShowChar), (8 bytes).
    Removing oled.o(.ARM.exidx.text.OLED_ShowImage), (8 bytes).
    Removing oled.o(.ARM.exidx.text.OLED_ShowString), (8 bytes).
    Removing oled.o(.text.OLED_ShowNum), (410 bytes).
    Removing oled.o(.ARM.exidx.text.OLED_ShowNum), (8 bytes).
    Removing oled.o(.text.OLED_ShowSignedNum), (538 bytes).
    Removing oled.o(.ARM.exidx.text.OLED_ShowSignedNum), (8 bytes).
    Removing oled.o(.text.OLED_ShowHexNum), (266 bytes).
    Removing oled.o(.ARM.exidx.text.OLED_ShowHexNum), (8 bytes).
    Removing oled.o(.text.OLED_ShowBinNum), (328 bytes).
    Removing oled.o(.ARM.exidx.text.OLED_ShowBinNum), (8 bytes).
    Removing oled.o(.text.OLED_ShowFloatNum), (432 bytes).
    Removing oled.o(.ARM.exidx.text.OLED_ShowFloatNum), (8 bytes).
    Removing oled.o(.ARM.exidx.text.OLED_Printf), (8 bytes).
    Removing oled.o(.text.OLED_DrawPoint), (50 bytes).
    Removing oled.o(.ARM.exidx.text.OLED_DrawPoint), (8 bytes).
    Removing oled.o(.text.OLED_GetPoint), (50 bytes).
    Removing oled.o(.ARM.exidx.text.OLED_GetPoint), (8 bytes).
    Removing oled.o(.ARM.exidx.text.OLED_DrawLine), (8 bytes).
    Removing oled.o(.text.OLED_DrawRectangle), (524 bytes).
    Removing oled.o(.ARM.exidx.text.OLED_DrawRectangle), (8 bytes).
    Removing oled.o(.text.OLED_DrawTriangle), (520 bytes).
    Removing oled.o(.ARM.exidx.text.OLED_DrawTriangle), (8 bytes).
    Removing oled.o(.text.OLED_DrawCircle), (2434 bytes).
    Removing oled.o(.ARM.exidx.text.OLED_DrawCircle), (8 bytes).
    Removing oled.o(.text.OLED_DrawEllipse), (2554 bytes).
    Removing oled.o(.ARM.exidx.text.OLED_DrawEllipse), (8 bytes).
    Removing oled.o(.text.OLED_DrawArc), (2586 bytes).
    Removing oled.o(.ARM.exidx.text.OLED_DrawArc), (8 bytes).
    Removing oled.o(.ARM.exidx.text.OLED_Animation), (8 bytes).
    Removing oled.o(.ARM.exidx.text.OLED_AnimUpdate), (8 bytes).
    Removing oled_data.o(.text), (0 bytes).
    Removing oled_data.o(.rodata.Diode), (32 bytes).
    Removing menu.o(.text), (0 bytes).
    Removing menu.o(.ARM.exidx.text.Menu1), (8 bytes).
    Removing menu.o(.ARM.exidx.text.Menu2_Clock), (8 bytes).
    Removing menu.o(.ARM.exidx.text.Menu2_Setting), (8 bytes).
    Removing menu.o(.ARM.exidx.text.Menu3_Timer_Setting), (8 bytes).
    Removing menu.o(.ARM.exidx.text.Menu2_Timer), (8 bytes).
    Removing fadd.o(.text), (176 bytes).
    Removing fcmpgt.o(.text), (28 bytes).
    Removing dcmple.o(.text), (54 bytes).
    Removing dcmplt.o(.text), (54 bytes).
    Removing dcmpgt.o(.text), (54 bytes).
    Removing fflti.o(.text), (18 bytes).
    Removing dflti.o(.text), (34 bytes).
    Removing dfltui.o(.text), (26 bytes).
    Removing dfixi.o(.text), (62 bytes).
    Removing dfixui.o(.text), (50 bytes).
    Removing d2f.o(.text), (56 bytes).
    Removing fepilogue.o(.text), (110 bytes).
    Removing drnd.o(.text), (136 bytes).
    Removing cdcmple.o(.text), (48 bytes).
    Removing dscalb.o(.text), (46 bytes).

748 unused section(s) (total 50942 bytes) removed from the image.

==============================================================================

Image Symbol Table

    Local Symbols

    Symbol Name                              Value     Ov Type        Size  Object(Section)

    ../clib/division.s                       0x00000000   Number         0  aeabi_sdiv.o ABSOLUTE
    ../clib/microlib/division.c              0x00000000   Number         0  uidiv.o ABSOLUTE
    ../clib/microlib/division.c              0x00000000   Number         0  uldiv.o ABSOLUTE
    ../clib/microlib/errno.c                 0x00000000   Number         0  errno.o ABSOLUTE
    ../clib/microlib/init/entry.s            0x00000000   Number         0  entry.o ABSOLUTE
    ../clib/microlib/init/entry.s            0x00000000   Number         0  entry2.o ABSOLUTE
    ../clib/microlib/init/entry.s            0x00000000   Number         0  entry5.o ABSOLUTE
    ../clib/microlib/init/entry.s            0x00000000   Number         0  entry7a.o ABSOLUTE
    ../clib/microlib/init/entry.s            0x00000000   Number         0  entry7b.o ABSOLUTE
    ../clib/microlib/init/entry.s            0x00000000   Number         0  entry8a.o ABSOLUTE
    ../clib/microlib/init/entry.s            0x00000000   Number         0  entry8b.o ABSOLUTE
    ../clib/microlib/init/entry.s            0x00000000   Number         0  entry9a.o ABSOLUTE
    ../clib/microlib/init/entry.s            0x00000000   Number         0  entry9b.o ABSOLUTE
    ../clib/microlib/init/entry.s            0x00000000   Number         0  entry10a.o ABSOLUTE
    ../clib/microlib/init/entry.s            0x00000000   Number         0  entry10b.o ABSOLUTE
    ../clib/microlib/init/entry.s            0x00000000   Number         0  entry11a.o ABSOLUTE
    ../clib/microlib/init/entry.s            0x00000000   Number         0  entry11b.o ABSOLUTE
    ../clib/microlib/longlong.c              0x00000000   Number         0  llshl.o ABSOLUTE
    ../clib/microlib/longlong.c              0x00000000   Number         0  llushr.o ABSOLUTE
    ../clib/microlib/longlong.c              0x00000000   Number         0  llsshr.o ABSOLUTE
    ../clib/microlib/printf/printf.c         0x00000000   Number         0  printfa.o ABSOLUTE
    ../clib/microlib/stdio/fputc.c           0x00000000   Number         0  fputc.o ABSOLUTE
    ../clib/microlib/stdio/fputc.c           0x00000000   Number         0  fputc_h.o ABSOLUTE
    ../clib/microlib/stdio/semi.s            0x00000000   Number         0  semi.o ABSOLUTE
    ../clib/microlib/stdio/streams.c         0x00000000   Number         0  stdout.o ABSOLUTE
    ../clib/microlib/string/memset.c         0x00000000   Number         0  memseta.o ABSOLUTE
    ../clib/microlib/string/strcmp.c         0x00000000   Number         0  strcmp.o ABSOLUTE
    ../clib/microlib/stubs.s                 0x00000000   Number         0  iusefp.o ABSOLUTE
    ../clib/microlib/stubs.s                 0x00000000   Number         0  iusesemip.o ABSOLUTE
    ../fplib/microlib/d2f.c                  0x00000000   Number         0  d2f.o ABSOLUTE
    ../fplib/microlib/fpadd.c                0x00000000   Number         0  fadd.o ABSOLUTE
    ../fplib/microlib/fpadd.c                0x00000000   Number         0  dadd.o ABSOLUTE
    ../fplib/microlib/fpcmp.c                0x00000000   Number         0  fcmpgt.o ABSOLUTE
    ../fplib/microlib/fpcmp.c                0x00000000   Number         0  dcmple.o ABSOLUTE
    ../fplib/microlib/fpcmp.c                0x00000000   Number         0  dcmplt.o ABSOLUTE
    ../fplib/microlib/fpcmp.c                0x00000000   Number         0  dcmpgt.o ABSOLUTE
    ../fplib/microlib/fpdiv.c                0x00000000   Number         0  ddiv.o ABSOLUTE
    ../fplib/microlib/fpepilogue.c           0x00000000   Number         0  fepilogue.o ABSOLUTE
    ../fplib/microlib/fpepilogue.c           0x00000000   Number         0  depilogue.o ABSOLUTE
    ../fplib/microlib/fpfix.c                0x00000000   Number         0  dfixi.o ABSOLUTE
    ../fplib/microlib/fpfix.c                0x00000000   Number         0  dfixui.o ABSOLUTE
    ../fplib/microlib/fpfix.c                0x00000000   Number         0  dfixul.o ABSOLUTE
    ../fplib/microlib/fpflt.c                0x00000000   Number         0  fflti.o ABSOLUTE
    ../fplib/microlib/fpflt.c                0x00000000   Number         0  dflti.o ABSOLUTE
    ../fplib/microlib/fpflt.c                0x00000000   Number         0  dfltui.o ABSOLUTE
    ../fplib/microlib/fpmul.c                0x00000000   Number         0  dmul.o ABSOLUTE
    ../fplib/microlib/fprnd.c                0x00000000   Number         0  drnd.o ABSOLUTE
    ../fplib/microlib/fpscalb.c              0x00000000   Number         0  dscalb.o ABSOLUTE
    ../mathlib/atan.c                        0x00000000   Number         0  atan.o ABSOLUTE
    ../mathlib/atan2.c                       0x00000000   Number         0  atan2.o ABSOLUTE
    ../mathlib/dunder.c                      0x00000000   Number         0  dunder.o ABSOLUTE
    ../mathlib/fpclassify.c                  0x00000000   Number         0  fpclassify.o ABSOLUTE
    ../mathlib/poly.c                        0x00000000   Number         0  poly.o ABSOLUTE
    ../mathlib/qnan.c                        0x00000000   Number         0  qnan.o ABSOLUTE
    ../mathlib/round.c                       0x00000000   Number         0  round.o ABSOLUTE
    Delay.c                                  0x00000000   Number         0  delay.o ABSOLUTE
    Menu.c                                   0x00000000   Number         0  menu.o ABSOLUTE
    OLED.c                                   0x00000000   Number         0  oled.o ABSOLUTE
    OLED_Data.c                              0x00000000   Number         0  oled_data.o ABSOLUTE
    cdcmple.s                                0x00000000   Number         0  cdcmple.o ABSOLUTE
    cdrcmple.s                               0x00000000   Number         0  cdrcmple.o ABSOLUTE
    dc.s                                     0x00000000   Number         0  dc.o ABSOLUTE
    gpio.c                                   0x00000000   Number         0  gpio.o ABSOLUTE
    handlers.s                               0x00000000   Number         0  handlers.o ABSOLUTE
    init.s                                   0x00000000   Number         0  init.o ABSOLUTE
    key.c                                    0x00000000   Number         0  key.o ABSOLUTE
    main.c                                   0x00000000   Number         0  main.o ABSOLUTE
    rtc.c                                    0x00000000   Number         0  rtc.o ABSOLUTE
    startup_stm32f103xb.s                    0x00000000   Number         0  startup_stm32f103xb.o ABSOLUTE
    stm32f1xx_hal.c                          0x00000000   Number         0  stm32f1xx_hal.o ABSOLUTE
    stm32f1xx_hal_cortex.c                   0x00000000   Number         0  stm32f1xx_hal_cortex.o ABSOLUTE
    stm32f1xx_hal_dma.c                      0x00000000   Number         0  stm32f1xx_hal_dma.o ABSOLUTE
    stm32f1xx_hal_exti.c                     0x00000000   Number         0  stm32f1xx_hal_exti.o ABSOLUTE
    stm32f1xx_hal_flash.c                    0x00000000   Number         0  stm32f1xx_hal_flash.o ABSOLUTE
    stm32f1xx_hal_flash_ex.c                 0x00000000   Number         0  stm32f1xx_hal_flash_ex.o ABSOLUTE
    stm32f1xx_hal_gpio.c                     0x00000000   Number         0  stm32f1xx_hal_gpio.o ABSOLUTE
    stm32f1xx_hal_gpio_ex.c                  0x00000000   Number         0  stm32f1xx_hal_gpio_ex.o ABSOLUTE
    stm32f1xx_hal_msp.c                      0x00000000   Number         0  stm32f1xx_hal_msp.o ABSOLUTE
    stm32f1xx_hal_pwr.c                      0x00000000   Number         0  stm32f1xx_hal_pwr.o ABSOLUTE
    stm32f1xx_hal_rcc.c                      0x00000000   Number         0  stm32f1xx_hal_rcc.o ABSOLUTE
    stm32f1xx_hal_rcc_ex.c                   0x00000000   Number         0  stm32f1xx_hal_rcc_ex.o ABSOLUTE
    stm32f1xx_hal_rtc.c                      0x00000000   Number         0  stm32f1xx_hal_rtc.o ABSOLUTE
    stm32f1xx_hal_rtc_ex.c                   0x00000000   Number         0  stm32f1xx_hal_rtc_ex.o ABSOLUTE
    stm32f1xx_hal_tim.c                      0x00000000   Number         0  stm32f1xx_hal_tim.o ABSOLUTE
    stm32f1xx_hal_tim_ex.c                   0x00000000   Number         0  stm32f1xx_hal_tim_ex.o ABSOLUTE
    stm32f1xx_it.c                           0x00000000   Number         0  stm32f1xx_it.o ABSOLUTE
    system_stm32f1xx.c                       0x00000000   Number         0  system_stm32f1xx.o ABSOLUTE
    tim.c                                    0x00000000   Number         0  tim.o ABSOLUTE
    RESET                                    0x08000000   Section      236  startup_stm32f103xb.o(RESET)
    .ARM.Collect$$$$00000000                 0x080000ec   Section        0  entry.o(.ARM.Collect$$$$00000000)
    .ARM.Collect$$$$00000001                 0x080000ec   Section        4  entry2.o(.ARM.Collect$$$$00000001)
    .ARM.Collect$$$$00000004                 0x080000f0   Section        4  entry5.o(.ARM.Collect$$$$00000004)
    .ARM.Collect$$$$00000008                 0x080000f4   Section        0  entry7b.o(.ARM.Collect$$$$00000008)
    .ARM.Collect$$$$0000000A                 0x080000f4   Section        0  entry8b.o(.ARM.Collect$$$$0000000A)
    .ARM.Collect$$$$0000000B                 0x080000f4   Section        8  entry9a.o(.ARM.Collect$$$$0000000B)
    __lit__00000000                          0x080000fc   Data           4  entry2.o(.ARM.Collect$$$$00002712)
    .ARM.Collect$$$$0000000D                 0x080000fc   Section        0  entry10a.o(.ARM.Collect$$$$0000000D)
    .ARM.Collect$$$$0000000F                 0x080000fc   Section        0  entry11a.o(.ARM.Collect$$$$0000000F)
    .ARM.Collect$$$$00002712                 0x080000fc   Section        4  entry2.o(.ARM.Collect$$$$00002712)
    .text                                    0x08000100   Section       36  startup_stm32f103xb.o(.text)
    .text                                    0x08000124   Section        0  memseta.o(.text)
    .text                                    0x08000148   Section        0  strcmp.o(.text)
    .text                                    0x08000164   Section        0  dadd.o(.text)
    .text                                    0x080002b2   Section        0  dmul.o(.text)
    .text                                    0x08000396   Section        0  ddiv.o(.text)
    .text                                    0x08000474   Section        0  uidiv.o(.text)
    .text                                    0x080004a0   Section        0  uldiv.o(.text)
    .text                                    0x08000502   Section        0  llshl.o(.text)
    .text                                    0x08000520   Section        0  llushr.o(.text)
    .text                                    0x08000540   Section        0  llsshr.o(.text)
    .text                                    0x08000564   Section        0  iusefp.o(.text)
    .text                                    0x08000564   Section        0  depilogue.o(.text)
    .text                                    0x0800061e   Section        0  dfixul.o(.text)
    .text                                    0x08000650   Section       48  cdrcmple.o(.text)
    .text                                    0x08000680   Section       48  init.o(.text)
    [Anonymous Symbol]                       0x080006b0   Section        0  stm32f1xx_it.o(.text.BusFault_Handler)
    [Anonymous Symbol]                       0x080006b4   Section        0  stm32f1xx_it.o(.text.DebugMon_Handler)
    [Anonymous Symbol]                       0x080006b8   Section        0  main.o(.text.Error_Handler)
    [Anonymous Symbol]                       0x080006c4   Section        0  stm32f1xx_hal_gpio.o(.text.HAL_GPIO_Init)
    [Anonymous Symbol]                       0x080008d4   Section        0  stm32f1xx_hal_gpio.o(.text.HAL_GPIO_ReadPin)
    [Anonymous Symbol]                       0x080008e0   Section        0  stm32f1xx_hal_gpio.o(.text.HAL_GPIO_WritePin)
    [Anonymous Symbol]                       0x080008ec   Section        0  stm32f1xx_hal.o(.text.HAL_GetTick)
    [Anonymous Symbol]                       0x080008f8   Section        0  stm32f1xx_hal.o(.text.HAL_IncTick)
    [Anonymous Symbol]                       0x08000914   Section        0  stm32f1xx_hal.o(.text.HAL_Init)
    [Anonymous Symbol]                       0x0800093c   Section        0  stm32f1xx_hal.o(.text.HAL_InitTick)
    [Anonymous Symbol]                       0x08000984   Section        0  stm32f1xx_hal_msp.o(.text.HAL_MspInit)
    [Anonymous Symbol]                       0x080009c8   Section        0  stm32f1xx_hal_cortex.o(.text.HAL_NVIC_EnableIRQ)
    [Anonymous Symbol]                       0x080009ec   Section        0  stm32f1xx_hal_cortex.o(.text.HAL_NVIC_SetPriority)
    [Anonymous Symbol]                       0x08000a44   Section        0  stm32f1xx_hal_cortex.o(.text.HAL_NVIC_SetPriorityGrouping)
    [Anonymous Symbol]                       0x08000a64   Section        0  stm32f1xx_hal_pwr.o(.text.HAL_PWR_EnableBkUpAccess)
    [Anonymous Symbol]                       0x08000a70   Section        0  stm32f1xx_hal_rcc_ex.o(.text.HAL_RCCEx_GetPeriphCLKFreq)
    HAL_RCCEx_GetPeriphCLKFreq.aPLLMULFactorTable 0x08000b54   Number         0  stm32f1xx_hal_rcc_ex.o(.text.HAL_RCCEx_GetPeriphCLKFreq)
    HAL_RCCEx_GetPeriphCLKFreq.aPredivFactorTable 0x08000b64   Number         0  stm32f1xx_hal_rcc_ex.o(.text.HAL_RCCEx_GetPeriphCLKFreq)
    [Anonymous Symbol]                       0x08000b68   Section        0  stm32f1xx_hal_rcc_ex.o(.text.HAL_RCCEx_PeriphCLKConfig)
    [Anonymous Symbol]                       0x08000c6c   Section        0  stm32f1xx_hal_rcc.o(.text.HAL_RCC_ClockConfig)
    [Anonymous Symbol]                       0x08000e28   Section        0  stm32f1xx_hal_rcc.o(.text.HAL_RCC_GetPCLK2Freq)
    [Anonymous Symbol]                       0x08000e50   Section        0  stm32f1xx_hal_rcc.o(.text.HAL_RCC_OscConfig)
    [Anonymous Symbol]                       0x08001250   Section        0  stm32f1xx_hal_rtc.o(.text.HAL_RTC_Init)
    [Anonymous Symbol]                       0x08001340   Section        0  rtc.o(.text.HAL_RTC_MspInit)
    [Anonymous Symbol]                       0x08001388   Section        0  stm32f1xx_hal_cortex.o(.text.HAL_SYSTICK_Config)
    [Anonymous Symbol]                       0x080013b4   Section        0  stm32f1xx_hal_tim_ex.o(.text.HAL_TIMEx_BreakCallback)
    [Anonymous Symbol]                       0x080013b8   Section        0  stm32f1xx_hal_tim_ex.o(.text.HAL_TIMEx_CommutCallback)
    [Anonymous Symbol]                       0x080013bc   Section        0  stm32f1xx_hal_tim_ex.o(.text.HAL_TIMEx_MasterConfigSynchronization)
    [Anonymous Symbol]                       0x0800143c   Section        0  stm32f1xx_hal_tim.o(.text.HAL_TIM_Base_Init)
    [Anonymous Symbol]                       0x08001538   Section        0  tim.o(.text.HAL_TIM_Base_MspInit)
    [Anonymous Symbol]                       0x08001578   Section        0  stm32f1xx_hal_tim.o(.text.HAL_TIM_Base_Start_IT)
    [Anonymous Symbol]                       0x080015e8   Section        0  stm32f1xx_hal_tim.o(.text.HAL_TIM_ConfigClockSource)
    [Anonymous Symbol]                       0x08001788   Section        0  stm32f1xx_hal_tim.o(.text.HAL_TIM_IC_CaptureCallback)
    [Anonymous Symbol]                       0x0800178c   Section        0  stm32f1xx_hal_tim.o(.text.HAL_TIM_IRQHandler)
    [Anonymous Symbol]                       0x080018dc   Section        0  stm32f1xx_hal_tim.o(.text.HAL_TIM_OC_DelayElapsedCallback)
    [Anonymous Symbol]                       0x080018e0   Section        0  stm32f1xx_hal_tim.o(.text.HAL_TIM_PWM_PulseFinishedCallback)
    [Anonymous Symbol]                       0x080018e4   Section        0  stm32f1xx_hal_tim.o(.text.HAL_TIM_PeriodElapsedCallback)
    [Anonymous Symbol]                       0x080018e8   Section        0  stm32f1xx_hal_tim.o(.text.HAL_TIM_TriggerCallback)
    [Anonymous Symbol]                       0x080018ec   Section        0  stm32f1xx_it.o(.text.HardFault_Handler)
    [Anonymous Symbol]                       0x080018f0   Section        0  key.o(.text.Key_GetNum)
    [Anonymous Symbol]                       0x08001904   Section        0  key.o(.text.Key_Init)
    [Anonymous Symbol]                       0x08001944   Section        0  key.o(.text.Key_Kick)
    [Anonymous Symbol]                       0x080019cc   Section        0  gpio.o(.text.MX_GPIO_Init)
    [Anonymous Symbol]                       0x08001a5c   Section        0  rtc.o(.text.MX_RTC_Init)
    [Anonymous Symbol]                       0x08001a8c   Section        0  tim.o(.text.MX_TIM2_Init)
    [Anonymous Symbol]                       0x08001afc   Section        0  stm32f1xx_it.o(.text.MemManage_Handler)
    [Anonymous Symbol]                       0x08001b00   Section        0  menu.o(.text.Menu1)
    [Anonymous Symbol]                       0x08001c9c   Section        0  menu.o(.text.Menu2_Clock)
    [Anonymous Symbol]                       0x08001ea0   Section        0  menu.o(.text.Menu2_Setting)
    [Anonymous Symbol]                       0x08002018   Section        0  menu.o(.text.Menu2_Timer)
    [Anonymous Symbol]                       0x080022c4   Section        0  menu.o(.text.Menu3_Timer_Setting)
    [Anonymous Symbol]                       0x0800284c   Section        0  stm32f1xx_it.o(.text.NMI_Handler)
    [Anonymous Symbol]                       0x08002850   Section        0  oled.o(.text.OLED_AnimUpdate)
    [Anonymous Symbol]                       0x08002860   Section        0  oled.o(.text.OLED_Animation)
    [Anonymous Symbol]                       0x08002f38   Section        0  oled.o(.text.OLED_Clear)
    [Anonymous Symbol]                       0x08002f4c   Section        0  oled.o(.text.OLED_DrawLine)
    [Anonymous Symbol]                       0x080039e0   Section        0  oled.o(.text.OLED_I2C_SendByte)
    [Anonymous Symbol]                       0x08003b38   Section        0  oled.o(.text.OLED_Init)
    [Anonymous Symbol]                       0x08003c30   Section        0  oled.o(.text.OLED_Printf)
    [Anonymous Symbol]                       0x08003c58   Section        0  oled.o(.text.OLED_ReverseArea)
    [Anonymous Symbol]                       0x08003d40   Section        0  oled.o(.text.OLED_ShowImage)
    [Anonymous Symbol]                       0x08004338   Section        0  oled.o(.text.OLED_ShowString)
    [Anonymous Symbol]                       0x08004518   Section        0  oled.o(.text.OLED_Update)
    [Anonymous Symbol]                       0x08004604   Section        0  oled.o(.text.OLED_UpdateArea)
    [Anonymous Symbol]                       0x080046b4   Section        0  oled.o(.text.OLED_WriteCommand)
    [Anonymous Symbol]                       0x0800472c   Section        0  oled.o(.text.OLED_WriteData)
    [Anonymous Symbol]                       0x080047b0   Section        0  stm32f1xx_it.o(.text.PendSV_Handler)
    [Anonymous Symbol]                       0x080047b4   Section        0  stm32f1xx_it.o(.text.SVC_Handler)
    [Anonymous Symbol]                       0x080047b8   Section        0  stm32f1xx_it.o(.text.SysTick_Handler)
    [Anonymous Symbol]                       0x080047bc   Section        0  system_stm32f1xx.o(.text.SystemInit)
    [Anonymous Symbol]                       0x080047c0   Section        0  stm32f1xx_it.o(.text.TIM2_IRQHandler)
    [Anonymous Symbol]                       0x080047d8   Section        0  stm32f1xx_it.o(.text.UsageFault_Handler)
    [Anonymous Symbol]                       0x080047dc   Section        0  main.o(.text.main)
    i.__0vsprintf                            0x080048a4   Section        0  printfa.o(i.__0vsprintf)
    i.__scatterload_copy                     0x080048c8   Section       14  handlers.o(i.__scatterload_copy)
    i.__scatterload_null                     0x080048d6   Section        2  handlers.o(i.__scatterload_null)
    i.__scatterload_zeroinit                 0x080048d8   Section       14  handlers.o(i.__scatterload_zeroinit)
    _fp_digits                               0x080048e9   Thumb Code   366  printfa.o(i._fp_digits)
    i._fp_digits                             0x080048e8   Section        0  printfa.o(i._fp_digits)
    _printf_core                             0x08004a6d   Thumb Code  1744  printfa.o(i._printf_core)
    i._printf_core                           0x08004a6c   Section        0  printfa.o(i._printf_core)
    _printf_post_padding                     0x08005149   Thumb Code    36  printfa.o(i._printf_post_padding)
    i._printf_post_padding                   0x08005148   Section        0  printfa.o(i._printf_post_padding)
    _printf_pre_padding                      0x0800516d   Thumb Code    46  printfa.o(i._printf_pre_padding)
    i._printf_pre_padding                    0x0800516c   Section        0  printfa.o(i._printf_pre_padding)
    _sputc                                   0x0800519b   Thumb Code    10  printfa.o(i._sputc)
    i._sputc                                 0x0800519a   Section        0  printfa.o(i._sputc)
    .Lswitch.table.Menu2_Setting.22          0x080051a4   Data          10  menu.o(.rodata..Lswitch.table.Menu2_Setting.22)
    HAL_RCC_GetSysClockFreq.aPredivFactorTable 0x080051c6   Data           2  stm32f1xx_hal_rcc.o(.rodata.HAL_RCC_GetSysClockFreq.aPredivFactorTable)
    [Anonymous Symbol]                       0x080051c6   Section        0  stm32f1xx_hal_rcc.o(.rodata.HAL_RCC_GetSysClockFreq.aPredivFactorTable)
    HAL_RCC_GetSysClockFreq.aPLLMULFactorTable 0x0800629e   Data          16  stm32f1xx_hal_rcc.o(.rodata.cst16)
    [Anonymous Symbol]                       0x0800629e   Section        0  stm32f1xx_hal_rcc.o(.rodata.cst16)
    .L.str.12                                0x080062ae   Data          18  menu.o(.rodata.str1.1)
    [Anonymous Symbol]                       0x080062ae   Section        0  menu.o(.rodata.str1.1)
    .L.str.3                                 0x080062c0   Data          17  menu.o(.rodata.str1.1)
    .L.str.9                                 0x080062d1   Data          21  menu.o(.rodata.str1.1)
    .L.str.7                                 0x080062e6   Data          21  menu.o(.rodata.str1.1)
    .L.str.6                                 0x08006323   Data          19  menu.o(.rodata.str1.1)
    .L.str.2                                 0x08006336   Data          19  menu.o(.rodata.str1.1)
    .L.str                                   0x08006349   Data          19  menu.o(.rodata.str1.1)
    .L.str.18                                0x0800635c   Data          27  menu.o(.rodata.str1.1)
    .L.str.16                                0x08006377   Data          30  menu.o(.rodata.str1.1)
    .L.str.8                                 0x08006395   Data          23  menu.o(.rodata.str1.1)
    .L.str.13                                0x080063ac   Data          30  menu.o(.rodata.str1.1)
    .L.str.5                                 0x080063ca   Data          19  menu.o(.rodata.str1.1)
    .L.str.1                                 0x080063dd   Data          21  menu.o(.rodata.str1.1)
    .L.str.4                                 0x080063f2   Data          19  menu.o(.rodata.str1.1)
    .L.str.17                                0x08006405   Data          27  menu.o(.rodata.str1.1)
    .L.str.15                                0x08006420   Data          30  menu.o(.rodata.str1.1)
    .L_MergedGlobals                         0x20000000   Data           8  stm32f1xx_hal.o(.data..L_MergedGlobals)
    [Anonymous Symbol]                       0x20000000   Section        0  stm32f1xx_hal.o(.data..L_MergedGlobals)
    .L_MergedGlobals                         0x20000008   Data          11  menu.o(.data..L_MergedGlobals)
    [Anonymous Symbol]                       0x20000008   Section        0  menu.o(.data..L_MergedGlobals)
    .L_MergedGlobals                         0x20000018   Data           4  key.o(.bss..L_MergedGlobals)
    [Anonymous Symbol]                       0x20000018   Section        0  key.o(.bss..L_MergedGlobals)
    Key_Kick.PreviousState                   0x20000019   Data           1  key.o(.bss..L_MergedGlobals)
    Key_Kick.CurrentState                    0x2000001a   Data           1  key.o(.bss..L_MergedGlobals)
    Key_Kick.Count                           0x2000001b   Data           1  key.o(.bss..L_MergedGlobals)
    .L_MergedGlobals.23                      0x2000001c   Data           4  menu.o(.bss..L_MergedGlobals.23)
    [Anonymous Symbol]                       0x2000001c   Section        0  menu.o(.bss..L_MergedGlobals.23)
    STACK                                    0x20000488   Section     1024  startup_stm32f103xb.o(STACK)

    Global Symbols

    Symbol Name                              Value     Ov Type        Size  Object(Section)

    BuildAttributes$$THM_ISAv4$P$D$K$B$S$PE$A:L22UL41UL21$X:L11$S22US41US21$IEEE1$IW$~IW$USESV6$~STKCKD$USESV7$~SHL$OTIME$ROPI$IEEEX$EBA8$MICROLIB$REQ8$PRES8$EABIv2 0x00000000   Number         0  anon$$obj.o ABSOLUTE
    __cpp_initialize__aeabi_                  - Undefined Weak Reference
    __cxa_finalize                            - Undefined Weak Reference
    __decompress                              - Undefined Weak Reference
    _clock_init                               - Undefined Weak Reference
    _microlib_exit                            - Undefined Weak Reference
    __Vectors_Size                           0x000000ec   Number         0  startup_stm32f103xb.o ABSOLUTE
    __Vectors                                0x08000000   Data           4  startup_stm32f103xb.o(RESET)
    __Vectors_End                            0x080000ec   Data           0  startup_stm32f103xb.o(RESET)
    __main                                   0x080000ed   Thumb Code     0  entry.o(.ARM.Collect$$$$00000000)
    _main_stk                                0x080000ed   Thumb Code     0  entry2.o(.ARM.Collect$$$$00000001)
    _main_scatterload                        0x080000f1   Thumb Code     0  entry5.o(.ARM.Collect$$$$00000004)
    __main_after_scatterload                 0x080000f5   Thumb Code     0  entry5.o(.ARM.Collect$$$$00000004)
    _main_clock                              0x080000f5   Thumb Code     0  entry7b.o(.ARM.Collect$$$$00000008)
    _main_cpp_init                           0x080000f5   Thumb Code     0  entry8b.o(.ARM.Collect$$$$0000000A)
    _main_init                               0x080000f5   Thumb Code     0  entry9a.o(.ARM.Collect$$$$0000000B)
    __rt_final_cpp                           0x080000fd   Thumb Code     0  entry10a.o(.ARM.Collect$$$$0000000D)
    __rt_final_exit                          0x080000fd   Thumb Code     0  entry11a.o(.ARM.Collect$$$$0000000F)
    Reset_Handler                            0x08000101   Thumb Code     8  startup_stm32f103xb.o(.text)
    ADC1_2_IRQHandler                        0x0800011b   Thumb Code     0  startup_stm32f103xb.o(.text)
    CAN1_RX1_IRQHandler                      0x0800011b   Thumb Code     0  startup_stm32f103xb.o(.text)
    CAN1_SCE_IRQHandler                      0x0800011b   Thumb Code     0  startup_stm32f103xb.o(.text)
    DMA1_Channel1_IRQHandler                 0x0800011b   Thumb Code     0  startup_stm32f103xb.o(.text)
    DMA1_Channel2_IRQHandler                 0x0800011b   Thumb Code     0  startup_stm32f103xb.o(.text)
    DMA1_Channel3_IRQHandler                 0x0800011b   Thumb Code     0  startup_stm32f103xb.o(.text)
    DMA1_Channel4_IRQHandler                 0x0800011b   Thumb Code     0  startup_stm32f103xb.o(.text)
    DMA1_Channel5_IRQHandler                 0x0800011b   Thumb Code     0  startup_stm32f103xb.o(.text)
    DMA1_Channel6_IRQHandler                 0x0800011b   Thumb Code     0  startup_stm32f103xb.o(.text)
    DMA1_Channel7_IRQHandler                 0x0800011b   Thumb Code     0  startup_stm32f103xb.o(.text)
    EXTI0_IRQHandler                         0x0800011b   Thumb Code     0  startup_stm32f103xb.o(.text)
    EXTI15_10_IRQHandler                     0x0800011b   Thumb Code     0  startup_stm32f103xb.o(.text)
    EXTI1_IRQHandler                         0x0800011b   Thumb Code     0  startup_stm32f103xb.o(.text)
    EXTI2_IRQHandler                         0x0800011b   Thumb Code     0  startup_stm32f103xb.o(.text)
    EXTI3_IRQHandler                         0x0800011b   Thumb Code     0  startup_stm32f103xb.o(.text)
    EXTI4_IRQHandler                         0x0800011b   Thumb Code     0  startup_stm32f103xb.o(.text)
    EXTI9_5_IRQHandler                       0x0800011b   Thumb Code     0  startup_stm32f103xb.o(.text)
    FLASH_IRQHandler                         0x0800011b   Thumb Code     0  startup_stm32f103xb.o(.text)
    I2C1_ER_IRQHandler                       0x0800011b   Thumb Code     0  startup_stm32f103xb.o(.text)
    I2C1_EV_IRQHandler                       0x0800011b   Thumb Code     0  startup_stm32f103xb.o(.text)
    I2C2_ER_IRQHandler                       0x0800011b   Thumb Code     0  startup_stm32f103xb.o(.text)
    I2C2_EV_IRQHandler                       0x0800011b   Thumb Code     0  startup_stm32f103xb.o(.text)
    PVD_IRQHandler                           0x0800011b   Thumb Code     0  startup_stm32f103xb.o(.text)
    RCC_IRQHandler                           0x0800011b   Thumb Code     0  startup_stm32f103xb.o(.text)
    RTC_Alarm_IRQHandler                     0x0800011b   Thumb Code     0  startup_stm32f103xb.o(.text)
    RTC_IRQHandler                           0x0800011b   Thumb Code     0  startup_stm32f103xb.o(.text)
    SPI1_IRQHandler                          0x0800011b   Thumb Code     0  startup_stm32f103xb.o(.text)
    SPI2_IRQHandler                          0x0800011b   Thumb Code     0  startup_stm32f103xb.o(.text)
    TAMPER_IRQHandler                        0x0800011b   Thumb Code     0  startup_stm32f103xb.o(.text)
    TIM1_BRK_IRQHandler                      0x0800011b   Thumb Code     0  startup_stm32f103xb.o(.text)
    TIM1_CC_IRQHandler                       0x0800011b   Thumb Code     0  startup_stm32f103xb.o(.text)
    TIM1_TRG_COM_IRQHandler                  0x0800011b   Thumb Code     0  startup_stm32f103xb.o(.text)
    TIM1_UP_IRQHandler                       0x0800011b   Thumb Code     0  startup_stm32f103xb.o(.text)
    TIM3_IRQHandler                          0x0800011b   Thumb Code     0  startup_stm32f103xb.o(.text)
    TIM4_IRQHandler                          0x0800011b   Thumb Code     0  startup_stm32f103xb.o(.text)
    USART1_IRQHandler                        0x0800011b   Thumb Code     0  startup_stm32f103xb.o(.text)
    USART2_IRQHandler                        0x0800011b   Thumb Code     0  startup_stm32f103xb.o(.text)
    USART3_IRQHandler                        0x0800011b   Thumb Code     0  startup_stm32f103xb.o(.text)
    USBWakeUp_IRQHandler                     0x0800011b   Thumb Code     0  startup_stm32f103xb.o(.text)
    USB_HP_CAN1_TX_IRQHandler                0x0800011b   Thumb Code     0  startup_stm32f103xb.o(.text)
    USB_LP_CAN1_RX0_IRQHandler               0x0800011b   Thumb Code     0  startup_stm32f103xb.o(.text)
    WWDG_IRQHandler                          0x0800011b   Thumb Code     0  startup_stm32f103xb.o(.text)
    __aeabi_memset                           0x08000125   Thumb Code    14  memseta.o(.text)
    __aeabi_memset4                          0x08000125   Thumb Code     0  memseta.o(.text)
    __aeabi_memset8                          0x08000125   Thumb Code     0  memseta.o(.text)
    __aeabi_memclr                           0x08000133   Thumb Code     4  memseta.o(.text)
    __aeabi_memclr4                          0x08000133   Thumb Code     0  memseta.o(.text)
    __aeabi_memclr8                          0x08000133   Thumb Code     0  memseta.o(.text)
    _memset$wrapper                          0x08000137   Thumb Code    18  memseta.o(.text)
    strcmp                                   0x08000149   Thumb Code    28  strcmp.o(.text)
    __aeabi_dadd                             0x08000165   Thumb Code   322  dadd.o(.text)
    __aeabi_dsub                             0x080002a7   Thumb Code     6  dadd.o(.text)
    __aeabi_drsub                            0x080002ad   Thumb Code     6  dadd.o(.text)
    __aeabi_dmul                             0x080002b3   Thumb Code   228  dmul.o(.text)
    __aeabi_ddiv                             0x08000397   Thumb Code   222  ddiv.o(.text)
    __aeabi_uidiv                            0x08000475   Thumb Code     0  uidiv.o(.text)
    __aeabi_uidivmod                         0x08000475   Thumb Code    44  uidiv.o(.text)
    __aeabi_uldivmod                         0x080004a1   Thumb Code    98  uldiv.o(.text)
    __aeabi_llsl                             0x08000503   Thumb Code    30  llshl.o(.text)
    _ll_shift_l                              0x08000503   Thumb Code     0  llshl.o(.text)
    __aeabi_llsr                             0x08000521   Thumb Code    32  llushr.o(.text)
    _ll_ushift_r                             0x08000521   Thumb Code     0  llushr.o(.text)
    __aeabi_lasr                             0x08000541   Thumb Code    36  llsshr.o(.text)
    _ll_sshift_r                             0x08000541   Thumb Code     0  llsshr.o(.text)
    __I$use$fp                               0x08000565   Thumb Code     0  iusefp.o(.text)
    _double_round                            0x08000565   Thumb Code    30  depilogue.o(.text)
    _double_epilogue                         0x08000583   Thumb Code   156  depilogue.o(.text)
    __aeabi_d2ulz                            0x0800061f   Thumb Code    48  dfixul.o(.text)
    __aeabi_cdrcmple                         0x08000651   Thumb Code    48  cdrcmple.o(.text)
    __scatterload                            0x08000681   Thumb Code    38  init.o(.text)
    __scatterload_rt2                        0x08000681   Thumb Code     0  init.o(.text)
    BusFault_Handler                         0x080006b1   Thumb Code     2  stm32f1xx_it.o(.text.BusFault_Handler)
    DebugMon_Handler                         0x080006b5   Thumb Code     2  stm32f1xx_it.o(.text.DebugMon_Handler)
    Error_Handler                            0x080006b9   Thumb Code    10  main.o(.text.Error_Handler)
    HAL_GPIO_Init                            0x080006c5   Thumb Code   526  stm32f1xx_hal_gpio.o(.text.HAL_GPIO_Init)
    HAL_GPIO_ReadPin                         0x080008d5   Thumb Code    10  stm32f1xx_hal_gpio.o(.text.HAL_GPIO_ReadPin)
    HAL_GPIO_WritePin                        0x080008e1   Thumb Code    10  stm32f1xx_hal_gpio.o(.text.HAL_GPIO_WritePin)
    HAL_GetTick                              0x080008ed   Thumb Code    12  stm32f1xx_hal.o(.text.HAL_GetTick)
    HAL_IncTick                              0x080008f9   Thumb Code    26  stm32f1xx_hal.o(.text.HAL_IncTick)
    HAL_Init                                 0x08000915   Thumb Code    38  stm32f1xx_hal.o(.text.HAL_Init)
    HAL_InitTick                             0x0800093d   Thumb Code    72  stm32f1xx_hal.o(.text.HAL_InitTick)
    HAL_MspInit                              0x08000985   Thumb Code    66  stm32f1xx_hal_msp.o(.text.HAL_MspInit)
    HAL_NVIC_EnableIRQ                       0x080009c9   Thumb Code    34  stm32f1xx_hal_cortex.o(.text.HAL_NVIC_EnableIRQ)
    HAL_NVIC_SetPriority                     0x080009ed   Thumb Code    86  stm32f1xx_hal_cortex.o(.text.HAL_NVIC_SetPriority)
    HAL_NVIC_SetPriorityGrouping             0x08000a45   Thumb Code    32  stm32f1xx_hal_cortex.o(.text.HAL_NVIC_SetPriorityGrouping)
    HAL_PWR_EnableBkUpAccess                 0x08000a65   Thumb Code    12  stm32f1xx_hal_pwr.o(.text.HAL_PWR_EnableBkUpAccess)
    HAL_RCCEx_GetPeriphCLKFreq               0x08000a71   Thumb Code   228  stm32f1xx_hal_rcc_ex.o(.text.HAL_RCCEx_GetPeriphCLKFreq)
    HAL_RCCEx_PeriphCLKConfig                0x08000b69   Thumb Code   258  stm32f1xx_hal_rcc_ex.o(.text.HAL_RCCEx_PeriphCLKConfig)
    HAL_RCC_ClockConfig                      0x08000c6d   Thumb Code   442  stm32f1xx_hal_rcc.o(.text.HAL_RCC_ClockConfig)
    HAL_RCC_GetPCLK2Freq                     0x08000e29   Thumb Code    38  stm32f1xx_hal_rcc.o(.text.HAL_RCC_GetPCLK2Freq)
    HAL_RCC_OscConfig                        0x08000e51   Thumb Code  1024  stm32f1xx_hal_rcc.o(.text.HAL_RCC_OscConfig)
    HAL_RTC_Init                             0x08001251   Thumb Code   240  stm32f1xx_hal_rtc.o(.text.HAL_RTC_Init)
    HAL_RTC_MspInit                          0x08001341   Thumb Code    70  rtc.o(.text.HAL_RTC_MspInit)
    HAL_SYSTICK_Config                       0x08001389   Thumb Code    44  stm32f1xx_hal_cortex.o(.text.HAL_SYSTICK_Config)
    HAL_TIMEx_BreakCallback                  0x080013b5   Thumb Code     2  stm32f1xx_hal_tim_ex.o(.text.HAL_TIMEx_BreakCallback)
    HAL_TIMEx_CommutCallback                 0x080013b9   Thumb Code     2  stm32f1xx_hal_tim_ex.o(.text.HAL_TIMEx_CommutCallback)
    HAL_TIMEx_MasterConfigSynchronization    0x080013bd   Thumb Code   126  stm32f1xx_hal_tim_ex.o(.text.HAL_TIMEx_MasterConfigSynchronization)
    HAL_TIM_Base_Init                        0x0800143d   Thumb Code   250  stm32f1xx_hal_tim.o(.text.HAL_TIM_Base_Init)
    HAL_TIM_Base_MspInit                     0x08001539   Thumb Code    62  tim.o(.text.HAL_TIM_Base_MspInit)
    HAL_TIM_Base_Start_IT                    0x08001579   Thumb Code   110  stm32f1xx_hal_tim.o(.text.HAL_TIM_Base_Start_IT)
    HAL_TIM_ConfigClockSource                0x080015e9   Thumb Code   416  stm32f1xx_hal_tim.o(.text.HAL_TIM_ConfigClockSource)
    HAL_TIM_IC_CaptureCallback               0x08001789   Thumb Code     2  stm32f1xx_hal_tim.o(.text.HAL_TIM_IC_CaptureCallback)
    HAL_TIM_IRQHandler                       0x0800178d   Thumb Code   334  stm32f1xx_hal_tim.o(.text.HAL_TIM_IRQHandler)
    HAL_TIM_OC_DelayElapsedCallback          0x080018dd   Thumb Code     2  stm32f1xx_hal_tim.o(.text.HAL_TIM_OC_DelayElapsedCallback)
    HAL_TIM_PWM_PulseFinishedCallback        0x080018e1   Thumb Code     2  stm32f1xx_hal_tim.o(.text.HAL_TIM_PWM_PulseFinishedCallback)
    HAL_TIM_PeriodElapsedCallback            0x080018e5   Thumb Code     2  stm32f1xx_hal_tim.o(.text.HAL_TIM_PeriodElapsedCallback)
    HAL_TIM_TriggerCallback                  0x080018e9   Thumb Code     2  stm32f1xx_hal_tim.o(.text.HAL_TIM_TriggerCallback)
    HardFault_Handler                        0x080018ed   Thumb Code     2  stm32f1xx_it.o(.text.HardFault_Handler)
    Key_GetNum                               0x080018f1   Thumb Code    20  key.o(.text.Key_GetNum)
    Key_Init                                 0x08001905   Thumb Code    64  key.o(.text.Key_Init)
    Key_Kick                                 0x08001945   Thumb Code   134  key.o(.text.Key_Kick)
    MX_GPIO_Init                             0x080019cd   Thumb Code   142  gpio.o(.text.MX_GPIO_Init)
    MX_RTC_Init                              0x08001a5d   Thumb Code    48  rtc.o(.text.MX_RTC_Init)
    MX_TIM2_Init                             0x08001a8d   Thumb Code   112  tim.o(.text.MX_TIM2_Init)
    MemManage_Handler                        0x08001afd   Thumb Code     2  stm32f1xx_it.o(.text.MemManage_Handler)
    Menu1                                    0x08001b01   Thumb Code   412  menu.o(.text.Menu1)
    Menu2_Clock                              0x08001c9d   Thumb Code   516  menu.o(.text.Menu2_Clock)
    Menu2_Setting                            0x08001ea1   Thumb Code   296  menu.o(.text.Menu2_Setting)
    Menu2_Timer                              0x08002019   Thumb Code   684  menu.o(.text.Menu2_Timer)
    Menu3_Timer_Setting                      0x080022c5   Thumb Code  1392  menu.o(.text.Menu3_Timer_Setting)
    NMI_Handler                              0x0800284d   Thumb Code     2  stm32f1xx_it.o(.text.NMI_Handler)
    OLED_AnimUpdate                          0x08002851   Thumb Code    14  oled.o(.text.OLED_AnimUpdate)
    OLED_Animation                           0x08002861   Thumb Code  1750  oled.o(.text.OLED_Animation)
    OLED_Clear                               0x08002f39   Thumb Code    20  oled.o(.text.OLED_Clear)
    OLED_DrawLine                            0x08002f4d   Thumb Code  2708  oled.o(.text.OLED_DrawLine)
    OLED_I2C_SendByte                        0x080039e1   Thumb Code   342  oled.o(.text.OLED_I2C_SendByte)
    OLED_Init                                0x08003b39   Thumb Code   246  oled.o(.text.OLED_Init)
    OLED_Printf                              0x08003c31   Thumb Code    40  oled.o(.text.OLED_Printf)
    OLED_ReverseArea                         0x08003c59   Thumb Code   230  oled.o(.text.OLED_ReverseArea)
    OLED_ShowImage                           0x08003d41   Thumb Code  1528  oled.o(.text.OLED_ShowImage)
    OLED_ShowString                          0x08004339   Thumb Code   478  oled.o(.text.OLED_ShowString)
    OLED_Update                              0x08004519   Thumb Code   236  oled.o(.text.OLED_Update)
    OLED_UpdateArea                          0x08004605   Thumb Code   174  oled.o(.text.OLED_UpdateArea)
    OLED_WriteCommand                        0x080046b5   Thumb Code   118  oled.o(.text.OLED_WriteCommand)
    OLED_WriteData                           0x0800472d   Thumb Code   132  oled.o(.text.OLED_WriteData)
    PendSV_Handler                           0x080047b1   Thumb Code     2  stm32f1xx_it.o(.text.PendSV_Handler)
    SVC_Handler                              0x080047b5   Thumb Code     2  stm32f1xx_it.o(.text.SVC_Handler)
    SysTick_Handler                          0x080047b9   Thumb Code     4  stm32f1xx_it.o(.text.SysTick_Handler)
    SystemInit                               0x080047bd   Thumb Code     2  system_stm32f1xx.o(.text.SystemInit)
    TIM2_IRQHandler                          0x080047c1   Thumb Code    22  stm32f1xx_it.o(.text.TIM2_IRQHandler)
    UsageFault_Handler                       0x080047d9   Thumb Code     2  stm32f1xx_it.o(.text.UsageFault_Handler)
    main                                     0x080047dd   Thumb Code   198  main.o(.text.main)
    __0vsprintf                              0x080048a5   Thumb Code    30  printfa.o(i.__0vsprintf)
    __1vsprintf                              0x080048a5   Thumb Code     0  printfa.o(i.__0vsprintf)
    __2vsprintf                              0x080048a5   Thumb Code     0  printfa.o(i.__0vsprintf)
    __c89vsprintf                            0x080048a5   Thumb Code     0  printfa.o(i.__0vsprintf)
    vsprintf                                 0x080048a5   Thumb Code     0  printfa.o(i.__0vsprintf)
    __scatterload_copy                       0x080048c9   Thumb Code    14  handlers.o(i.__scatterload_copy)
    __scatterload_null                       0x080048d7   Thumb Code     2  handlers.o(i.__scatterload_null)
    __scatterload_zeroinit                   0x080048d9   Thumb Code    14  handlers.o(i.__scatterload_zeroinit)
    AHBPrescTable                            0x080051ae   Data          16  system_stm32f1xx.o(.rodata.AHBPrescTable)
    APBPrescTable                            0x080051be   Data           8  system_stm32f1xx.o(.rodata.APBPrescTable)
    OLED_CF16x16                             0x080051c8   Data        2220  oled_data.o(.rodata.OLED_CF16x16)
    OLED_F6x8                                0x08005a74   Data         570  oled_data.o(.rodata.OLED_F6x8)
    OLED_F8x16                               0x08005cae   Data        1520  oled_data.o(.rodata.OLED_F8x16)
    Region$$Table$$Base                      0x08006440   Number         0  anon$$obj.o(Region$$Table)
    Region$$Table$$Limit                     0x08006460   Number         0  anon$$obj.o(Region$$Table)
    uwTickFreq                               0x20000000   Data           1  stm32f1xx_hal.o(.data..L_MergedGlobals)
    uwTickPrio                               0x20000004   Data           4  stm32f1xx_hal.o(.data..L_MergedGlobals)
    flag                                     0x20000008   Data           1  menu.o(.data..L_MergedGlobals)
    DirectFlag                               0x20000009   Data           1  menu.o(.data..L_MergedGlobals)
    timer1_arr                               0x2000000a   Data           3  menu.o(.data..L_MergedGlobals)
    timer2_arr                               0x2000000d   Data           3  menu.o(.data..L_MergedGlobals)
    timer3_arr                               0x20000010   Data           3  menu.o(.data..L_MergedGlobals)
    SystemCoreClock                          0x20000014   Data           4  system_stm32f1xx.o(.data.SystemCoreClock)
    keynum                                   0x20000018   Data           1  key.o(.bss..L_MergedGlobals)
    Keynum                                   0x2000001c   Data           1  menu.o(.bss..L_MergedGlobals.23)
    timer_yn                                 0x2000001d   Data           3  menu.o(.bss..L_MergedGlobals.23)
    AniFlag                                  0x20000020   Data           1  oled.o(.bss.AniFlag)
    OLED_DisplayBuf                          0x20000024   Data        1024  oled.o(.bss.OLED_DisplayBuf)
    hrtc                                     0x20000424   Data          20  rtc.o(.bss.hrtc)
    htim2                                    0x20000438   Data          72  tim.o(.bss.htim2)
    uwTick                                   0x20000480   Data           4  stm32f1xx_hal.o(.bss.uwTick)
    __initial_sp                             0x20000888   Data           0  startup_stm32f103xb.o(STACK)



==============================================================================

Memory Map of the image

  Image Entry point : 0x080000ed

  Load Region LR_IROM1 (Base: 0x08000000, Size: 0x00006478, Max: 0x00010000, ABSOLUTE)

    Execution Region ER_IROM1 (Exec base: 0x08000000, Load base: 0x08000000, Size: 0x00006460, Max: 0x00010000, ABSOLUTE)

    Exec Addr    Load Addr    Size         Type   Attr      Idx    E Section Name        Object

    0x08000000   0x08000000   0x000000ec   Data   RO            3    RESET               startup_stm32f103xb.o
    0x080000ec   0x080000ec   0x00000000   Code   RO         1021  * .ARM.Collect$$$$00000000  mc_w.l(entry.o)
    0x080000ec   0x080000ec   0x00000004   Code   RO         1104    .ARM.Collect$$$$00000001  mc_w.l(entry2.o)
    0x080000f0   0x080000f0   0x00000004   Code   RO         1107    .ARM.Collect$$$$00000004  mc_w.l(entry5.o)
    0x080000f4   0x080000f4   0x00000000   Code   RO         1109    .ARM.Collect$$$$00000008  mc_w.l(entry7b.o)
    0x080000f4   0x080000f4   0x00000000   Code   RO         1111    .ARM.Collect$$$$0000000A  mc_w.l(entry8b.o)
    0x080000f4   0x080000f4   0x00000008   Code   RO         1112    .ARM.Collect$$$$0000000B  mc_w.l(entry9a.o)
    0x080000fc   0x080000fc   0x00000000   Code   RO         1114    .ARM.Collect$$$$0000000D  mc_w.l(entry10a.o)
    0x080000fc   0x080000fc   0x00000000   Code   RO         1116    .ARM.Collect$$$$0000000F  mc_w.l(entry11a.o)
    0x080000fc   0x080000fc   0x00000004   Code   RO         1105    .ARM.Collect$$$$00002712  mc_w.l(entry2.o)
    0x08000100   0x08000100   0x00000024   Code   RO            4    .text               startup_stm32f103xb.o
    0x08000124   0x08000124   0x00000024   Code   RO         1024    .text               mc_w.l(memseta.o)
    0x08000148   0x08000148   0x0000001c   Code   RO         1026    .text               mc_w.l(strcmp.o)
    0x08000164   0x08000164   0x0000014e   Code   RO         1058    .text               mf_w.l(dadd.o)
    0x080002b2   0x080002b2   0x000000e4   Code   RO         1060    .text               mf_w.l(dmul.o)
    0x08000396   0x08000396   0x000000de   Code   RO         1062    .text               mf_w.l(ddiv.o)
    0x08000474   0x08000474   0x0000002c   Code   RO         1132    .text               mc_w.l(uidiv.o)
    0x080004a0   0x080004a0   0x00000062   Code   RO         1134    .text               mc_w.l(uldiv.o)
    0x08000502   0x08000502   0x0000001e   Code   RO         1136    .text               mc_w.l(llshl.o)
    0x08000520   0x08000520   0x00000020   Code   RO         1138    .text               mc_w.l(llushr.o)
    0x08000540   0x08000540   0x00000024   Code   RO         1140    .text               mc_w.l(llsshr.o)
    0x08000564   0x08000564   0x00000000   Code   RO         1149    .text               mc_w.l(iusefp.o)
    0x08000564   0x08000564   0x000000ba   Code   RO         1152    .text               mf_w.l(depilogue.o)
    0x0800061e   0x0800061e   0x00000030   Code   RO         1156    .text               mf_w.l(dfixul.o)
    0x0800064e   0x0800064e   0x00000002   PAD
    0x08000650   0x08000650   0x00000030   Code   RO         1160    .text               mf_w.l(cdrcmple.o)
    0x08000680   0x08000680   0x00000030   Code   RO         1166    .text               mc_w.l(init.o)
    0x080006b0   0x080006b0   0x00000002   Code   RO           71    .text.BusFault_Handler  stm32f1xx_it.o
    0x080006b2   0x080006b2   0x00000002   PAD
    0x080006b4   0x080006b4   0x00000002   Code   RO           77    .text.DebugMon_Handler  stm32f1xx_it.o
    0x080006b6   0x080006b6   0x00000002   PAD
    0x080006b8   0x080006b8   0x0000000a   Code   RO           15    .text.Error_Handler  main.o
    0x080006c2   0x080006c2   0x00000002   PAD
    0x080006c4   0x080006c4   0x0000020e   Code   RO          313    .text.HAL_GPIO_Init  stm32f1xx_hal_gpio.o
    0x080008d2   0x080008d2   0x00000002   PAD
    0x080008d4   0x080008d4   0x0000000a   Code   RO          317    .text.HAL_GPIO_ReadPin  stm32f1xx_hal_gpio.o
    0x080008de   0x080008de   0x00000002   PAD
    0x080008e0   0x080008e0   0x0000000a   Code   RO          319    .text.HAL_GPIO_WritePin  stm32f1xx_hal_gpio.o
    0x080008ea   0x080008ea   0x00000002   PAD
    0x080008ec   0x080008ec   0x0000000c   Code   RO          213    .text.HAL_GetTick   stm32f1xx_hal.o
    0x080008f8   0x080008f8   0x0000001a   Code   RO          211    .text.HAL_IncTick   stm32f1xx_hal.o
    0x08000912   0x08000912   0x00000002   PAD
    0x08000914   0x08000914   0x00000026   Code   RO          201    .text.HAL_Init      stm32f1xx_hal.o
    0x0800093a   0x0800093a   0x00000002   PAD
    0x0800093c   0x0800093c   0x00000048   Code   RO          203    .text.HAL_InitTick  stm32f1xx_hal.o
    0x08000984   0x08000984   0x00000042   Code   RO           92    .text.HAL_MspInit   stm32f1xx_hal_msp.o
    0x080009c6   0x080009c6   0x00000002   PAD
    0x080009c8   0x080009c8   0x00000022   Code   RO          373    .text.HAL_NVIC_EnableIRQ  stm32f1xx_hal_cortex.o
    0x080009ea   0x080009ea   0x00000002   PAD
    0x080009ec   0x080009ec   0x00000056   Code   RO          371    .text.HAL_NVIC_SetPriority  stm32f1xx_hal_cortex.o
    0x08000a42   0x08000a42   0x00000002   PAD
    0x08000a44   0x08000a44   0x00000020   Code   RO          369    .text.HAL_NVIC_SetPriorityGrouping  stm32f1xx_hal_cortex.o
    0x08000a64   0x08000a64   0x0000000c   Code   RO          411    .text.HAL_PWR_EnableBkUpAccess  stm32f1xx_hal_pwr.o
    0x08000a70   0x08000a70   0x000000f8   Code   RO          303    .text.HAL_RCCEx_GetPeriphCLKFreq  stm32f1xx_hal_rcc_ex.o
    0x08000b68   0x08000b68   0x00000102   Code   RO          299    .text.HAL_RCCEx_PeriphCLKConfig  stm32f1xx_hal_rcc_ex.o
    0x08000c6a   0x08000c6a   0x00000002   PAD
    0x08000c6c   0x08000c6c   0x000001ba   Code   RO          265    .text.HAL_RCC_ClockConfig  stm32f1xx_hal_rcc.o
    0x08000e26   0x08000e26   0x00000002   PAD
    0x08000e28   0x08000e28   0x00000026   Code   RO          279    .text.HAL_RCC_GetPCLK2Freq  stm32f1xx_hal_rcc.o
    0x08000e4e   0x08000e4e   0x00000002   PAD
    0x08000e50   0x08000e50   0x00000400   Code   RO          263    .text.HAL_RCC_OscConfig  stm32f1xx_hal_rcc.o
    0x08001250   0x08001250   0x000000f0   Code   RO          115    .text.HAL_RTC_Init  stm32f1xx_hal_rtc.o
    0x08001340   0x08001340   0x00000046   Code   RO           37    .text.HAL_RTC_MspInit  rtc.o
    0x08001386   0x08001386   0x00000002   PAD
    0x08001388   0x08001388   0x0000002c   Code   RO          381    .text.HAL_SYSTICK_Config  stm32f1xx_hal_cortex.o
    0x080013b4   0x080013b4   0x00000002   Code   RO          839    .text.HAL_TIMEx_BreakCallback  stm32f1xx_hal_tim_ex.o
    0x080013b6   0x080013b6   0x00000002   PAD
    0x080013b8   0x080013b8   0x00000002   Code   RO          835    .text.HAL_TIMEx_CommutCallback  stm32f1xx_hal_tim_ex.o
    0x080013ba   0x080013ba   0x00000002   PAD
    0x080013bc   0x080013bc   0x0000007e   Code   RO          829    .text.HAL_TIMEx_MasterConfigSynchronization  stm32f1xx_hal_tim_ex.o
    0x0800143a   0x0800143a   0x00000002   PAD
    0x0800143c   0x0800143c   0x000000fa   Code   RO          534    .text.HAL_TIM_Base_Init  stm32f1xx_hal_tim.o
    0x08001536   0x08001536   0x00000002   PAD
    0x08001538   0x08001538   0x0000003e   Code   RO           52    .text.HAL_TIM_Base_MspInit  tim.o
    0x08001576   0x08001576   0x00000002   PAD
    0x08001578   0x08001578   0x0000006e   Code   RO          548    .text.HAL_TIM_Base_Start_IT  stm32f1xx_hal_tim.o
    0x080015e6   0x080015e6   0x00000002   PAD
    0x080015e8   0x080015e8   0x000001a0   Code   RO          714    .text.HAL_TIM_ConfigClockSource  stm32f1xx_hal_tim.o
    0x08001788   0x08001788   0x00000002   Code   RO          670    .text.HAL_TIM_IC_CaptureCallback  stm32f1xx_hal_tim.o
    0x0800178a   0x0800178a   0x00000002   PAD
    0x0800178c   0x0800178c   0x0000014e   Code   RO          668    .text.HAL_TIM_IRQHandler  stm32f1xx_hal_tim.o
    0x080018da   0x080018da   0x00000002   PAD
    0x080018dc   0x080018dc   0x00000002   Code   RO          672    .text.HAL_TIM_OC_DelayElapsedCallback  stm32f1xx_hal_tim.o
    0x080018de   0x080018de   0x00000002   PAD
    0x080018e0   0x080018e0   0x00000002   Code   RO          674    .text.HAL_TIM_PWM_PulseFinishedCallback  stm32f1xx_hal_tim.o
    0x080018e2   0x080018e2   0x00000002   PAD
    0x080018e4   0x080018e4   0x00000002   Code   RO          676    .text.HAL_TIM_PeriodElapsedCallback  stm32f1xx_hal_tim.o
    0x080018e6   0x080018e6   0x00000002   PAD
    0x080018e8   0x080018e8   0x00000002   Code   RO          678    .text.HAL_TIM_TriggerCallback  stm32f1xx_hal_tim.o
    0x080018ea   0x080018ea   0x00000002   PAD
    0x080018ec   0x080018ec   0x00000002   Code   RO           67    .text.HardFault_Handler  stm32f1xx_it.o
    0x080018ee   0x080018ee   0x00000002   PAD
    0x080018f0   0x080018f0   0x00000014   Code   RO          884    .text.Key_GetNum    key.o
    0x08001904   0x08001904   0x00000040   Code   RO          882    .text.Key_Init      key.o
    0x08001944   0x08001944   0x00000086   Code   RO          888    .text.Key_Kick      key.o
    0x080019ca   0x080019ca   0x00000002   PAD
    0x080019cc   0x080019cc   0x0000008e   Code   RO           26    .text.MX_GPIO_Init  gpio.o
    0x08001a5a   0x08001a5a   0x00000002   PAD
    0x08001a5c   0x08001a5c   0x00000030   Code   RO           35    .text.MX_RTC_Init   rtc.o
    0x08001a8c   0x08001a8c   0x00000070   Code   RO           50    .text.MX_TIM2_Init  tim.o
    0x08001afc   0x08001afc   0x00000002   Code   RO           69    .text.MemManage_Handler  stm32f1xx_it.o
    0x08001afe   0x08001afe   0x00000002   PAD
    0x08001b00   0x08001b00   0x0000019c   Code   RO          994    .text.Menu1         menu.o
    0x08001c9c   0x08001c9c   0x00000204   Code   RO          996    .text.Menu2_Clock   menu.o
    0x08001ea0   0x08001ea0   0x00000178   Code   RO          998    .text.Menu2_Setting  menu.o
    0x08002018   0x08002018   0x000002ac   Code   RO         1002    .text.Menu2_Timer   menu.o
    0x080022c4   0x080022c4   0x00000588   Code   RO         1000    .text.Menu3_Timer_Setting  menu.o
    0x0800284c   0x0800284c   0x00000002   Code   RO           65    .text.NMI_Handler   stm32f1xx_it.o
    0x0800284e   0x0800284e   0x00000002   PAD
    0x08002850   0x08002850   0x0000000e   Code   RO          973    .text.OLED_AnimUpdate  oled.o
    0x0800285e   0x0800285e   0x00000002   PAD
    0x08002860   0x08002860   0x000006d6   Code   RO          971    .text.OLED_Animation  oled.o
    0x08002f36   0x08002f36   0x00000002   PAD
    0x08002f38   0x08002f38   0x00000014   Code   RO          917    .text.OLED_Clear    oled.o
    0x08002f4c   0x08002f4c   0x00000a94   Code   RO          959    .text.OLED_DrawLine  oled.o
    0x080039e0   0x080039e0   0x00000156   Code   RO          909    .text.OLED_I2C_SendByte  oled.o
    0x08003b36   0x08003b36   0x00000002   PAD
    0x08003b38   0x08003b38   0x000000f6   Code   RO          915    .text.OLED_Init     oled.o
    0x08003c2e   0x08003c2e   0x00000002   PAD
    0x08003c30   0x08003c30   0x00000028   Code   RO          953    .text.OLED_Printf   oled.o
    0x08003c58   0x08003c58   0x000000e6   Code   RO          935    .text.OLED_ReverseArea  oled.o
    0x08003d3e   0x08003d3e   0x00000002   PAD
    0x08003d40   0x08003d40   0x000005f8   Code   RO          939    .text.OLED_ShowImage  oled.o
    0x08004338   0x08004338   0x000001de   Code   RO          941    .text.OLED_ShowString  oled.o
    0x08004516   0x08004516   0x00000002   PAD
    0x08004518   0x08004518   0x000000ec   Code   RO          919    .text.OLED_Update   oled.o
    0x08004604   0x08004604   0x000000ae   Code   RO          929    .text.OLED_UpdateArea  oled.o
    0x080046b2   0x080046b2   0x00000002   PAD
    0x080046b4   0x080046b4   0x00000076   Code   RO          911    .text.OLED_WriteCommand  oled.o
    0x0800472a   0x0800472a   0x00000002   PAD
    0x0800472c   0x0800472c   0x00000084   Code   RO          913    .text.OLED_WriteData  oled.o
    0x080047b0   0x080047b0   0x00000002   Code   RO           79    .text.PendSV_Handler  stm32f1xx_it.o
    0x080047b2   0x080047b2   0x00000002   PAD
    0x080047b4   0x080047b4   0x00000002   Code   RO           75    .text.SVC_Handler   stm32f1xx_it.o
    0x080047b6   0x080047b6   0x00000002   PAD
    0x080047b8   0x080047b8   0x00000004   Code   RO           81    .text.SysTick_Handler  stm32f1xx_it.o
    0x080047bc   0x080047bc   0x00000002   Code   RO          853    .text.SystemInit    system_stm32f1xx.o
    0x080047be   0x080047be   0x00000002   PAD
    0x080047c0   0x080047c0   0x00000016   Code   RO           83    .text.TIM2_IRQHandler  stm32f1xx_it.o
    0x080047d6   0x080047d6   0x00000002   PAD
    0x080047d8   0x080047d8   0x00000002   Code   RO           73    .text.UsageFault_Handler  stm32f1xx_it.o
    0x080047da   0x080047da   0x00000002   PAD
    0x080047dc   0x080047dc   0x000000c6   Code   RO           11    .text.main          main.o
    0x080048a2   0x080048a2   0x00000002   PAD
    0x080048a4   0x080048a4   0x00000024   Code   RO         1035    i.__0vsprintf       mc_w.l(printfa.o)
    0x080048c8   0x080048c8   0x0000000e   Code   RO         1174    i.__scatterload_copy  mc_w.l(handlers.o)
    0x080048d6   0x080048d6   0x00000002   Code   RO         1175    i.__scatterload_null  mc_w.l(handlers.o)
    0x080048d8   0x080048d8   0x0000000e   Code   RO         1176    i.__scatterload_zeroinit  mc_w.l(handlers.o)
    0x080048e6   0x080048e6   0x00000002   PAD
    0x080048e8   0x080048e8   0x00000184   Code   RO         1036    i._fp_digits        mc_w.l(printfa.o)
    0x08004a6c   0x08004a6c   0x000006dc   Code   RO         1037    i._printf_core      mc_w.l(printfa.o)
    0x08005148   0x08005148   0x00000024   Code   RO         1038    i._printf_post_padding  mc_w.l(printfa.o)
    0x0800516c   0x0800516c   0x0000002e   Code   RO         1039    i._printf_pre_padding  mc_w.l(printfa.o)
    0x0800519a   0x0800519a   0x0000000a   Code   RO         1041    i._sputc            mc_w.l(printfa.o)
    0x080051a4   0x080051a4   0x0000000a   Data   RO         1005    .rodata..Lswitch.table.Menu2_Setting.22  menu.o
    0x080051ae   0x080051ae   0x00000010   Data   RO          858    .rodata.AHBPrescTable  system_stm32f1xx.o
    0x080051be   0x080051be   0x00000008   Data   RO          859    .rodata.APBPrescTable  system_stm32f1xx.o
    0x080051c6   0x080051c6   0x00000002   Data   RO          290    .rodata.HAL_RCC_GetSysClockFreq.aPredivFactorTable  stm32f1xx_hal_rcc.o
    0x080051c8   0x080051c8   0x000008ac   Data   RO          987    .rodata.OLED_CF16x16  oled_data.o
    0x08005a74   0x08005a74   0x0000023a   Data   RO          986    .rodata.OLED_F6x8   oled_data.o
    0x08005cae   0x08005cae   0x000005f0   Data   RO          985    .rodata.OLED_F8x16  oled_data.o
    0x0800629e   0x0800629e   0x00000010   Data   RO          289    .rodata.cst16       stm32f1xx_hal_rcc.o
    0x080062ae   0x080062ae   0x00000190   Data   RO         1004    .rodata.str1.1      menu.o
    0x0800643e   0x0800643e   0x00000002   PAD
    0x08006440   0x08006440   0x00000020   Data   RO         1173    Region$$Table       anon$$obj.o


    Execution Region RW_IRAM1 (Exec base: 0x20000000, Load base: 0x08006460, Size: 0x00000888, Max: 0x00005000, ABSOLUTE)

    Exec Addr    Load Addr    Size         Type   Attr      Idx    E Section Name        Object

    0x20000000   0x08006460   0x00000008   Data   RW          252    .data..L_MergedGlobals  stm32f1xx_hal.o
    0x20000008   0x08006468   0x0000000b   Data   RW         1006    .data..L_MergedGlobals  menu.o
    0x20000013   0x08006473   0x00000001   PAD
    0x20000014   0x08006474   0x00000004   Data   RW          857    .data.SystemCoreClock  system_stm32f1xx.o
    0x20000018        -       0x00000004   Zero   RW          890    .bss..L_MergedGlobals  key.o
    0x2000001c        -       0x00000004   Zero   RW         1007    .bss..L_MergedGlobals.23  menu.o
    0x20000020        -       0x00000001   Zero   RW          975    .bss.AniFlag        oled.o
    0x20000021   0x08006478   0x00000003   PAD
    0x20000024        -       0x00000400   Zero   RW          976    .bss.OLED_DisplayBuf  oled.o
    0x20000424        -       0x00000014   Zero   RW           41    .bss.hrtc           rtc.o
    0x20000438        -       0x00000048   Zero   RW           56    .bss.htim2          tim.o
    0x20000480        -       0x00000004   Zero   RW          251    .bss.uwTick         stm32f1xx_hal.o
    0x20000484   0x08006478   0x00000004   PAD
    0x20000488        -       0x00000400   Zero   RW            1    STACK               startup_stm32f103xb.o


==============================================================================

Image component sizes


      Code (inc. data)   RO Data    RW Data    ZI Data      Debug   Object Name

       142          0          0          0          0       1572   gpio.o
       218          0          0          0          4       2222   key.o
       208          0          0          0          0       4293   main.o
      3404        136        410         11          4       5113   menu.o
      8016          0          0          0       1025      56093   oled.o
         0          0       4310          0          0        790   oled_data.o
       118          0          0          0         20       2644   rtc.o
        36          8        236          0       1024        800   startup_stm32f103xb.o
       148          0          0          8          4       5768   stm32f1xx_hal.o
       196          0          0          0          0       8423   stm32f1xx_hal_cortex.o
       546         22          0          0          0       4765   stm32f1xx_hal_gpio.o
        66          0          0          0          0       1210   stm32f1xx_hal_msp.o
        12          0          0          0          0       4225   stm32f1xx_hal_pwr.o
      1504          0         18          0          0       8076   stm32f1xx_hal_rcc.o
       506         20          0          0          0       3680   stm32f1xx_hal_rcc_ex.o
       240          0          0          0          0      21033   stm32f1xx_hal_rtc.o
      1120          0          0          0          0      58580   stm32f1xx_hal_tim.o
       130          0          0          0          0      21221   stm32f1xx_hal_tim_ex.o
        42          0          0          0          0       4298   stm32f1xx_it.o
         2          0         24          4          0       1587   system_stm32f1xx.o
       174          0          0          0         72       5920   tim.o

    ----------------------------------------------------------------------
     16920        186       5032         24       2160     222313   Object Totals
         0          0         32          0          0          0   (incl. Generated)
        92          0          2          1          7          0   (incl. Padding)

    ----------------------------------------------------------------------

      Code (inc. data)   RO Data    RW Data    ZI Data      Debug   Library Member Name

         0          0          0          0          0          0   entry.o
         0          0          0          0          0          0   entry10a.o
         0          0          0          0          0          0   entry11a.o
         8          4          0          0          0          0   entry2.o
         4          0          0          0          0          0   entry5.o
         0          0          0          0          0          0   entry7b.o
         0          0          0          0          0          0   entry8b.o
         8          4          0          0          0          0   entry9a.o
        30          0          0          0          0          0   handlers.o
        48         10          0          0          0         68   init.o
         0          0          0          0          0          0   iusefp.o
        30          0          0          0          0         68   llshl.o
        36          0          0          0          0         68   llsshr.o
        32          0          0          0          0         68   llushr.o
        36          0          0          0          0        108   memseta.o
      2272         86          0          0          0        516   printfa.o
        28          0          0          0          0         76   strcmp.o
        44          0          0          0          0         80   uidiv.o
        98          0          0          0          0         92   uldiv.o
        48          0          0          0          0         68   cdrcmple.o
       334          0          0          0          0        148   dadd.o
       222          0          0          0          0        100   ddiv.o
       186          0          0          0          0        176   depilogue.o
        48          0          0          0          0         68   dfixul.o
       228          0          0          0          0         96   dmul.o

    ----------------------------------------------------------------------
      3744        104          0          0          0       1800   Library Totals
         4          0          0          0          0          0   (incl. Padding)

    ----------------------------------------------------------------------

      Code (inc. data)   RO Data    RW Data    ZI Data      Debug   Library Name

      2674        104          0          0          0       1144   mc_w.l
      1066          0          0          0          0        656   mf_w.l

    ----------------------------------------------------------------------
      3744        104          0          0          0       1800   Library Totals

    ----------------------------------------------------------------------

==============================================================================


      Code (inc. data)   RO Data    RW Data    ZI Data      Debug   

     20664        290       5032         24       2160     222969   Grand Totals
     20664        290       5032         24       2160     222969   ELF Image Totals
     20664        290       5032         24          0          0   ROM Totals

==============================================================================

    Total RO  Size (Code + RO Data)                25696 (  25.09kB)
    Total RW  Size (RW Data + ZI Data)              2184 (   2.13kB)
    Total ROM Size (Code + RO Data + RW Data)      25720 (  25.12kB)

==============================================================================

