Component: Arm Compiler for Embedded 6.24 Tool: armlink [5f371500]

==============================================================================

Section Cross References

    startup_stm32f103xb.o(RESET) refers to startup_stm32f103xb.o(STACK) for __initial_sp
    startup_stm32f103xb.o(RESET) refers to startup_stm32f103xb.o(.text) for Reset_Handler
    startup_stm32f103xb.o(RESET) refers to stm32f1xx_it.o(.text.NMI_Handler) for NMI_Handler
    startup_stm32f103xb.o(RESET) refers to stm32f1xx_it.o(.text.HardFault_Handler) for HardFault_Handler
    startup_stm32f103xb.o(RESET) refers to stm32f1xx_it.o(.text.MemManage_Handler) for MemManage_Handler
    startup_stm32f103xb.o(RESET) refers to stm32f1xx_it.o(.text.BusFault_Handler) for BusFault_Handler
    startup_stm32f103xb.o(RESET) refers to stm32f1xx_it.o(.text.UsageFault_Handler) for UsageFault_Handler
    startup_stm32f103xb.o(RESET) refers to stm32f1xx_it.o(.text.SVC_Handler) for SVC_Handler
    startup_stm32f103xb.o(RESET) refers to stm32f1xx_it.o(.text.DebugMon_Handler) for DebugMon_Handler
    startup_stm32f103xb.o(RESET) refers to stm32f1xx_it.o(.text.PendSV_Handler) for PendSV_Handler
    startup_stm32f103xb.o(RESET) refers to stm32f1xx_it.o(.text.SysTick_Handler) for SysTick_Handler
    startup_stm32f103xb.o(RESET) refers to stm32f1xx_it.o(.text.RTC_IRQHandler) for RTC_IRQHandler
    startup_stm32f103xb.o(RESET) refers to stm32f1xx_it.o(.text.TIM1_UP_IRQHandler) for TIM1_UP_IRQHandler
    startup_stm32f103xb.o(RESET) refers to stm32f1xx_it.o(.text.TIM2_IRQHandler) for TIM2_IRQHandler
    startup_stm32f103xb.o(RESET) refers to stm32f1xx_it.o(.text.TIM3_IRQHandler) for TIM3_IRQHandler
    startup_stm32f103xb.o(RESET) refers to stm32f1xx_it.o(.text.TIM4_IRQHandler) for TIM4_IRQHandler
    startup_stm32f103xb.o(.text) refers to system_stm32f1xx.o(.text.SystemInit) for SystemInit
    startup_stm32f103xb.o(.text) refers to entry.o(.ARM.Collect$$$$00000000) for __main
    user_tim.o(.text.HAL_TIM_PeriodElapsedCallback) refers to key.o(.text.Key_Kick) for Key_Kick
    user_tim.o(.text.HAL_TIM_PeriodElapsedCallback) refers to menu.o(.data..L_MergedGlobals) for timer_yn
    user_tim.o(.text.HAL_TIM_PeriodElapsedCallback) refers to user_tim.o(.bss..L_MergedGlobals) for .L_MergedGlobals
    user_tim.o(.text.HAL_TIM_PeriodElapsedCallback) refers to menu.o(.bss..L_MergedGlobals.13) for timer1_cnt
    user_tim.o(.text.HAL_TIM_PeriodElapsedCallback) refers to buzz.o(.text.Buzz_Off) for Buzz_Off
    user_tim.o(.text.HAL_TIM_PeriodElapsedCallback) refers to buzz.o(.text.Buzz_On) for Buzz_On
    user_tim.o(.ARM.exidx.text.HAL_TIM_PeriodElapsedCallback) refers to user_tim.o(.text.HAL_TIM_PeriodElapsedCallback) for [Anonymous Symbol]
    user_rtc.o(.text.HAL_RTCEx_RTCEventCallback) refers to user_rtc.o(.bss..L_MergedGlobals) for .L_MergedGlobals
    user_rtc.o(.text.HAL_RTCEx_RTCEventCallback) refers to stm32f1xx_hal_rtc.o(.text.HAL_RTC_GetTime) for HAL_RTC_GetTime
    user_rtc.o(.text.HAL_RTCEx_RTCEventCallback) refers to stm32f1xx_hal_rtc.o(.text.HAL_RTC_GetDate) for HAL_RTC_GetDate
    user_rtc.o(.text.HAL_RTCEx_RTCEventCallback) refers to menu.o(.data.clock_yn) for clock_yn
    user_rtc.o(.text.HAL_RTCEx_RTCEventCallback) refers to menu.o(.bss..L_MergedGlobals.13) for clock1_cnt
    user_rtc.o(.text.HAL_RTCEx_RTCEventCallback) refers to buzz.o(.text.Buzz_Off) for Buzz_Off
    user_rtc.o(.text.HAL_RTCEx_RTCEventCallback) refers to buzz.o(.text.Buzz_On) for Buzz_On
    user_rtc.o(.ARM.exidx.text.HAL_RTCEx_RTCEventCallback) refers to user_rtc.o(.text.HAL_RTCEx_RTCEventCallback) for [Anonymous Symbol]
    main.o(.text.main) refers to stm32f1xx_hal.o(.text.HAL_Init) for HAL_Init
    main.o(.text.main) refers to main.o(.text.SystemClock_Config) for SystemClock_Config
    main.o(.text.main) refers to gpio.o(.text.MX_GPIO_Init) for MX_GPIO_Init
    main.o(.text.main) refers to tim.o(.text.MX_TIM2_Init) for MX_TIM2_Init
    main.o(.text.main) refers to rtc.o(.text.MX_RTC_Init) for MX_RTC_Init
    main.o(.text.main) refers to tim.o(.text.MX_TIM1_Init) for MX_TIM1_Init
    main.o(.text.main) refers to tim.o(.text.MX_TIM3_Init) for MX_TIM3_Init
    main.o(.text.main) refers to tim.o(.text.MX_TIM4_Init) for MX_TIM4_Init
    main.o(.text.main) refers to usart.o(.text.MX_USART1_UART_Init) for MX_USART1_UART_Init
    main.o(.text.main) refers to oled.o(.text.OLED_Init) for OLED_Init
    main.o(.text.main) refers to key.o(.text.Key_Init) for Key_Init
    main.o(.text.main) refers to tim.o(.bss.htim2) for htim2
    main.o(.text.main) refers to stm32f1xx_hal_tim.o(.text.HAL_TIM_Base_Start_IT) for HAL_TIM_Base_Start_IT
    main.o(.text.main) refers to menu.o(.text.Menu2_Clock) for Menu2_Clock
    main.o(.text.main) refers to menu.o(.text.Menu1) for Menu1
    main.o(.text.main) refers to menu.o(.text.Menu2_Timer) for Menu2_Timer
    main.o(.text.main) refers to menu.o(.text.Menu2_Setting) for Menu2_Setting
[...]
    Removing stm32f1xx_hal_uart.o(.text.HAL_UART_Abort), (482 bytes).
    Removing stm32f1xx_hal_uart.o(.ARM.exidx.text.HAL_UART_Abort), (8 bytes).
    Removing stm32f1xx_hal_uart.o(.text.HAL_UART_AbortTransmit), (208 bytes).
    Removing stm32f1xx_hal_uart.o(.ARM.exidx.text.HAL_UART_AbortTransmit), (8 bytes).
    Removing stm32f1xx_hal_uart.o(.text.HAL_UART_AbortReceive), (366 bytes).
    Removing stm32f1xx_hal_uart.o(.ARM.exidx.text.HAL_UART_AbortReceive), (8 bytes).
    Removing stm32f1xx_hal_uart.o(.text.HAL_UART_Abort_IT), (516 bytes).
    Removing stm32f1xx_hal_uart.o(.ARM.exidx.text.HAL_UART_Abort_IT), (8 bytes).
    Removing stm32f1xx_hal_uart.o(.text.UART_DMATxAbortCallback), (42 bytes).
    Removing stm32f1xx_hal_uart.o(.ARM.exidx.text.UART_DMATxAbortCallback), (8 bytes).
    Removing stm32f1xx_hal_uart.o(.text.UART_DMARxAbortCallback), (42 bytes).
    Removing stm32f1xx_hal_uart.o(.ARM.exidx.text.UART_DMARxAbortCallback), (8 bytes).
    Removing stm32f1xx_hal_uart.o(.text.HAL_UART_AbortCpltCallback), (2 bytes).
    Removing stm32f1xx_hal_uart.o(.ARM.exidx.text.HAL_UART_AbortCpltCallback), (8 bytes).
    Removing stm32f1xx_hal_uart.o(.text.HAL_UART_AbortTransmit_IT), (214 bytes).
    Removing stm32f1xx_hal_uart.o(.ARM.exidx.text.HAL_UART_AbortTransmit_IT), (8 bytes).
    Removing stm32f1xx_hal_uart.o(.text.UART_DMATxOnlyAbortCallback), (16 bytes).
    Removing stm32f1xx_hal_uart.o(.ARM.exidx.text.UART_DMATxOnlyAbortCallback), (8 bytes).
    Removing stm32f1xx_hal_uart.o(.text.HAL_UART_AbortTransmitCpltCallback), (2 bytes).
    Removing stm32f1xx_hal_uart.o(.ARM.exidx.text.HAL_UART_AbortTransmitCpltCallback), (8 bytes).
    Removing stm32f1xx_hal_uart.o(.text.HAL_UART_AbortReceive_IT), (372 bytes).
    Removing stm32f1xx_hal_uart.o(.ARM.exidx.text.HAL_UART_AbortReceive_IT), (8 bytes).
    Removing stm32f1xx_hal_uart.o(.text.UART_DMARxOnlyAbortCallback), (18 bytes).
    Removing stm32f1xx_hal_uart.o(.ARM.exidx.text.UART_DMARxOnlyAbortCallback), (8 bytes).
    Removing stm32f1xx_hal_uart.o(.text.HAL_UART_AbortReceiveCpltCallback), (2 bytes).
    Removing stm32f1xx_hal_uart.o(.ARM.exidx.text.HAL_UART_AbortReceiveCpltCallback), (8 bytes).
    Removing stm32f1xx_hal_uart.o(.text.HAL_UART_IRQHandler), (1392 bytes).
    Removing stm32f1xx_hal_uart.o(.ARM.exidx.text.HAL_UART_IRQHandler), (8 bytes).
    Removing stm32f1xx_hal_uart.o(.text.UART_Receive_IT), (254 bytes).
    Removing stm32f1xx_hal_uart.o(.ARM.exidx.text.UART_Receive_IT), (8 bytes).
    Removing stm32f1xx_hal_uart.o(.text.UART_DMAAbortOnError), (12 bytes).
    Removing stm32f1xx_hal_uart.o(.ARM.exidx.text.UART_DMAAbortOnError), (8 bytes).
    Removing stm32f1xx_hal_uart.o(.text.HAL_UART_ErrorCallback), (2 bytes).
    Removing stm32f1xx_hal_uart.o(.ARM.exidx.text.HAL_UART_ErrorCallback), (8 bytes).
    Removing stm32f1xx_hal_uart.o(.text.HAL_UARTEx_RxEventCallback), (2 bytes).
    Removing stm32f1xx_hal_uart.o(.ARM.exidx.text.HAL_UARTEx_RxEventCallback), (8 bytes).
    Removing stm32f1xx_hal_uart.o(.text.HAL_UART_TxCpltCallback), (2 bytes).
    Removing stm32f1xx_hal_uart.o(.ARM.exidx.text.HAL_UART_TxCpltCallback), (8 bytes).
    Removing stm32f1xx_hal_uart.o(.text.HAL_UART_TxHalfCpltCallback), (2 bytes).
    Removing stm32f1xx_hal_uart.o(.ARM.exidx.text.HAL_UART_TxHalfCpltCallback), (8 bytes).
    Removing stm32f1xx_hal_uart.o(.text.HAL_UART_RxCpltCallback), (2 bytes).
    Removing stm32f1xx_hal_uart.o(.ARM.exidx.text.HAL_UART_RxCpltCallback), (8 bytes).
    Removing stm32f1xx_hal_uart.o(.text.HAL_UART_RxHalfCpltCallback), (2 bytes).
    Removing stm32f1xx_hal_uart.o(.ARM.exidx.text.HAL_UART_RxHalfCpltCallback), (8 bytes).
    Removing stm32f1xx_hal_uart.o(.text.HAL_LIN_SendBreak), (114 bytes).
    Removing stm32f1xx_hal_uart.o(.ARM.exidx.text.HAL_LIN_SendBreak), (8 bytes).
    Removing stm32f1xx_hal_uart.o(.text.HAL_MultiProcessor_EnterMuteMode), (116 bytes).
    Removing stm32f1xx_hal_uart.o(.ARM.exidx.text.HAL_MultiProcessor_EnterMuteMode), (8 bytes).
    Removing stm32f1xx_hal_uart.o(.text.HAL_MultiProcessor_ExitMuteMode), (116 bytes).
    Removing stm32f1xx_hal_uart.o(.ARM.exidx.text.HAL_MultiProcessor_ExitMuteMode), (8 bytes).
    Removing stm32f1xx_hal_uart.o(.text.HAL_HalfDuplex_EnableTransmitter), (44 bytes).
    Removing stm32f1xx_hal_uart.o(.ARM.exidx.text.HAL_HalfDuplex_EnableTransmitter), (8 bytes).
    Removing stm32f1xx_hal_uart.o(.text.HAL_HalfDuplex_EnableReceiver), (46 bytes).
    Removing stm32f1xx_hal_uart.o(.ARM.exidx.text.HAL_HalfDuplex_EnableReceiver), (8 bytes).
    Removing stm32f1xx_hal_uart.o(.text.HAL_UART_GetState), (14 bytes).
    Removing stm32f1xx_hal_uart.o(.ARM.exidx.text.HAL_UART_GetState), (8 bytes).
    Removing stm32f1xx_hal_uart.o(.text.HAL_UART_GetError), (4 bytes).
    Removing stm32f1xx_hal_uart.o(.ARM.exidx.text.HAL_UART_GetError), (8 bytes).
    Removing stm32f1xx_hal_uart.o(.text.UART_DMAReceiveCplt), (350 bytes).
    Removing stm32f1xx_hal_uart.o(.ARM.exidx.text.UART_DMAReceiveCplt), (8 bytes).
    Removing stm32f1xx_hal_uart.o(.text.UART_DMARxHalfCplt), (24 bytes).
    Removing stm32f1xx_hal_uart.o(.ARM.exidx.text.UART_DMARxHalfCplt), (8 bytes).
    Removing system_stm32f1xx.o(.text), (0 bytes).
    Removing system_stm32f1xx.o(.ARM.exidx.text.SystemInit), (8 bytes).
    Removing system_stm32f1xx.o(.text.SystemCoreClockUpdate), (92 bytes).
    Removing system_stm32f1xx.o(.ARM.exidx.text.SystemCoreClockUpdate), (8 bytes).
    Removing delay.o(.text), (0 bytes).
    Removing delay.o(.text.Delay_us), (56 bytes).
    Removing delay.o(.ARM.exidx.text.Delay_us), (8 bytes).
    Removing delay.o(.text.Delay_ms), (372 bytes).
    Removing delay.o(.ARM.exidx.text.Delay_ms), (8 bytes).
    Removing delay.o(.text.Delay_s), (258 bytes).
    Removing delay.o(.ARM.exidx.text.Delay_s), (8 bytes).
    Removing key.o(.text), (0 bytes).
    Removing key.o(.ARM.exidx.text.Key_Init), (8 bytes).
    Removing key.o(.ARM.exidx.text.Key_GetNum), (8 bytes).
    Removing key.o(.text.Key_GetState), (94 bytes).
    Removing key.o(.ARM.exidx.text.Key_GetState), (8 bytes).
    Removing key.o(.ARM.exidx.text.Key_Kick), (8 bytes).
    Removing oled.o(.text), (0 bytes).
    Removing oled.o(.text.OLED_W_SCL), (18 bytes).
    Removing oled.o(.ARM.exidx.text.OLED_W_SCL), (8 bytes).
    Removing oled.o(.text.OLED_W_SDA), (18 bytes).
    Removing oled.o(.ARM.exidx.text.OLED_W_SDA), (8 bytes).
    Removing oled.o(.text.OLED_GPIO_Init), (88 bytes).
    Removing oled.o(.ARM.exidx.text.OLED_GPIO_Init), (8 bytes).
    Removing oled.o(.text.OLED_I2C_Start), (62 bytes).
    Removing oled.o(.ARM.exidx.text.OLED_I2C_Start), (8 bytes).
    Removing oled.o(.text.OLED_I2C_Stop), (50 bytes).
    Removing oled.o(.ARM.exidx.text.OLED_I2C_Stop), (8 bytes).
    Removing oled.o(.ARM.exidx.text.OLED_I2C_SendByte), (8 bytes).
    Removing oled.o(.ARM.exidx.text.OLED_WriteCommand), (8 bytes).
    Removing oled.o(.ARM.exidx.text.OLED_WriteData), (8 bytes).
    Removing oled.o(.ARM.exidx.text.OLED_Init), (8 bytes).
    Removing oled.o(.ARM.exidx.text.OLED_Clear), (8 bytes).
    Removing oled.o(.ARM.exidx.text.OLED_Update), (8 bytes).
    Removing oled.o(.text.OLED_SetCursor), (32 bytes).
    Removing oled.o(.ARM.exidx.text.OLED_SetCursor), (8 bytes).
    Removing oled.o(.text.OLED_Pow), (74 bytes).
    Removing oled.o(.ARM.exidx.text.OLED_Pow), (8 bytes).
    Removing oled.o(.text.OLED_pnpoly), (128 bytes).
    Removing oled.o(.ARM.exidx.text.OLED_pnpoly), (8 bytes).
    Removing oled.o(.text.OLED_IsInAngle), (126 bytes).
    Removing oled.o(.ARM.exidx.text.OLED_IsInAngle), (8 bytes).
    Removing oled.o(.ARM.exidx.text.OLED_UpdateArea), (8 bytes).
    Removing oled.o(.text.OLED_ClearArea), (234 bytes).
    Removing oled.o(.ARM.exidx.text.OLED_ClearArea), (8 bytes).
    Removing oled.o(.text.OLED_Reverse), (1358 bytes).
    Removing oled.o(.ARM.exidx.text.OLED_Reverse), (8 bytes).
    Removing oled.o(.ARM.exidx.text.OLED_ReverseArea), (8 bytes).
    Removing oled.o(.text.OLED_ShowChar), (80 bytes).
    Removing oled.o(.ARM.exidx.text.OLED_ShowChar), (8 bytes).
    Removing oled.o(.ARM.exidx.text.OLED_ShowImage), (8 bytes).
    Removing oled.o(.ARM.exidx.text.OLED_ShowString), (8 bytes).
    Removing oled.o(.text.OLED_ShowNum), (410 bytes).
    Removing oled.o(.ARM.exidx.text.OLED_ShowNum), (8 bytes).
    Removing oled.o(.text.OLED_ShowSignedNum), (538 bytes).
    Removing oled.o(.ARM.exidx.text.OLED_ShowSignedNum), (8 bytes).
    Removing oled.o(.text.OLED_ShowHexNum), (266 bytes).
    Removing oled.o(.ARM.exidx.text.OLED_ShowHexNum), (8 bytes).
    Removing oled.o(.text.OLED_ShowBinNum), (328 bytes).
    Removing oled.o(.ARM.exidx.text.OLED_ShowBinNum), (8 bytes).
    Removing oled.o(.text.OLED_ShowFloatNum), (432 bytes).
    Removing oled.o(.ARM.exidx.text.OLED_ShowFloatNum), (8 bytes).
    Removing oled.o(.ARM.exidx.text.OLED_Printf), (8 bytes).
    Removing oled.o(.text.OLED_DrawPoint), (50 bytes).
    Removing oled.o(.ARM.exidx.text.OLED_DrawPoint), (8 bytes).
    Removing oled.o(.text.OLED_GetPoint), (50 bytes).
    Removing oled.o(.ARM.exidx.text.OLED_GetPoint), (8 bytes).
    Removing oled.o(.ARM.exidx.text.OLED_DrawLine), (8 bytes).
    Removing oled.o(.text.OLED_DrawRectangle), (524 bytes).
    Removing oled.o(.ARM.exidx.text.OLED_DrawRectangle), (8 bytes).
    Removing oled.o(.text.OLED_DrawTriangle), (520 bytes).
    Removing oled.o(.ARM.exidx.text.OLED_DrawTriangle), (8 bytes).
    Removing oled.o(.text.OLED_DrawCircle), (2434 bytes).
    Removing oled.o(.ARM.exidx.text.OLED_DrawCircle), (8 bytes).
    Removing oled.o(.text.OLED_DrawEllipse), (2554 bytes).
    Removing oled.o(.ARM.exidx.text.OLED_DrawEllipse), (8 bytes).
    Removing oled.o(.text.OLED_DrawArc), (2586 bytes).
    Removing oled.o(.ARM.exidx.text.OLED_DrawArc), (8 bytes).
    Removing oled.o(.ARM.exidx.text.OLED_Animation), (8 bytes).
    Removing oled.o(.ARM.exidx.text.OLED_AnimUpdate), (8 bytes).
    Removing oled_data.o(.text), (0 bytes).
    Removing oled_data.o(.rodata.Diode), (32 bytes).
    Removing menu.o(.text), (0 bytes).
    Removing menu.o(.ARM.exidx.text.Menu1), (8 bytes).
    Removing menu.o(.ARM.exidx.text.Menu3_Clock_Setting), (8 bytes).
    Removing menu.o(.ARM.exidx.text.Menu2_Clock), (8 bytes).
    Removing menu.o(.ARM.exidx.text.Menu2_Setting), (8 bytes).
    Removing menu.o(.ARM.exidx.text.Menu3_Timer_Setting), (8 bytes).
    Removing menu.o(.ARM.exidx.text.Menu2_Timer), (8 bytes).
    Removing buzz.o(.text), (0 bytes).
    Removing buzz.o(.ARM.exidx.text.Buzz_On), (8 bytes).
    Removing buzz.o(.ARM.exidx.text.Buzz_Off), (8 bytes).
    Removing fadd.o(.text), (176 bytes).
    Removing fcmpgt.o(.text), (28 bytes).
    Removing dcmple.o(.text), (54 bytes).
    Removing dcmplt.o(.text), (54 bytes).
    Removing dcmpgt.o(.text), (54 bytes).
    Removing fflti.o(.text), (18 bytes).
    Removing dflti.o(.text), (34 bytes).
    Removing dfltui.o(.text), (26 bytes).
    Removing dfixi.o(.text), (62 bytes).
    Removing dfixui.o(.text), (50 bytes).
    Removing d2f.o(.text), (56 bytes).
    Removing fepilogue.o(.text), (110 bytes).
    Removing drnd.o(.text), (136 bytes).
    Removing cdcmple.o(.text), (48 bytes).
    Removing dscalb.o(.text), (46 bytes).

863 unused section(s) (total 59270 bytes) removed from the image.

==============================================================================

Image Symbol Table

    Local Symbols

    Symbol Name                              Value     Ov Type        Size  Object(Section)

    ../clib/division.s                       0x00000000   Number         0  aeabi_sdiv.o ABSOLUTE
    ../clib/microlib/division.c              0x00000000   Number         0  uidiv.o ABSOLUTE
    ../clib/microlib/division.c              0x00000000   Number         0  uldiv.o ABSOLUTE
    ../clib/microlib/errno.c                 0x00000000   Number         0  errno.o ABSOLUTE
    ../clib/microlib/init/entry.s            0x00000000   Number         0  entry.o ABSOLUTE
    ../clib/microlib/init/entry.s            0x00000000   Number         0  entry2.o ABSOLUTE
    ../clib/microlib/init/entry.s            0x00000000   Number         0  entry5.o ABSOLUTE
    ../clib/microlib/init/entry.s            0x00000000   Number         0  entry7a.o ABSOLUTE
    ../clib/microlib/init/entry.s            0x00000000   Number         0  entry7b.o ABSOLUTE
    ../clib/microlib/init/entry.s            0x00000000   Number         0  entry8a.o ABSOLUTE
    ../clib/microlib/init/entry.s            0x00000000   Number         0  entry8b.o ABSOLUTE
    ../clib/microlib/init/entry.s            0x00000000   Number         0  entry9a.o ABSOLUTE
    ../clib/microlib/init/entry.s            0x00000000   Number         0  entry9b.o ABSOLUTE
    ../clib/microlib/init/entry.s            0x00000000   Number         0  entry10a.o ABSOLUTE
    ../clib/microlib/init/entry.s            0x00000000   Number         0  entry10b.o ABSOLUTE
    ../clib/microlib/init/entry.s            0x00000000   Number         0  entry11a.o ABSOLUTE
    ../clib/microlib/init/entry.s            0x00000000   Number         0  entry11b.o ABSOLUTE
    ../clib/microlib/longlong.c              0x00000000   Number         0  llshl.o ABSOLUTE
    ../clib/microlib/longlong.c              0x00000000   Number         0  llushr.o ABSOLUTE
    ../clib/microlib/longlong.c              0x00000000   Number         0  llsshr.o ABSOLUTE
    ../clib/microlib/printf/printf.c         0x00000000   Number         0  printfa.o ABSOLUTE
    ../clib/microlib/stdio/fputc.c           0x00000000   Number         0  fputc.o ABSOLUTE
    ../clib/microlib/stdio/fputc.c           0x00000000   Number         0  fputc_h.o ABSOLUTE
    ../clib/microlib/stdio/semi.s            0x00000000   Number         0  semi.o ABSOLUTE
    ../clib/microlib/stdio/streams.c         0x00000000   Number         0  stdout.o ABSOLUTE
    ../clib/microlib/string/memset.c         0x00000000   Number         0  memseta.o ABSOLUTE
    ../clib/microlib/string/strcmp.c         0x00000000   Number         0  strcmp.o ABSOLUTE
    ../clib/microlib/stubs.s                 0x00000000   Number         0  iusefp.o ABSOLUTE
    ../clib/microlib/stubs.s                 0x00000000   Number         0  iusesemip.o ABSOLUTE
    ../fplib/microlib/d2f.c                  0x00000000   Number         0  d2f.o ABSOLUTE
    ../fplib/microlib/fpadd.c                0x00000000   Number         0  fadd.o ABSOLUTE
    ../fplib/microlib/fpadd.c                0x00000000   Number         0  dadd.o ABSOLUTE
    ../fplib/microlib/fpcmp.c                0x00000000   Number         0  fcmpgt.o ABSOLUTE
    ../fplib/microlib/fpcmp.c                0x00000000   Number         0  dcmple.o ABSOLUTE
    ../fplib/microlib/fpcmp.c                0x00000000   Number         0  dcmplt.o ABSOLUTE
    ../fplib/microlib/fpcmp.c                0x00000000   Number         0  dcmpgt.o ABSOLUTE
    ../fplib/microlib/fpdiv.c                0x00000000   Number         0  ddiv.o ABSOLUTE
    ../fplib/microlib/fpepilogue.c           0x00000000   Number         0  fepilogue.o ABSOLUTE
    ../fplib/microlib/fpepilogue.c           0x00000000   Number         0  depilogue.o ABSOLUTE
    ../fplib/microlib/fpfix.c                0x00000000   Number         0  dfixi.o ABSOLUTE
    ../fplib/microlib/fpfix.c                0x00000000   Number         0  dfixui.o ABSOLUTE
    ../fplib/microlib/fpfix.c                0x00000000   Number         0  dfixul.o ABSOLUTE
    ../fplib/microlib/fpflt.c                0x00000000   Number         0  fflti.o ABSOLUTE
    ../fplib/microlib/fpflt.c                0x00000000   Number         0  dflti.o ABSOLUTE
    ../fplib/microlib/fpflt.c                0x00000000   Number         0  dfltui.o ABSOLUTE
    ../fplib/microlib/fpmul.c                0x00000000   Number         0  dmul.o ABSOLUTE
    ../fplib/microlib/fprnd.c                0x00000000   Number         0  drnd.o ABSOLUTE
    ../fplib/microlib/fpscalb.c              0x00000000   Number         0  dscalb.o ABSOLUTE
    ../mathlib/atan.c                        0x00000000   Number         0  atan.o ABSOLUTE
    ../mathlib/atan2.c                       0x00000000   Number         0  atan2.o ABSOLUTE
    ../mathlib/dunder.c                      0x00000000   Number         0  dunder.o ABSOLUTE
    ../mathlib/fpclassify.c                  0x00000000   Number         0  fpclassify.o ABSOLUTE
    ../mathlib/poly.c                        0x00000000   Number         0  poly.o ABSOLUTE
    ../mathlib/qnan.c                        0x00000000   Number         0  qnan.o ABSOLUTE
    ../mathlib/round.c                       0x00000000   Number         0  round.o ABSOLUTE
    Delay.c                                  0x00000000   Number         0  delay.o ABSOLUTE
    Menu.c                                   0x00000000   Number         0  menu.o ABSOLUTE
    OLED.c                                   0x00000000   Number         0  oled.o ABSOLUTE
    OLED_Data.c                              0x00000000   Number         0  oled_data.o ABSOLUTE
    buzz.c                                   0x00000000   Number         0  buzz.o ABSOLUTE
    cdcmple.s                                0x00000000   Number         0  cdcmple.o ABSOLUTE
    cdrcmple.s                               0x00000000   Number         0  cdrcmple.o ABSOLUTE
    dc.s                                     0x00000000   Number         0  dc.o ABSOLUTE
    gpio.c                                   0x00000000   Number         0  gpio.o ABSOLUTE
    handlers.s                               0x00000000   Number         0  handlers.o ABSOLUTE
    init.s                                   0x00000000   Number         0  init.o ABSOLUTE
    key.c                                    0x00000000   Number         0  key.o ABSOLUTE
    main.c                                   0x00000000   Number         0  main.o ABSOLUTE
    rtc.c                                    0x00000000   Number         0  rtc.o ABSOLUTE
    startup_stm32f103xb.s                    0x00000000   Number         0  startup_stm32f103xb.o ABSOLUTE
    stm32f1xx_hal.c                          0x00000000   Number         0  stm32f1xx_hal.o ABSOLUTE
    stm32f1xx_hal_cortex.c                   0x00000000   Number         0  stm32f1xx_hal_cortex.o ABSOLUTE
    stm32f1xx_hal_dma.c                      0x00000000   Number         0  stm32f1xx_hal_dma.o ABSOLUTE
    stm32f1xx_hal_exti.c                     0x00000000   Number         0  stm32f1xx_hal_exti.o ABSOLUTE
    stm32f1xx_hal_flash.c                    0x00000000   Number         0  stm32f1xx_hal_flash.o ABSOLUTE
    stm32f1xx_hal_flash_ex.c                 0x00000000   Number         0  stm32f1xx_hal_flash_ex.o ABSOLUTE
    stm32f1xx_hal_gpio.c                     0x00000000   Number         0  stm32f1xx_hal_gpio.o ABSOLUTE
    stm32f1xx_hal_gpio_ex.c                  0x00000000   Number         0  stm32f1xx_hal_gpio_ex.o ABSOLUTE
    stm32f1xx_hal_msp.c                      0x00000000   Number         0  stm32f1xx_hal_msp.o ABSOLUTE
    stm32f1xx_hal_pwr.c                      0x00000000   Number         0  stm32f1xx_hal_pwr.o ABSOLUTE
    stm32f1xx_hal_rcc.c                      0x00000000   Number         0  stm32f1xx_hal_rcc.o ABSOLUTE
    stm32f1xx_hal_rcc_ex.c                   0x00000000   Number         0  stm32f1xx_hal_rcc_ex.o ABSOLUTE
    stm32f1xx_hal_rtc.c                      0x00000000   Number         0  stm32f1xx_hal_rtc.o ABSOLUTE
    stm32f1xx_hal_rtc_ex.c                   0x00000000   Number         0  stm32f1xx_hal_rtc_ex.o ABSOLUTE
    stm32f1xx_hal_tim.c                      0x00000000   Number         0  stm32f1xx_hal_tim.o ABSOLUTE
    stm32f1xx_hal_tim_ex.c                   0x00000000   Number         0  stm32f1xx_hal_tim_ex.o ABSOLUTE
    stm32f1xx_hal_uart.c                     0x00000000   Number         0  stm32f1xx_hal_uart.o ABSOLUTE
    stm32f1xx_it.c                           0x00000000   Number         0  stm32f1xx_it.o ABSOLUTE
    system_stm32f1xx.c                       0x00000000   Number         0  system_stm32f1xx.o ABSOLUTE
    tim.c                                    0x00000000   Number         0  tim.o ABSOLUTE
    usart.c                                  0x00000000   Number         0  usart.o ABSOLUTE
    user_rtc.c                               0x00000000   Number         0  user_rtc.o ABSOLUTE
    user_tim.c                               0x00000000   Number         0  user_tim.o ABSOLUTE
    RESET                                    0x08000000   Section      236  startup_stm32f103xb.o(RESET)
    .ARM.Collect$$$$00000000                 0x080000ec   Section        0  entry.o(.ARM.Collect$$$$00000000)
    .ARM.Collect$$$$00000001                 0x080000ec   Section        4  entry2.o(.ARM.Collect$$$$00000001)
    .ARM.Collect$$$$00000004                 0x080000f0   Section        4  entry5.o(.ARM.Collect$$$$00000004)
    .ARM.Collect$$$$00000008                 0x080000f4   Section        0  entry7b.o(.ARM.Collect$$$$00000008)
    .ARM.Collect$$$$0000000A                 0x080000f4   Section        0  entry8b.o(.ARM.Collect$$$$0000000A)
    .ARM.Collect$$$$0000000B                 0x080000f4   Section        8  entry9a.o(.ARM.Collect$$$$0000000B)
    __lit__00000000                          0x080000fc   Data           4  entry2.o(.ARM.Collect$$$$00002712)
    .ARM.Collect$$$$0000000D                 0x080000fc   Section        0  entry10a.o(.ARM.Collect$$$$0000000D)
    .ARM.Collect$$$$0000000F                 0x080000fc   Section        0  entry11a.o(.ARM.Collect$$$$0000000F)
    .ARM.Collect$$$$00002712                 0x080000fc   Section        4  entry2.o(.ARM.Collect$$$$00002712)
    .text                                    0x08000100   Section       36  startup_stm32f103xb.o(.text)
    .text                                    0x08000124   Section        0  memseta.o(.text)
    .text                                    0x08000148   Section        0  strcmp.o(.text)
    .text                                    0x08000164   Section        0  dadd.o(.text)
    .text                                    0x080002b2   Section        0  dmul.o(.text)
    .text                                    0x08000396   Section        0  ddiv.o(.text)
    .text                                    0x08000474   Section        0  uidiv.o(.text)
    .text                                    0x080004a0   Section        0  uldiv.o(.text)
    .text                                    0x08000502   Section        0  llshl.o(.text)
    .text                                    0x08000520   Section        0  llushr.o(.text)
    .text                                    0x08000540   Section        0  llsshr.o(.text)
    .text                                    0x08000564   Section        0  iusefp.o(.text)
    .text                                    0x08000564   Section        0  depilogue.o(.text)
    .text                                    0x0800061e   Section        0  dfixul.o(.text)
    .text                                    0x08000650   Section       48  cdrcmple.o(.text)
    .text                                    0x08000680   Section       48  init.o(.text)
    [Anonymous Symbol]                       0x080006b0   Section        0  stm32f1xx_it.o(.text.BusFault_Handler)
    [Anonymous Symbol]                       0x080006b4   Section        0  buzz.o(.text.Buzz_Off)
    [Anonymous Symbol]                       0x080006c4   Section        0  buzz.o(.text.Buzz_On)
    [Anonymous Symbol]                       0x080006d4   Section        0  stm32f1xx_it.o(.text.DebugMon_Handler)
    [Anonymous Symbol]                       0x080006d8   Section        0  main.o(.text.Error_Handler)
    [Anonymous Symbol]                       0x080006e4   Section        0  stm32f1xx_hal_gpio.o(.text.HAL_GPIO_Init)
    [Anonymous Symbol]                       0x080008f4   Section        0  stm32f1xx_hal_gpio.o(.text.HAL_GPIO_ReadPin)
    [Anonymous Symbol]                       0x08000900   Section        0  stm32f1xx_hal_gpio.o(.text.HAL_GPIO_WritePin)
    [Anonymous Symbol]                       0x0800090c   Section        0  stm32f1xx_hal.o(.text.HAL_GetTick)
    [Anonymous Symbol]                       0x08000918   Section        0  stm32f1xx_hal.o(.text.HAL_IncTick)
    [Anonymous Symbol]                       0x08000934   Section        0  stm32f1xx_hal.o(.text.HAL_Init)
    [Anonymous Symbol]                       0x0800095c   Section        0  stm32f1xx_hal.o(.text.HAL_InitTick)
    [Anonymous Symbol]                       0x080009a4   Section        0  stm32f1xx_hal_msp.o(.text.HAL_MspInit)
    [Anonymous Symbol]                       0x080009e8   Section        0  stm32f1xx_hal_cortex.o(.text.HAL_NVIC_EnableIRQ)
    [Anonymous Symbol]                       0x08000a0c   Section        0  stm32f1xx_hal_cortex.o(.text.HAL_NVIC_SetPriority)
    [Anonymous Symbol]                       0x08000a64   Section        0  stm32f1xx_hal_cortex.o(.text.HAL_NVIC_SetPriorityGrouping)
    [Anonymous Symbol]                       0x08000a84   Section        0  stm32f1xx_hal_pwr.o(.text.HAL_PWR_EnableBkUpAccess)
    [Anonymous Symbol]                       0x08000a90   Section        0  stm32f1xx_hal_rcc_ex.o(.text.HAL_RCCEx_GetPeriphCLKFreq)
    HAL_RCCEx_GetPeriphCLKFreq.aPLLMULFactorTable 0x08000b74   Number         0  stm32f1xx_hal_rcc_ex.o(.text.HAL_RCCEx_GetPeriphCLKFreq)
    HAL_RCCEx_GetPeriphCLKFreq.aPredivFactorTable 0x08000b84   Number         0  stm32f1xx_hal_rcc_ex.o(.text.HAL_RCCEx_GetPeriphCLKFreq)
    [Anonymous Symbol]                       0x08000b88   Section        0  stm32f1xx_hal_rcc_ex.o(.text.HAL_RCCEx_PeriphCLKConfig)
    [Anonymous Symbol]                       0x08000c8c   Section        0  stm32f1xx_hal_rcc.o(.text.HAL_RCC_CSSCallback)
    [Anonymous Symbol]                       0x08000c90   Section        0  stm32f1xx_hal_rcc.o(.text.HAL_RCC_ClockConfig)
    [Anonymous Symbol]                       0x08000e4c   Section        0  stm32f1xx_hal_rcc.o(.text.HAL_RCC_EnableCSS)
    [Anonymous Symbol]                       0x08000e58   Section        0  stm32f1xx_hal_rcc.o(.text.HAL_RCC_GetPCLK1Freq)
    [Anonymous Symbol]                       0x08000e80   Section        0  stm32f1xx_hal_rcc.o(.text.HAL_RCC_GetPCLK2Freq)
    [Anonymous Symbol]                       0x08000ea8   Section        0  stm32f1xx_hal_rcc.o(.text.HAL_RCC_NMI_IRQHandler)
    [Anonymous Symbol]                       0x08000ec4   Section        0  stm32f1xx_hal_rcc.o(.text.HAL_RCC_OscConfig)
    [Anonymous Symbol]                       0x080012c4   Section        0  stm32f1xx_hal_rtc_ex.o(.text.HAL_RTCEx_BKUPRead)
    [Anonymous Symbol]                       0x080012d4   Section        0  stm32f1xx_hal_rtc_ex.o(.text.HAL_RTCEx_BKUPWrite)
    [Anonymous Symbol]                       0x080012e4   Section        0  user_rtc.o(.text.HAL_RTCEx_RTCEventCallback)
    [Anonymous Symbol]                       0x08001400   Section        0  stm32f1xx_hal_rtc_ex.o(.text.HAL_RTCEx_RTCEventErrorCallback)
    [Anonymous Symbol]                       0x08001404   Section        0  stm32f1xx_hal_rtc_ex.o(.text.HAL_RTCEx_RTCIRQHandler)
    [Anonymous Symbol]                       0x08001450   Section        0  stm32f1xx_hal_rtc.o(.text.HAL_RTC_GetDate)
    [Anonymous Symbol]                       0x0800151c   Section        0  stm32f1xx_hal_rtc.o(.text.HAL_RTC_GetTime)
    [Anonymous Symbol]                       0x08001758   Section        0  stm32f1xx_hal_rtc.o(.text.HAL_RTC_Init)
    [Anonymous Symbol]                       0x08001848   Section        0  rtc.o(.text.HAL_RTC_MspInit)
    [Anonymous Symbol]                       0x0800189c   Section        0  stm32f1xx_hal_rtc.o(.text.HAL_RTC_SetDate)
    [Anonymous Symbol]                       0x08001a94   Section        0  stm32f1xx_hal_rtc.o(.text.HAL_RTC_SetTime)
    [Anonymous Symbol]                       0x08001be8   Section        0  stm32f1xx_hal_cortex.o(.text.HAL_SYSTICK_Config)
    [Anonymous Symbol]                       0x08001c14   Section        0  stm32f1xx_hal_tim_ex.o(.text.HAL_TIMEx_BreakCallback)
    [Anonymous Symbol]                       0x08001c18   Section        0  stm32f1xx_hal_tim_ex.o(.text.HAL_TIMEx_CommutCallback)
    [Anonymous Symbol]                       0x08001c1c   Section        0  stm32f1xx_hal_tim_ex.o(.text.HAL_TIMEx_MasterConfigSynchronization)
    [Anonymous Symbol]                       0x08001c9c   Section        0  stm32f1xx_hal_tim.o(.text.HAL_TIM_Base_Init)
    [Anonymous Symbol]                       0x08001d98   Section        0  tim.o(.text.HAL_TIM_Base_MspInit)
    [Anonymous Symbol]                       0x08001e80   Section        0  stm32f1xx_hal_tim.o(.text.HAL_TIM_Base_Start_IT)
    [Anonymous Symbol]                       0x08001ef0   Section        0  stm32f1xx_hal_tim.o(.text.HAL_TIM_Base_Stop_IT)
    [Anonymous Symbol]                       0x08001f2c   Section        0  stm32f1xx_hal_tim.o(.text.HAL_TIM_ConfigClockSource)
    [Anonymous Symbol]                       0x080020cc   Section        0  stm32f1xx_hal_tim.o(.text.HAL_TIM_IC_CaptureCallback)
    [Anonymous Symbol]                       0x080020d0   Section        0  stm32f1xx_hal_tim.o(.text.HAL_TIM_IRQHandler)
    [Anonymous Symbol]                       0x08002220   Section        0  stm32f1xx_hal_tim.o(.text.HAL_TIM_OC_DelayElapsedCallback)
    [Anonymous Symbol]                       0x08002224   Section        0  stm32f1xx_hal_tim.o(.text.HAL_TIM_PWM_PulseFinishedCallback)
    [Anonymous Symbol]                       0x08002228   Section        0  user_tim.o(.text.HAL_TIM_PeriodElapsedCallback)
    [Anonymous Symbol]                       0x08002358   Section        0  stm32f1xx_hal_tim.o(.text.HAL_TIM_TriggerCallback)
    [Anonymous Symbol]                       0x0800235c   Section        0  stm32f1xx_hal_uart.o(.text.HAL_UART_Init)
    [Anonymous Symbol]                       0x08002440   Section        0  usart.o(.text.HAL_UART_MspInit)
    [Anonymous Symbol]                       0x080024c0   Section        0  stm32f1xx_it.o(.text.HardFault_Handler)
    [Anonymous Symbol]                       0x080024c4   Section        0  key.o(.text.Key_GetNum)
    [Anonymous Symbol]                       0x080024d8   Section        0  key.o(.text.Key_Init)
    [Anonymous Symbol]                       0x08002518   Section        0  key.o(.text.Key_Kick)
    [Anonymous Symbol]                       0x080025a0   Section        0  gpio.o(.text.MX_GPIO_Init)
    [Anonymous Symbol]                       0x08002630   Section        0  rtc.o(.text.MX_RTC_Init)
    [Anonymous Symbol]                       0x080027e0   Section        0  tim.o(.text.MX_TIM1_Init)
    [Anonymous Symbol]                       0x08002858   Section        0  tim.o(.text.MX_TIM2_Init)
    [Anonymous Symbol]                       0x080028c8   Section        0  tim.o(.text.MX_TIM3_Init)
    [Anonymous Symbol]                       0x08002940   Section        0  tim.o(.text.MX_TIM4_Init)
    [Anonymous Symbol]                       0x080029b8   Section        0  usart.o(.text.MX_USART1_UART_Init)
    [Anonymous Symbol]                       0x080029f4   Section        0  stm32f1xx_it.o(.text.MemManage_Handler)
    [Anonymous Symbol]                       0x080029f8   Section        0  menu.o(.text.Menu1)
    [Anonymous Symbol]                       0x08002c5c   Section        0  menu.o(.text.Menu2_Clock)
    [Anonymous Symbol]                       0x08003094   Section        0  menu.o(.text.Menu2_Setting)
    [Anonymous Symbol]                       0x080032d4   Section        0  menu.o(.text.Menu2_Timer)
    [Anonymous Symbol]                       0x08003710   Section        0  menu.o(.text.Menu3_Clock_Setting)
    [Anonymous Symbol]                       0x08003c70   Section        0  menu.o(.text.Menu3_Timer_Setting)
    [Anonymous Symbol]                       0x080041b4   Section        0  stm32f1xx_it.o(.text.NMI_Handler)
    [Anonymous Symbol]                       0x080041bc   Section        0  oled.o(.text.OLED_AnimUpdate)
    [Anonymous Symbol]                       0x080041cc   Section        0  oled.o(.text.OLED_Animation)
    [Anonymous Symbol]                       0x080048a4   Section        0  oled.o(.text.OLED_Clear)
    [Anonymous Symbol]                       0x080048b8   Section        0  oled.o(.text.OLED_DrawLine)
    [Anonymous Symbol]                       0x0800534c   Section        0  oled.o(.text.OLED_I2C_SendByte)
    [Anonymous Symbol]                       0x080054a4   Section        0  oled.o(.text.OLED_Init)
    [Anonymous Symbol]                       0x0800559c   Section        0  oled.o(.text.OLED_Printf)
    [Anonymous Symbol]                       0x080055c4   Section        0  oled.o(.text.OLED_ReverseArea)
    [Anonymous Symbol]                       0x080056ac   Section        0  oled.o(.text.OLED_ShowImage)
    [Anonymous Symbol]                       0x08005ca4   Section        0  oled.o(.text.OLED_ShowString)
    [Anonymous Symbol]                       0x08005e84   Section        0  oled.o(.text.OLED_Update)
    [Anonymous Symbol]                       0x08005f70   Section        0  oled.o(.text.OLED_UpdateArea)
    [Anonymous Symbol]                       0x08006020   Section        0  oled.o(.text.OLED_WriteCommand)
    [Anonymous Symbol]                       0x08006098   Section        0  oled.o(.text.OLED_WriteData)
    [Anonymous Symbol]                       0x0800611c   Section        0  stm32f1xx_it.o(.text.PendSV_Handler)
    RTC_DateUpdate                           0x08006121   Thumb Code   728  stm32f1xx_hal_rtc.o(.text.RTC_DateUpdate)
    [Anonymous Symbol]                       0x08006120   Section        0  stm32f1xx_hal_rtc.o(.text.RTC_DateUpdate)
    [Anonymous Symbol]                       0x080063f8   Section        0  stm32f1xx_it.o(.text.RTC_IRQHandler)
    RTC_WriteAlarmCounter                    0x08006405   Thumb Code    96  stm32f1xx_hal_rtc.o(.text.RTC_WriteAlarmCounter)
    [Anonymous Symbol]                       0x08006404   Section        0  stm32f1xx_hal_rtc.o(.text.RTC_WriteAlarmCounter)
    [Anonymous Symbol]                       0x08006464   Section        0  stm32f1xx_it.o(.text.SVC_Handler)
    [Anonymous Symbol]                       0x08006468   Section        0  stm32f1xx_it.o(.text.SysTick_Handler)
    [Anonymous Symbol]                       0x0800646c   Section        0  main.o(.text.SystemClock_Config)
    [Anonymous Symbol]                       0x080064f4   Section        0  system_stm32f1xx.o(.text.SystemInit)
    [Anonymous Symbol]                       0x080064f8   Section        0  stm32f1xx_it.o(.text.TIM1_UP_IRQHandler)
    [Anonymous Symbol]                       0x08006504   Section        0  stm32f1xx_it.o(.text.TIM2_IRQHandler)
    [Anonymous Symbol]                       0x08006510   Section        0  stm32f1xx_it.o(.text.TIM3_IRQHandler)
    [Anonymous Symbol]                       0x0800651c   Section        0  stm32f1xx_it.o(.text.TIM4_IRQHandler)
    [Anonymous Symbol]                       0x08006528   Section        0  stm32f1xx_it.o(.text.UsageFault_Handler)
    [Anonymous Symbol]                       0x0800652c   Section        0  main.o(.text.main)
    i.__0vsprintf                            0x0800658c   Section        0  printfa.o(i.__0vsprintf)
    i.__scatterload_copy                     0x080065b0   Section       14  handlers.o(i.__scatterload_copy)
    i.__scatterload_null                     0x080065be   Section        2  handlers.o(i.__scatterload_null)
    i.__scatterload_zeroinit                 0x080065c0   Section       14  handlers.o(i.__scatterload_zeroinit)
    _fp_digits                               0x080065d1   Thumb Code   366  printfa.o(i._fp_digits)
    i._fp_digits                             0x080065d0   Section        0  printfa.o(i._fp_digits)
    _printf_core                             0x08006755   Thumb Code  1744  printfa.o(i._printf_core)
    i._printf_core                           0x08006754   Section        0  printfa.o(i._printf_core)
    _printf_post_padding                     0x08006e31   Thumb Code    36  printfa.o(i._printf_post_padding)
    i._printf_post_padding                   0x08006e30   Section        0  printfa.o(i._printf_post_padding)
    _printf_pre_padding                      0x08006e55   Thumb Code    46  printfa.o(i._printf_pre_padding)
    i._printf_pre_padding                    0x08006e54   Section        0  printfa.o(i._printf_pre_padding)
    _sputc                                   0x08006e83   Thumb Code    10  printfa.o(i._sputc)
    i._sputc                                 0x08006e82   Section        0  printfa.o(i._sputc)
    HAL_RCC_GetSysClockFreq.aPredivFactorTable 0x08006ea4   Data           2  stm32f1xx_hal_rcc.o(.rodata.HAL_RCC_GetSysClockFreq.aPredivFactorTable)
    [Anonymous Symbol]                       0x08006ea4   Section        0  stm32f1xx_hal_rcc.o(.rodata.HAL_RCC_GetSysClockFreq.aPredivFactorTable)
    HAL_RCC_GetSysClockFreq.aPLLMULFactorTable 0x08007b4b   Data          16  stm32f1xx_hal_rcc.o(.rodata.cst16)
    [Anonymous Symbol]                       0x08007b4b   Section        0  stm32f1xx_hal_rcc.o(.rodata.cst16)
    .L.str.4                                 0x08007b5b   Data          18  menu.o(.rodata.str1.1)
    [Anonymous Symbol]                       0x08007b5b   Section        0  menu.o(.rodata.str1.1)
    .L.str.9                                 0x08007b6d   Data          17  menu.o(.rodata.str1.1)
    .L.str.10                                0x08007b7e   Data          27  menu.o(.rodata.str1.1)
    .L.str.12                                0x08007b99   Data          26  menu.o(.rodata.str1.1)
    .L.str.2                                 0x08007bb3   Data          19  menu.o(.rodata.str1.1)
    .L.str                                   0x08007bc6   Data          19  menu.o(.rodata.str1.1)
    .L.str.8                                 0x08007bd9   Data          30  menu.o(.rodata.str1.1)
    .L.str.11                                0x08007bf7   Data          21  menu.o(.rodata.str1.1)
    .L.str.5                                 0x08007c0c   Data          30  menu.o(.rodata.str1.1)
    .L.str.1                                 0x08007c2a   Data          21  menu.o(.rodata.str1.1)
    .L.str.7                                 0x08007c3f   Data          30  menu.o(.rodata.str1.1)
    .L.str.3                                 0x08007c5d   Data          19  menu.o(.rodata.str1.1)
    .L.str.6                                 0x08007c70   Data          21  menu.o(.rodata.str1.1)
    .L_MergedGlobals                         0x20000000   Data           8  stm32f1xx_hal.o(.data..L_MergedGlobals)
    [Anonymous Symbol]                       0x20000000   Section        0  stm32f1xx_hal.o(.data..L_MergedGlobals)
    .L_MergedGlobals                         0x20000008   Data          14  menu.o(.data..L_MergedGlobals)
    [Anonymous Symbol]                       0x20000008   Section        0  menu.o(.data..L_MergedGlobals)
    .L_MergedGlobals                         0x20000020   Data          20  user_tim.o(.bss..L_MergedGlobals)
    [Anonymous Symbol]                       0x20000020   Section        0  user_tim.o(.bss..L_MergedGlobals)
    HAL_TIM_PeriodElapsedCallback.buzz_cnt1  0x20000021   Data           1  user_tim.o(.bss..L_MergedGlobals)
    HAL_TIM_PeriodElapsedCallback.buzz_cnt2  0x20000022   Data           1  user_tim.o(.bss..L_MergedGlobals)
    HAL_TIM_PeriodElapsedCallback.buzz_cnt3  0x20000023   Data           1  user_tim.o(.bss..L_MergedGlobals)
    HAL_TIM_PeriodElapsedCallback.buzz_flag1 0x20000024   Data           1  user_tim.o(.bss..L_MergedGlobals)
    HAL_TIM_PeriodElapsedCallback.buzz_flag2 0x20000025   Data           1  user_tim.o(.bss..L_MergedGlobals)
    HAL_TIM_PeriodElapsedCallback.buzz_flag3 0x20000026   Data           1  user_tim.o(.bss..L_MergedGlobals)
    HAL_TIM_PeriodElapsedCallback.cnt1       0x20000028   Data           4  user_tim.o(.bss..L_MergedGlobals)
    HAL_TIM_PeriodElapsedCallback.cnt2       0x2000002c   Data           4  user_tim.o(.bss..L_MergedGlobals)
    HAL_TIM_PeriodElapsedCallback.cnt3       0x20000030   Data           4  user_tim.o(.bss..L_MergedGlobals)
    .L_MergedGlobals                         0x20000034   Data          14  user_rtc.o(.bss..L_MergedGlobals)
    [Anonymous Symbol]                       0x20000034   Section        0  user_rtc.o(.bss..L_MergedGlobals)
    HAL_RTCEx_RTCEventCallback.buzz_cnt1     0x20000035   Data           1  user_rtc.o(.bss..L_MergedGlobals)
    HAL_RTCEx_RTCEventCallback.buzz_cnt2     0x20000036   Data           1  user_rtc.o(.bss..L_MergedGlobals)
    HAL_RTCEx_RTCEventCallback.buzz_cnt3     0x20000037   Data           1  user_rtc.o(.bss..L_MergedGlobals)
    HAL_RTCEx_RTCEventCallback.buzz_flag1    0x20000038   Data           1  user_rtc.o(.bss..L_MergedGlobals)
    HAL_RTCEx_RTCEventCallback.buzz_flag2    0x20000039   Data           1  user_rtc.o(.bss..L_MergedGlobals)
    HAL_RTCEx_RTCEventCallback.buzz_flag3    0x2000003a   Data           1  user_rtc.o(.bss..L_MergedGlobals)
    .L_MergedGlobals                         0x20000042   Data           4  key.o(.bss..L_MergedGlobals)
    [Anonymous Symbol]                       0x20000042   Section        0  key.o(.bss..L_MergedGlobals)
    Key_Kick.PreviousState                   0x20000043   Data           1  key.o(.bss..L_MergedGlobals)
    Key_Kick.CurrentState                    0x20000044   Data           1  key.o(.bss..L_MergedGlobals)
    Key_Kick.Count                           0x20000045   Data           1  key.o(.bss..L_MergedGlobals)
    .L_MergedGlobals.13                      0x20000048   Data          36  menu.o(.bss..L_MergedGlobals.13)
    [Anonymous Symbol]                       0x20000048   Section        0  menu.o(.bss..L_MergedGlobals.13)
    STACK                                    0x200005f0   Section     1024  startup_stm32f103xb.o(STACK)

    Global Symbols

    Symbol Name                              Value     Ov Type        Size  Object(Section)

    BuildAttributes$$THM_ISAv4$P$D$K$B$S$PE$A:L22UL41UL21$X:L11$S22US41US21$IEEE1$IW$~IW$USESV6$~STKCKD$USESV7$~SHL$OTIME$ROPI$IEEEX$EBA8$MICROLIB$REQ8$PRES8$EABIv2 0x00000000   Number         0  anon$$obj.o ABSOLUTE
    __cpp_initialize__aeabi_                  - Undefined Weak Reference
    __cxa_finalize                            - Undefined Weak Reference
    __decompress                              - Undefined Weak Reference
    _clock_init                               - Undefined Weak Reference
    _microlib_exit                            - Undefined Weak Reference
    __Vectors_Size                           0x000000ec   Number         0  startup_stm32f103xb.o ABSOLUTE
    __Vectors                                0x08000000   Data           4  startup_stm32f103xb.o(RESET)
    __Vectors_End                            0x080000ec   Data           0  startup_stm32f103xb.o(RESET)
    __main                                   0x080000ed   Thumb Code     0  entry.o(.ARM.Collect$$$$00000000)
    _main_stk                                0x080000ed   Thumb Code     0  entry2.o(.ARM.Collect$$$$00000001)
    _main_scatterload                        0x080000f1   Thumb Code     0  entry5.o(.ARM.Collect$$$$00000004)
    __main_after_scatterload                 0x080000f5   Thumb Code     0  entry5.o(.ARM.Collect$$$$00000004)
    _main_clock                              0x080000f5   Thumb Code     0  entry7b.o(.ARM.Collect$$$$00000008)
    _main_cpp_init                           0x080000f5   Thumb Code     0  entry8b.o(.ARM.Collect$$$$0000000A)
    _main_init                               0x080000f5   Thumb Code     0  entry9a.o(.ARM.Collect$$$$0000000B)
    __rt_final_cpp                           0x080000fd   Thumb Code     0  entry10a.o(.ARM.Collect$$$$0000000D)
    __rt_final_exit                          0x080000fd   Thumb Code     0  entry11a.o(.ARM.Collect$$$$0000000F)
    Reset_Handler                            0x08000101   Thumb Code     8  startup_stm32f103xb.o(.text)
    ADC1_2_IRQHandler                        0x0800011b   Thumb Code     0  startup_stm32f103xb.o(.text)
    CAN1_RX1_IRQHandler                      0x0800011b   Thumb Code     0  startup_stm32f103xb.o(.text)
    CAN1_SCE_IRQHandler                      0x0800011b   Thumb Code     0  startup_stm32f103xb.o(.text)
    DMA1_Channel1_IRQHandler                 0x0800011b   Thumb Code     0  startup_stm32f103xb.o(.text)
    DMA1_Channel2_IRQHandler                 0x0800011b   Thumb Code     0  startup_stm32f103xb.o(.text)
    DMA1_Channel3_IRQHandler                 0x0800011b   Thumb Code     0  startup_stm32f103xb.o(.text)
    DMA1_Channel4_IRQHandler                 0x0800011b   Thumb Code     0  startup_stm32f103xb.o(.text)
    DMA1_Channel5_IRQHandler                 0x0800011b   Thumb Code     0  startup_stm32f103xb.o(.text)
    DMA1_Channel6_IRQHandler                 0x0800011b   Thumb Code     0  startup_stm32f103xb.o(.text)
    DMA1_Channel7_IRQHandler                 0x0800011b   Thumb Code     0  startup_stm32f103xb.o(.text)
    EXTI0_IRQHandler                         0x0800011b   Thumb Code     0  startup_stm32f103xb.o(.text)
    EXTI15_10_IRQHandler                     0x0800011b   Thumb Code     0  startup_stm32f103xb.o(.text)
    EXTI1_IRQHandler                         0x0800011b   Thumb Code     0  startup_stm32f103xb.o(.text)
    EXTI2_IRQHandler                         0x0800011b   Thumb Code     0  startup_stm32f103xb.o(.text)
    EXTI3_IRQHandler                         0x0800011b   Thumb Code     0  startup_stm32f103xb.o(.text)
    EXTI4_IRQHandler                         0x0800011b   Thumb Code     0  startup_stm32f103xb.o(.text)
    EXTI9_5_IRQHandler                       0x0800011b   Thumb Code     0  startup_stm32f103xb.o(.text)
    FLASH_IRQHandler                         0x0800011b   Thumb Code     0  startup_stm32f103xb.o(.text)
    I2C1_ER_IRQHandler                       0x0800011b   Thumb Code     0  startup_stm32f103xb.o(.text)
    I2C1_EV_IRQHandler                       0x0800011b   Thumb Code     0  startup_stm32f103xb.o(.text)
    I2C2_ER_IRQHandler                       0x0800011b   Thumb Code     0  startup_stm32f103xb.o(.text)
    I2C2_EV_IRQHandler                       0x0800011b   Thumb Code     0  startup_stm32f103xb.o(.text)
    PVD_IRQHandler                           0x0800011b   Thumb Code     0  startup_stm32f103xb.o(.text)
    RCC_IRQHandler                           0x0800011b   Thumb Code     0  startup_stm32f103xb.o(.text)
    RTC_Alarm_IRQHandler                     0x0800011b   Thumb Code     0  startup_stm32f103xb.o(.text)
    SPI1_IRQHandler                          0x0800011b   Thumb Code     0  startup_stm32f103xb.o(.text)
    SPI2_IRQHandler                          0x0800011b   Thumb Code     0  startup_stm32f103xb.o(.text)
    TAMPER_IRQHandler                        0x0800011b   Thumb Code     0  startup_stm32f103xb.o(.text)
    TIM1_BRK_IRQHandler                      0x0800011b   Thumb Code     0  startup_stm32f103xb.o(.text)
    TIM1_CC_IRQHandler                       0x0800011b   Thumb Code     0  startup_stm32f103xb.o(.text)
    TIM1_TRG_COM_IRQHandler                  0x0800011b   Thumb Code     0  startup_stm32f103xb.o(.text)
    USART1_IRQHandler                        0x0800011b   Thumb Code     0  startup_stm32f103xb.o(.text)
    USART2_IRQHandler                        0x0800011b   Thumb Code     0  startup_stm32f103xb.o(.text)
    USART3_IRQHandler                        0x0800011b   Thumb Code     0  startup_stm32f103xb.o(.text)
    USBWakeUp_IRQHandler                     0x0800011b   Thumb Code     0  startup_stm32f103xb.o(.text)
    USB_HP_CAN1_TX_IRQHandler                0x0800011b   Thumb Code     0  startup_stm32f103xb.o(.text)
    USB_LP_CAN1_RX0_IRQHandler               0x0800011b   Thumb Code     0  startup_stm32f103xb.o(.text)
    WWDG_IRQHandler                          0x0800011b   Thumb Code     0  startup_stm32f103xb.o(.text)
    __aeabi_memset                           0x08000125   Thumb Code    14  memseta.o(.text)
    __aeabi_memset4                          0x08000125   Thumb Code     0  memseta.o(.text)
    __aeabi_memset8                          0x08000125   Thumb Code     0  memseta.o(.text)
    __aeabi_memclr                           0x08000133   Thumb Code     4  memseta.o(.text)
    __aeabi_memclr4                          0x08000133   Thumb Code     0  memseta.o(.text)
    __aeabi_memclr8                          0x08000133   Thumb Code     0  memseta.o(.text)
    _memset$wrapper                          0x08000137   Thumb Code    18  memseta.o(.text)
    strcmp                                   0x08000149   Thumb Code    28  strcmp.o(.text)
    __aeabi_dadd                             0x08000165   Thumb Code   322  dadd.o(.text)
    __aeabi_dsub                             0x080002a7   Thumb Code     6  dadd.o(.text)
    __aeabi_drsub                            0x080002ad   Thumb Code     6  dadd.o(.text)
    __aeabi_dmul                             0x080002b3   Thumb Code   228  dmul.o(.text)
    __aeabi_ddiv                             0x08000397   Thumb Code   222  ddiv.o(.text)
    __aeabi_uidiv                            0x08000475   Thumb Code     0  uidiv.o(.text)
    __aeabi_uidivmod                         0x08000475   Thumb Code    44  uidiv.o(.text)
    __aeabi_uldivmod                         0x080004a1   Thumb Code    98  uldiv.o(.text)
    __aeabi_llsl                             0x08000503   Thumb Code    30  llshl.o(.text)
    _ll_shift_l                              0x08000503   Thumb Code     0  llshl.o(.text)
    __aeabi_llsr                             0x08000521   Thumb Code    32  llushr.o(.text)
    _ll_ushift_r                             0x08000521   Thumb Code     0  llushr.o(.text)
    __aeabi_lasr                             0x08000541   Thumb Code    36  llsshr.o(.text)
    _ll_sshift_r                             0x08000541   Thumb Code     0  llsshr.o(.text)
    __I$use$fp                               0x08000565   Thumb Code     0  iusefp.o(.text)
    _double_round                            0x08000565   Thumb Code    30  depilogue.o(.text)
    _double_epilogue                         0x08000583   Thumb Code   156  depilogue.o(.text)
    __aeabi_d2ulz                            0x0800061f   Thumb Code    48  dfixul.o(.text)
    __aeabi_cdrcmple                         0x08000651   Thumb Code    48  cdrcmple.o(.text)
    __scatterload                            0x08000681   Thumb Code    38  init.o(.text)
    __scatterload_rt2                        0x08000681   Thumb Code     0  init.o(.text)
    BusFault_Handler                         0x080006b1   Thumb Code     2  stm32f1xx_it.o(.text.BusFault_Handler)
    Buzz_Off                                 0x080006b5   Thumb Code    16  buzz.o(.text.Buzz_Off)
    Buzz_On                                  0x080006c5   Thumb Code    16  buzz.o(.text.Buzz_On)
    DebugMon_Handler                         0x080006d5   Thumb Code     2  stm32f1xx_it.o(.text.DebugMon_Handler)
    Error_Handler                            0x080006d9   Thumb Code    10  main.o(.text.Error_Handler)
    HAL_GPIO_Init                            0x080006e5   Thumb Code   526  stm32f1xx_hal_gpio.o(.text.HAL_GPIO_Init)
    HAL_GPIO_ReadPin                         0x080008f5   Thumb Code    10  stm32f1xx_hal_gpio.o(.text.HAL_GPIO_ReadPin)
    HAL_GPIO_WritePin                        0x08000901   Thumb Code    10  stm32f1xx_hal_gpio.o(.text.HAL_GPIO_WritePin)
    HAL_GetTick                              0x0800090d   Thumb Code    12  stm32f1xx_hal.o(.text.HAL_GetTick)
    HAL_IncTick                              0x08000919   Thumb Code    26  stm32f1xx_hal.o(.text.HAL_IncTick)
    HAL_Init                                 0x08000935   Thumb Code    38  stm32f1xx_hal.o(.text.HAL_Init)
    HAL_InitTick                             0x0800095d   Thumb Code    72  stm32f1xx_hal.o(.text.HAL_InitTick)
    HAL_MspInit                              0x080009a5   Thumb Code    66  stm32f1xx_hal_msp.o(.text.HAL_MspInit)
    HAL_NVIC_EnableIRQ                       0x080009e9   Thumb Code    34  stm32f1xx_hal_cortex.o(.text.HAL_NVIC_EnableIRQ)
    HAL_NVIC_SetPriority                     0x08000a0d   Thumb Code    86  stm32f1xx_hal_cortex.o(.text.HAL_NVIC_SetPriority)
    HAL_NVIC_SetPriorityGrouping             0x08000a65   Thumb Code    32  stm32f1xx_hal_cortex.o(.text.HAL_NVIC_SetPriorityGrouping)
    HAL_PWR_EnableBkUpAccess                 0x08000a85   Thumb Code    12  stm32f1xx_hal_pwr.o(.text.HAL_PWR_EnableBkUpAccess)
    HAL_RCCEx_GetPeriphCLKFreq               0x08000a91   Thumb Code   228  stm32f1xx_hal_rcc_ex.o(.text.HAL_RCCEx_GetPeriphCLKFreq)
    HAL_RCCEx_PeriphCLKConfig                0x08000b89   Thumb Code   258  stm32f1xx_hal_rcc_ex.o(.text.HAL_RCCEx_PeriphCLKConfig)
    HAL_RCC_CSSCallback                      0x08000c8d   Thumb Code     2  stm32f1xx_hal_rcc.o(.text.HAL_RCC_CSSCallback)
    HAL_RCC_ClockConfig                      0x08000c91   Thumb Code   442  stm32f1xx_hal_rcc.o(.text.HAL_RCC_ClockConfig)
    HAL_RCC_EnableCSS                        0x08000e4d   Thumb Code    12  stm32f1xx_hal_rcc.o(.text.HAL_RCC_EnableCSS)
    HAL_RCC_GetPCLK1Freq                     0x08000e59   Thumb Code    38  stm32f1xx_hal_rcc.o(.text.HAL_RCC_GetPCLK1Freq)
    HAL_RCC_GetPCLK2Freq                     0x08000e81   Thumb Code    38  stm32f1xx_hal_rcc.o(.text.HAL_RCC_GetPCLK2Freq)
    HAL_RCC_NMI_IRQHandler                   0x08000ea9   Thumb Code    28  stm32f1xx_hal_rcc.o(.text.HAL_RCC_NMI_IRQHandler)
    HAL_RCC_OscConfig                        0x08000ec5   Thumb Code  1024  stm32f1xx_hal_rcc.o(.text.HAL_RCC_OscConfig)
    HAL_RTCEx_BKUPRead                       0x080012c5   Thumb Code    16  stm32f1xx_hal_rtc_ex.o(.text.HAL_RTCEx_BKUPRead)
    HAL_RTCEx_BKUPWrite                      0x080012d5   Thumb Code    16  stm32f1xx_hal_rtc_ex.o(.text.HAL_RTCEx_BKUPWrite)
    HAL_RTCEx_RTCEventCallback               0x080012e5   Thumb Code   282  user_rtc.o(.text.HAL_RTCEx_RTCEventCallback)
    HAL_RTCEx_RTCEventErrorCallback          0x08001401   Thumb Code     2  stm32f1xx_hal_rtc_ex.o(.text.HAL_RTCEx_RTCEventErrorCallback)
    HAL_RTCEx_RTCIRQHandler                  0x08001405   Thumb Code    74  stm32f1xx_hal_rtc_ex.o(.text.HAL_RTCEx_RTCIRQHandler)
    HAL_RTC_GetDate                          0x08001451   Thumb Code   202  stm32f1xx_hal_rtc.o(.text.HAL_RTC_GetDate)
    HAL_RTC_GetTime                          0x0800151d   Thumb Code   570  stm32f1xx_hal_rtc.o(.text.HAL_RTC_GetTime)
    HAL_RTC_Init                             0x08001759   Thumb Code   240  stm32f1xx_hal_rtc.o(.text.HAL_RTC_Init)
    HAL_RTC_MspInit                          0x08001849   Thumb Code    84  rtc.o(.text.HAL_RTC_MspInit)
    HAL_RTC_SetDate                          0x0800189d   Thumb Code   504  stm32f1xx_hal_rtc.o(.text.HAL_RTC_SetDate)
    HAL_RTC_SetTime                          0x08001a95   Thumb Code   340  stm32f1xx_hal_rtc.o(.text.HAL_RTC_SetTime)
    HAL_SYSTICK_Config                       0x08001be9   Thumb Code    44  stm32f1xx_hal_cortex.o(.text.HAL_SYSTICK_Config)
    HAL_TIMEx_BreakCallback                  0x08001c15   Thumb Code     2  stm32f1xx_hal_tim_ex.o(.text.HAL_TIMEx_BreakCallback)
    HAL_TIMEx_CommutCallback                 0x08001c19   Thumb Code     2  stm32f1xx_hal_tim_ex.o(.text.HAL_TIMEx_CommutCallback)
    HAL_TIMEx_MasterConfigSynchronization    0x08001c1d   Thumb Code   126  stm32f1xx_hal_tim_ex.o(.text.HAL_TIMEx_MasterConfigSynchronization)
    HAL_TIM_Base_Init                        0x08001c9d   Thumb Code   250  stm32f1xx_hal_tim.o(.text.HAL_TIM_Base_Init)
    HAL_TIM_Base_MspInit                     0x08001d99   Thumb Code   230  tim.o(.text.HAL_TIM_Base_MspInit)
    HAL_TIM_Base_Start_IT                    0x08001e81   Thumb Code   110  stm32f1xx_hal_tim.o(.text.HAL_TIM_Base_Start_IT)
    HAL_TIM_Base_Stop_IT                     0x08001ef1   Thumb Code    60  stm32f1xx_hal_tim.o(.text.HAL_TIM_Base_Stop_IT)
    HAL_TIM_ConfigClockSource                0x08001f2d   Thumb Code   416  stm32f1xx_hal_tim.o(.text.HAL_TIM_ConfigClockSource)
    HAL_TIM_IC_CaptureCallback               0x080020cd   Thumb Code     2  stm32f1xx_hal_tim.o(.text.HAL_TIM_IC_CaptureCallback)
    HAL_TIM_IRQHandler                       0x080020d1   Thumb Code   334  stm32f1xx_hal_tim.o(.text.HAL_TIM_IRQHandler)
    HAL_TIM_OC_DelayElapsedCallback          0x08002221   Thumb Code     2  stm32f1xx_hal_tim.o(.text.HAL_TIM_OC_DelayElapsedCallback)
    HAL_TIM_PWM_PulseFinishedCallback        0x08002225   Thumb Code     2  stm32f1xx_hal_tim.o(.text.HAL_TIM_PWM_PulseFinishedCallback)
    HAL_TIM_PeriodElapsedCallback            0x08002229   Thumb Code   304  user_tim.o(.text.HAL_TIM_PeriodElapsedCallback)
    HAL_TIM_TriggerCallback                  0x08002359   Thumb Code     2  stm32f1xx_hal_tim.o(.text.HAL_TIM_TriggerCallback)
    HAL_UART_Init                            0x0800235d   Thumb Code   226  stm32f1xx_hal_uart.o(.text.HAL_UART_Init)
    HAL_UART_MspInit                         0x08002441   Thumb Code   126  usart.o(.text.HAL_UART_MspInit)
    HardFault_Handler                        0x080024c1   Thumb Code     2  stm32f1xx_it.o(.text.HardFault_Handler)
    Key_GetNum                               0x080024c5   Thumb Code    20  key.o(.text.Key_GetNum)
    Key_Init                                 0x080024d9   Thumb Code    64  key.o(.text.Key_Init)
    Key_Kick                                 0x08002519   Thumb Code   134  key.o(.text.Key_Kick)
    MX_GPIO_Init                             0x080025a1   Thumb Code   142  gpio.o(.text.MX_GPIO_Init)
    MX_RTC_Init                              0x08002631   Thumb Code   430  rtc.o(.text.MX_RTC_Init)
    MX_TIM1_Init                             0x080027e1   Thumb Code   120  tim.o(.text.MX_TIM1_Init)
    MX_TIM2_Init                             0x08002859   Thumb Code   112  tim.o(.text.MX_TIM2_Init)
    MX_TIM3_Init                             0x080028c9   Thumb Code   118  tim.o(.text.MX_TIM3_Init)
    MX_TIM4_Init                             0x08002941   Thumb Code   118  tim.o(.text.MX_TIM4_Init)
    MX_USART1_UART_Init                      0x080029b9   Thumb Code    60  usart.o(.text.MX_USART1_UART_Init)
    MemManage_Handler                        0x080029f5   Thumb Code     2  stm32f1xx_it.o(.text.MemManage_Handler)
    Menu1                                    0x080029f9   Thumb Code   612  menu.o(.text.Menu1)
    Menu2_Clock                              0x08002c5d   Thumb Code  1080  menu.o(.text.Menu2_Clock)
    Menu2_Setting                            0x08003095   Thumb Code   576  menu.o(.text.Menu2_Setting)
    Menu2_Timer                              0x080032d5   Thumb Code  1084  menu.o(.text.Menu2_Timer)
    Menu3_Clock_Setting                      0x08003711   Thumb Code  1376  menu.o(.text.Menu3_Clock_Setting)
    Menu3_Timer_Setting                      0x08003c71   Thumb Code  1346  menu.o(.text.Menu3_Timer_Setting)
    NMI_Handler                              0x080041b5   Thumb Code     6  stm32f1xx_it.o(.text.NMI_Handler)
    OLED_AnimUpdate                          0x080041bd   Thumb Code    14  oled.o(.text.OLED_AnimUpdate)
    OLED_Animation                           0x080041cd   Thumb Code  1750  oled.o(.text.OLED_Animation)
    OLED_Clear                               0x080048a5   Thumb Code    20  oled.o(.text.OLED_Clear)
    OLED_DrawLine                            0x080048b9   Thumb Code  2708  oled.o(.text.OLED_DrawLine)
    OLED_I2C_SendByte                        0x0800534d   Thumb Code   342  oled.o(.text.OLED_I2C_SendByte)
    OLED_Init                                0x080054a5   Thumb Code   246  oled.o(.text.OLED_Init)
    OLED_Printf                              0x0800559d   Thumb Code    40  oled.o(.text.OLED_Printf)
    OLED_ReverseArea                         0x080055c5   Thumb Code   230  oled.o(.text.OLED_ReverseArea)
    OLED_ShowImage                           0x080056ad   Thumb Code  1528  oled.o(.text.OLED_ShowImage)
    OLED_ShowString                          0x08005ca5   Thumb Code   478  oled.o(.text.OLED_ShowString)
    OLED_Update                              0x08005e85   Thumb Code   236  oled.o(.text.OLED_Update)
    OLED_UpdateArea                          0x08005f71   Thumb Code   174  oled.o(.text.OLED_UpdateArea)
    OLED_WriteCommand                        0x08006021   Thumb Code   118  oled.o(.text.OLED_WriteCommand)
    OLED_WriteData                           0x08006099   Thumb Code   132  oled.o(.text.OLED_WriteData)
    PendSV_Handler                           0x0800611d   Thumb Code     2  stm32f1xx_it.o(.text.PendSV_Handler)
    RTC_IRQHandler                           0x080063f9   Thumb Code    12  stm32f1xx_it.o(.text.RTC_IRQHandler)
    SVC_Handler                              0x08006465   Thumb Code     2  stm32f1xx_it.o(.text.SVC_Handler)
    SysTick_Handler                          0x08006469   Thumb Code     4  stm32f1xx_it.o(.text.SysTick_Handler)
    SystemClock_Config                       0x0800646d   Thumb Code   136  main.o(.text.SystemClock_Config)
    SystemInit                               0x080064f5   Thumb Code     2  system_stm32f1xx.o(.text.SystemInit)
    TIM1_UP_IRQHandler                       0x080064f9   Thumb Code    12  stm32f1xx_it.o(.text.TIM1_UP_IRQHandler)
    TIM2_IRQHandler                          0x08006505   Thumb Code    12  stm32f1xx_it.o(.text.TIM2_IRQHandler)
    TIM3_IRQHandler                          0x08006511   Thumb Code    12  stm32f1xx_it.o(.text.TIM3_IRQHandler)
    TIM4_IRQHandler                          0x0800651d   Thumb Code    12  stm32f1xx_it.o(.text.TIM4_IRQHandler)
    UsageFault_Handler                       0x08006529   Thumb Code     2  stm32f1xx_it.o(.text.UsageFault_Handler)
    main                                     0x0800652d   Thumb Code    94  main.o(.text.main)
    __0vsprintf                              0x0800658d   Thumb Code    30  printfa.o(i.__0vsprintf)
    __1vsprintf                              0x0800658d   Thumb Code     0  printfa.o(i.__0vsprintf)
    __2vsprintf                              0x0800658d   Thumb Code     0  printfa.o(i.__0vsprintf)
    __c89vsprintf                            0x0800658d   Thumb Code     0  printfa.o(i.__0vsprintf)
    vsprintf                                 0x0800658d   Thumb Code     0  printfa.o(i.__0vsprintf)
    __scatterload_copy                       0x080065b1   Thumb Code    14  handlers.o(i.__scatterload_copy)
    __scatterload_null                       0x080065bf   Thumb Code     2  handlers.o(i.__scatterload_null)
    __scatterload_zeroinit                   0x080065c1   Thumb Code    14  handlers.o(i.__scatterload_zeroinit)
    AHBPrescTable                            0x08006e8c   Data          16  system_stm32f1xx.o(.rodata.AHBPrescTable)
    APBPrescTable                            0x08006e9c   Data           8  system_stm32f1xx.o(.rodata.APBPrescTable)
    OLED_CF16x16                             0x08006ea6   Data        1147  oled_data.o(.rodata.OLED_CF16x16)
    OLED_F6x8                                0x08007321   Data         570  oled_data.o(.rodata.OLED_F6x8)
    OLED_F8x16                               0x0800755b   Data        1520  oled_data.o(.rodata.OLED_F8x16)
    Region$$Table$$Base                      0x08007c88   Number         0  anon$$obj.o(Region$$Table)
    Region$$Table$$Limit                     0x08007ca8   Number         0  anon$$obj.o(Region$$Table)
    uwTickFreq                               0x20000000   Data           1  stm32f1xx_hal.o(.data..L_MergedGlobals)
    uwTickPrio                               0x20000004   Data           4  stm32f1xx_hal.o(.data..L_MergedGlobals)
    flag                                     0x20000008   Data           1  menu.o(.data..L_MergedGlobals)
    DirectFlag                               0x20000009   Data           1  menu.o(.data..L_MergedGlobals)
    timer1_arr                               0x2000000a   Data           3  menu.o(.data..L_MergedGlobals)
    timer2_arr                               0x2000000d   Data           3  menu.o(.data..L_MergedGlobals)
    timer3_arr                               0x20000010   Data           3  menu.o(.data..L_MergedGlobals)
    timer_yn                                 0x20000013   Data           3  menu.o(.data..L_MergedGlobals)
    SystemCoreClock                          0x20000018   Data           4  system_stm32f1xx.o(.data.SystemCoreClock)
    clock_yn                                 0x2000001c   Data           3  menu.o(.data.clock_yn)
    buzzoff_flag                             0x20000020   Data           1  user_tim.o(.bss..L_MergedGlobals)
    rtc_second_update_flag                   0x20000034   Data           1  user_rtc.o(.bss..L_MergedGlobals)
    Time                                     0x2000003b   Data           3  user_rtc.o(.bss..L_MergedGlobals)
    Date                                     0x2000003e   Data           4  user_rtc.o(.bss..L_MergedGlobals)
    keynum                                   0x20000042   Data           1  key.o(.bss..L_MergedGlobals)
    clock1_arr                               0x20000048   Data           3  menu.o(.bss..L_MergedGlobals.13)
    clock2_arr                               0x2000004b   Data           3  menu.o(.bss..L_MergedGlobals.13)
    clock3_arr                               0x2000004e   Data           3  menu.o(.bss..L_MergedGlobals.13)
    timer1_cnt                               0x20000054   Data           4  menu.o(.bss..L_MergedGlobals.13)
    timer2_cnt                               0x20000058   Data           4  menu.o(.bss..L_MergedGlobals.13)
    timer3_cnt                               0x2000005c   Data           4  menu.o(.bss..L_MergedGlobals.13)
    clock1_cnt                               0x20000060   Data           4  menu.o(.bss..L_MergedGlobals.13)
    clock2_cnt                               0x20000064   Data           4  menu.o(.bss..L_MergedGlobals.13)
    clock3_cnt                               0x20000068   Data           4  menu.o(.bss..L_MergedGlobals.13)
    AniFlag                                  0x2000006c   Data           1  oled.o(.bss.AniFlag)
    OLED_DisplayBuf                          0x20000070   Data        1024  oled.o(.bss.OLED_DisplayBuf)
    hrtc                                     0x20000470   Data          20  rtc.o(.bss.hrtc)
    htim1                                    0x20000484   Data          72  tim.o(.bss.htim1)
    htim2                                    0x200004cc   Data          72  tim.o(.bss.htim2)
    htim3                                    0x20000514   Data          72  tim.o(.bss.htim3)
    htim4                                    0x2000055c   Data          72  tim.o(.bss.htim4)
    huart1                                   0x200005a4   Data          72  usart.o(.bss.huart1)
    uwTick                                   0x200005ec   Data           4  stm32f1xx_hal.o(.bss.uwTick)
    __initial_sp                             0x200009f0   Data           0  startup_stm32f103xb.o(STACK)



==============================================================================

Memory Map of the image

  Image Entry point : 0x080000ed

  Load Region LR_IROM1 (Base: 0x08000000, Size: 0x00007cc8, Max: 0x00010000, ABSOLUTE)

    Execution Region ER_IROM1 (Exec base: 0x08000000, Load base: 0x08000000, Size: 0x00007ca8, Max: 0x00010000, ABSOLUTE)

    Exec Addr    Load Addr    Size         Type   Attr      Idx    E Section Name        Object

    0x08000000   0x08000000   0x000000ec   Data   RO            3    RESET               startup_stm32f103xb.o
    0x080000ec   0x080000ec   0x00000000   Code   RO         1204  * .ARM.Collect$$$$00000000  mc_w.l(entry.o)
    0x080000ec   0x080000ec   0x00000004   Code   RO         1287    .ARM.Collect$$$$00000001  mc_w.l(entry2.o)
    0x080000f0   0x080000f0   0x00000004   Code   RO         1290    .ARM.Collect$$$$00000004  mc_w.l(entry5.o)
    0x080000f4   0x080000f4   0x00000000   Code   RO         1292    .ARM.Collect$$$$00000008  mc_w.l(entry7b.o)
    0x080000f4   0x080000f4   0x00000000   Code   RO         1294    .ARM.Collect$$$$0000000A  mc_w.l(entry8b.o)
    0x080000f4   0x080000f4   0x00000008   Code   RO         1295    .ARM.Collect$$$$0000000B  mc_w.l(entry9a.o)
    0x080000fc   0x080000fc   0x00000000   Code   RO         1297    .ARM.Collect$$$$0000000D  mc_w.l(entry10a.o)
    0x080000fc   0x080000fc   0x00000000   Code   RO         1299    .ARM.Collect$$$$0000000F  mc_w.l(entry11a.o)
    0x080000fc   0x080000fc   0x00000004   Code   RO         1288    .ARM.Collect$$$$00002712  mc_w.l(entry2.o)
    0x08000100   0x08000100   0x00000024   Code   RO            4    .text               startup_stm32f103xb.o
    0x08000124   0x08000124   0x00000024   Code   RO         1207    .text               mc_w.l(memseta.o)
    0x08000148   0x08000148   0x0000001c   Code   RO         1209    .text               mc_w.l(strcmp.o)
    0x08000164   0x08000164   0x0000014e   Code   RO         1241    .text               mf_w.l(dadd.o)
    0x080002b2   0x080002b2   0x000000e4   Code   RO         1243    .text               mf_w.l(dmul.o)
    0x08000396   0x08000396   0x000000de   Code   RO         1245    .text               mf_w.l(ddiv.o)
    0x08000474   0x08000474   0x0000002c   Code   RO         1315    .text               mc_w.l(uidiv.o)
    0x080004a0   0x080004a0   0x00000062   Code   RO         1317    .text               mc_w.l(uldiv.o)
    0x08000502   0x08000502   0x0000001e   Code   RO         1319    .text               mc_w.l(llshl.o)
    0x08000520   0x08000520   0x00000020   Code   RO         1321    .text               mc_w.l(llushr.o)
    0x08000540   0x08000540   0x00000024   Code   RO         1323    .text               mc_w.l(llsshr.o)
    0x08000564   0x08000564   0x00000000   Code   RO         1332    .text               mc_w.l(iusefp.o)
    0x08000564   0x08000564   0x000000ba   Code   RO         1335    .text               mf_w.l(depilogue.o)
    0x0800061e   0x0800061e   0x00000030   Code   RO         1339    .text               mf_w.l(dfixul.o)
    0x0800064e   0x0800064e   0x00000002   PAD
    0x08000650   0x08000650   0x00000030   Code   RO         1343    .text               mf_w.l(cdrcmple.o)
    0x08000680   0x08000680   0x00000030   Code   RO         1349    .text               mc_w.l(init.o)
    0x080006b0   0x080006b0   0x00000002   Code   RO          117    .text.BusFault_Handler  stm32f1xx_it.o
    0x080006b2   0x080006b2   0x00000002   PAD
    0x080006b4   0x080006b4   0x00000010   Code   RO         1190    .text.Buzz_Off      buzz.o
    0x080006c4   0x080006c4   0x00000010   Code   RO         1188    .text.Buzz_On       buzz.o
    0x080006d4   0x080006d4   0x00000002   Code   RO          123    .text.DebugMon_Handler  stm32f1xx_it.o
    0x080006d6   0x080006d6   0x00000002   PAD
    0x080006d8   0x080006d8   0x0000000a   Code   RO           37    .text.Error_Handler  main.o
    0x080006e2   0x080006e2   0x00000002   PAD
    0x080006e4   0x080006e4   0x0000020e   Code   RO          363    .text.HAL_GPIO_Init  stm32f1xx_hal_gpio.o
    0x080008f2   0x080008f2   0x00000002   PAD
    0x080008f4   0x080008f4   0x0000000a   Code   RO          367    .text.HAL_GPIO_ReadPin  stm32f1xx_hal_gpio.o
    0x080008fe   0x080008fe   0x00000002   PAD
    0x08000900   0x08000900   0x0000000a   Code   RO          369    .text.HAL_GPIO_WritePin  stm32f1xx_hal_gpio.o
    0x0800090a   0x0800090a   0x00000002   PAD
    0x0800090c   0x0800090c   0x0000000c   Code   RO          263    .text.HAL_GetTick   stm32f1xx_hal.o
    0x08000918   0x08000918   0x0000001a   Code   RO          261    .text.HAL_IncTick   stm32f1xx_hal.o
    0x08000932   0x08000932   0x00000002   PAD
    0x08000934   0x08000934   0x00000026   Code   RO          251    .text.HAL_Init      stm32f1xx_hal.o
    0x0800095a   0x0800095a   0x00000002   PAD
    0x0800095c   0x0800095c   0x00000048   Code   RO          253    .text.HAL_InitTick  stm32f1xx_hal.o
    0x080009a4   0x080009a4   0x00000042   Code   RO          146    .text.HAL_MspInit   stm32f1xx_hal_msp.o
    0x080009e6   0x080009e6   0x00000002   PAD
    0x080009e8   0x080009e8   0x00000022   Code   RO          423    .text.HAL_NVIC_EnableIRQ  stm32f1xx_hal_cortex.o
    0x08000a0a   0x08000a0a   0x00000002   PAD
    0x08000a0c   0x08000a0c   0x00000056   Code   RO          421    .text.HAL_NVIC_SetPriority  stm32f1xx_hal_cortex.o
    0x08000a62   0x08000a62   0x00000002   PAD
    0x08000a64   0x08000a64   0x00000020   Code   RO          419    .text.HAL_NVIC_SetPriorityGrouping  stm32f1xx_hal_cortex.o
    0x08000a84   0x08000a84   0x0000000c   Code   RO          461    .text.HAL_PWR_EnableBkUpAccess  stm32f1xx_hal_pwr.o
    0x08000a90   0x08000a90   0x000000f8   Code   RO          353    .text.HAL_RCCEx_GetPeriphCLKFreq  stm32f1xx_hal_rcc_ex.o
    0x08000b88   0x08000b88   0x00000102   Code   RO          349    .text.HAL_RCCEx_PeriphCLKConfig  stm32f1xx_hal_rcc_ex.o
    0x08000c8a   0x08000c8a   0x00000002   PAD
    0x08000c8c   0x08000c8c   0x00000002   Code   RO          337    .text.HAL_RCC_CSSCallback  stm32f1xx_hal_rcc.o
    0x08000c8e   0x08000c8e   0x00000002   PAD
    0x08000c90   0x08000c90   0x000001ba   Code   RO          315    .text.HAL_RCC_ClockConfig  stm32f1xx_hal_rcc.o
    0x08000e4a   0x08000e4a   0x00000002   PAD
    0x08000e4c   0x08000e4c   0x0000000c   Code   RO          321    .text.HAL_RCC_EnableCSS  stm32f1xx_hal_rcc.o
    0x08000e58   0x08000e58   0x00000026   Code   RO          327    .text.HAL_RCC_GetPCLK1Freq  stm32f1xx_hal_rcc.o
    0x08000e7e   0x08000e7e   0x00000002   PAD
    0x08000e80   0x08000e80   0x00000026   Code   RO          329    .text.HAL_RCC_GetPCLK2Freq  stm32f1xx_hal_rcc.o
    0x08000ea6   0x08000ea6   0x00000002   PAD
    0x08000ea8   0x08000ea8   0x0000001c   Code   RO          335    .text.HAL_RCC_NMI_IRQHandler  stm32f1xx_hal_rcc.o
    0x08000ec4   0x08000ec4   0x00000400   Code   RO          313    .text.HAL_RCC_OscConfig  stm32f1xx_hal_rcc.o
    0x080012c4   0x080012c4   0x00000010   Code   RO          239    .text.HAL_RTCEx_BKUPRead  stm32f1xx_hal_rtc_ex.o
    0x080012d4   0x080012d4   0x00000010   Code   RO          237    .text.HAL_RTCEx_BKUPWrite  stm32f1xx_hal_rtc_ex.o
    0x080012e4   0x080012e4   0x0000011a   Code   RO           21    .text.HAL_RTCEx_RTCEventCallback  user_rtc.o
    0x080013fe   0x080013fe   0x00000002   PAD
    0x08001400   0x08001400   0x00000002   Code   RO          233    .text.HAL_RTCEx_RTCEventErrorCallback  stm32f1xx_hal_rtc_ex.o
    0x08001402   0x08001402   0x00000002   PAD
    0x08001404   0x08001404   0x0000004a   Code   RO          231    .text.HAL_RTCEx_RTCIRQHandler  stm32f1xx_hal_rtc_ex.o
    0x0800144e   0x0800144e   0x00000002   PAD
    0x08001450   0x08001450   0x000000ca   Code   RO          189    .text.HAL_RTC_GetDate  stm32f1xx_hal_rtc.o
    0x0800151a   0x0800151a   0x00000002   PAD
    0x0800151c   0x0800151c   0x0000023a   Code   RO          183    .text.HAL_RTC_GetTime  stm32f1xx_hal_rtc.o
    0x08001756   0x08001756   0x00000002   PAD
    0x08001758   0x08001758   0x000000f0   Code   RO          169    .text.HAL_RTC_Init  stm32f1xx_hal_rtc.o
    0x08001848   0x08001848   0x00000054   Code   RO           59    .text.HAL_RTC_MspInit  rtc.o
    0x0800189c   0x0800189c   0x000001f8   Code   RO          187    .text.HAL_RTC_SetDate  stm32f1xx_hal_rtc.o
    0x08001a94   0x08001a94   0x00000154   Code   RO          179    .text.HAL_RTC_SetTime  stm32f1xx_hal_rtc.o
    0x08001be8   0x08001be8   0x0000002c   Code   RO          431    .text.HAL_SYSTICK_Config  stm32f1xx_hal_cortex.o
    0x08001c14   0x08001c14   0x00000002   Code   RO          889    .text.HAL_TIMEx_BreakCallback  stm32f1xx_hal_tim_ex.o
    0x08001c16   0x08001c16   0x00000002   PAD
    0x08001c18   0x08001c18   0x00000002   Code   RO          885    .text.HAL_TIMEx_CommutCallback  stm32f1xx_hal_tim_ex.o
    0x08001c1a   0x08001c1a   0x00000002   PAD
    0x08001c1c   0x08001c1c   0x0000007e   Code   RO          879    .text.HAL_TIMEx_MasterConfigSynchronization  stm32f1xx_hal_tim_ex.o
    0x08001c9a   0x08001c9a   0x00000002   PAD
    0x08001c9c   0x08001c9c   0x000000fa   Code   RO          584    .text.HAL_TIM_Base_Init  stm32f1xx_hal_tim.o
    0x08001d96   0x08001d96   0x00000002   PAD
    0x08001d98   0x08001d98   0x000000e6   Code   RO           80    .text.HAL_TIM_Base_MspInit  tim.o
    0x08001e7e   0x08001e7e   0x00000002   PAD
    0x08001e80   0x08001e80   0x0000006e   Code   RO          598    .text.HAL_TIM_Base_Start_IT  stm32f1xx_hal_tim.o
    0x08001eee   0x08001eee   0x00000002   PAD
    0x08001ef0   0x08001ef0   0x0000003c   Code   RO          600    .text.HAL_TIM_Base_Stop_IT  stm32f1xx_hal_tim.o
    0x08001f2c   0x08001f2c   0x000001a0   Code   RO          764    .text.HAL_TIM_ConfigClockSource  stm32f1xx_hal_tim.o
    0x080020cc   0x080020cc   0x00000002   Code   RO          720    .text.HAL_TIM_IC_CaptureCallback  stm32f1xx_hal_tim.o
    0x080020ce   0x080020ce   0x00000002   PAD
    0x080020d0   0x080020d0   0x0000014e   Code   RO          718    .text.HAL_TIM_IRQHandler  stm32f1xx_hal_tim.o
    0x0800221e   0x0800221e   0x00000002   PAD
    0x08002220   0x08002220   0x00000002   Code   RO          722    .text.HAL_TIM_OC_DelayElapsedCallback  stm32f1xx_hal_tim.o
    0x08002222   0x08002222   0x00000002   PAD
    0x08002224   0x08002224   0x00000002   Code   RO          724    .text.HAL_TIM_PWM_PulseFinishedCallback  stm32f1xx_hal_tim.o
    0x08002226   0x08002226   0x00000002   PAD
    0x08002228   0x08002228   0x00000130   Code   RO           11    .text.HAL_TIM_PeriodElapsedCallback  user_tim.o
    0x08002358   0x08002358   0x00000002   Code   RO          728    .text.HAL_TIM_TriggerCallback  stm32f1xx_hal_tim.o
    0x0800235a   0x0800235a   0x00000002   PAD
    0x0800235c   0x0800235c   0x000000e2   Code   RO          903    .text.HAL_UART_Init  stm32f1xx_hal_uart.o
    0x0800243e   0x0800243e   0x00000002   PAD
    0x08002440   0x08002440   0x0000007e   Code   RO           98    .text.HAL_UART_MspInit  usart.o
    0x080024be   0x080024be   0x00000002   PAD
    0x080024c0   0x080024c0   0x00000002   Code   RO          113    .text.HardFault_Handler  stm32f1xx_it.o
    0x080024c2   0x080024c2   0x00000002   PAD
    0x080024c4   0x080024c4   0x00000014   Code   RO         1054    .text.Key_GetNum    key.o
    0x080024d8   0x080024d8   0x00000040   Code   RO         1052    .text.Key_Init      key.o
    0x08002518   0x08002518   0x00000086   Code   RO         1058    .text.Key_Kick      key.o
    0x0800259e   0x0800259e   0x00000002   PAD
    0x080025a0   0x080025a0   0x0000008e   Code   RO           48    .text.MX_GPIO_Init  gpio.o
    0x0800262e   0x0800262e   0x00000002   PAD
    0x08002630   0x08002630   0x000001ae   Code   RO           57    .text.MX_RTC_Init   rtc.o
    0x080027de   0x080027de   0x00000002   PAD
    0x080027e0   0x080027e0   0x00000078   Code   RO           72    .text.MX_TIM1_Init  tim.o
    0x08002858   0x08002858   0x00000070   Code   RO           74    .text.MX_TIM2_Init  tim.o
    0x080028c8   0x080028c8   0x00000076   Code   RO           76    .text.MX_TIM3_Init  tim.o
    0x0800293e   0x0800293e   0x00000002   PAD
    0x08002940   0x08002940   0x00000076   Code   RO           78    .text.MX_TIM4_Init  tim.o
    0x080029b6   0x080029b6   0x00000002   PAD
    0x080029b8   0x080029b8   0x0000003c   Code   RO           96    .text.MX_USART1_UART_Init  usart.o
    0x080029f4   0x080029f4   0x00000002   Code   RO          115    .text.MemManage_Handler  stm32f1xx_it.o
    0x080029f6   0x080029f6   0x00000002   PAD
    0x080029f8   0x080029f8   0x00000264   Code   RO         1164    .text.Menu1         menu.o
    0x08002c5c   0x08002c5c   0x00000438   Code   RO         1168    .text.Menu2_Clock   menu.o
    0x08003094   0x08003094   0x00000240   Code   RO         1170    .text.Menu2_Setting  menu.o
    0x080032d4   0x080032d4   0x0000043c   Code   RO         1174    .text.Menu2_Timer   menu.o
    0x08003710   0x08003710   0x00000560   Code   RO         1166    .text.Menu3_Clock_Setting  menu.o
    0x08003c70   0x08003c70   0x00000542   Code   RO         1172    .text.Menu3_Timer_Setting  menu.o
    0x080041b2   0x080041b2   0x00000002   PAD
    0x080041b4   0x080041b4   0x00000006   Code   RO          111    .text.NMI_Handler   stm32f1xx_it.o
    0x080041ba   0x080041ba   0x00000002   PAD
    0x080041bc   0x080041bc   0x0000000e   Code   RO         1143    .text.OLED_AnimUpdate  oled.o
    0x080041ca   0x080041ca   0x00000002   PAD
    0x080041cc   0x080041cc   0x000006d6   Code   RO         1141    .text.OLED_Animation  oled.o
    0x080048a2   0x080048a2   0x00000002   PAD
    0x080048a4   0x080048a4   0x00000014   Code   RO         1087    .text.OLED_Clear    oled.o
    0x080048b8   0x080048b8   0x00000a94   Code   RO         1129    .text.OLED_DrawLine  oled.o
    0x0800534c   0x0800534c   0x00000156   Code   RO         1079    .text.OLED_I2C_SendByte  oled.o
    0x080054a2   0x080054a2   0x00000002   PAD
    0x080054a4   0x080054a4   0x000000f6   Code   RO         1085    .text.OLED_Init     oled.o
    0x0800559a   0x0800559a   0x00000002   PAD
    0x0800559c   0x0800559c   0x00000028   Code   RO         1123    .text.OLED_Printf   oled.o
    0x080055c4   0x080055c4   0x000000e6   Code   RO         1105    .text.OLED_ReverseArea  oled.o
    0x080056aa   0x080056aa   0x00000002   PAD
    0x080056ac   0x080056ac   0x000005f8   Code   RO         1109    .text.OLED_ShowImage  oled.o
    0x08005ca4   0x08005ca4   0x000001de   Code   RO         1111    .text.OLED_ShowString  oled.o
    0x08005e82   0x08005e82   0x00000002   PAD
    0x08005e84   0x08005e84   0x000000ec   Code   RO         1089    .text.OLED_Update   oled.o
    0x08005f70   0x08005f70   0x000000ae   Code   RO         1099    .text.OLED_UpdateArea  oled.o
    0x0800601e   0x0800601e   0x00000002   PAD
    0x08006020   0x08006020   0x00000076   Code   RO         1081    .text.OLED_WriteCommand  oled.o
    0x08006096   0x08006096   0x00000002   PAD
    0x08006098   0x08006098   0x00000084   Code   RO         1083    .text.OLED_WriteData  oled.o
    0x0800611c   0x0800611c   0x00000002   Code   RO          125    .text.PendSV_Handler  stm32f1xx_it.o
    0x0800611e   0x0800611e   0x00000002   PAD
    0x08006120   0x08006120   0x000002d8   Code   RO          185    .text.RTC_DateUpdate  stm32f1xx_hal_rtc.o
    0x080063f8   0x080063f8   0x0000000c   Code   RO          129    .text.RTC_IRQHandler  stm32f1xx_it.o
    0x08006404   0x08006404   0x00000060   Code   RO          181    .text.RTC_WriteAlarmCounter  stm32f1xx_hal_rtc.o
    0x08006464   0x08006464   0x00000002   Code   RO          121    .text.SVC_Handler   stm32f1xx_it.o
    0x08006466   0x08006466   0x00000002   PAD
    0x08006468   0x08006468   0x00000004   Code   RO          127    .text.SysTick_Handler  stm32f1xx_it.o
    0x0800646c   0x0800646c   0x00000088   Code   RO           35    .text.SystemClock_Config  main.o
    0x080064f4   0x080064f4   0x00000002   Code   RO         1023    .text.SystemInit    system_stm32f1xx.o
    0x080064f6   0x080064f6   0x00000002   PAD
    0x080064f8   0x080064f8   0x0000000c   Code   RO          131    .text.TIM1_UP_IRQHandler  stm32f1xx_it.o
    0x08006504   0x08006504   0x0000000c   Code   RO          133    .text.TIM2_IRQHandler  stm32f1xx_it.o
    0x08006510   0x08006510   0x0000000c   Code   RO          135    .text.TIM3_IRQHandler  stm32f1xx_it.o
    0x0800651c   0x0800651c   0x0000000c   Code   RO          137    .text.TIM4_IRQHandler  stm32f1xx_it.o
    0x08006528   0x08006528   0x00000002   Code   RO          119    .text.UsageFault_Handler  stm32f1xx_it.o
    0x0800652a   0x0800652a   0x00000002   PAD
    0x0800652c   0x0800652c   0x0000005e   Code   RO           33    .text.main          main.o
    0x0800658a   0x0800658a   0x00000002   PAD
    0x0800658c   0x0800658c   0x00000024   Code   RO         1218    i.__0vsprintf       mc_w.l(printfa.o)
    0x080065b0   0x080065b0   0x0000000e   Code   RO         1357    i.__scatterload_copy  mc_w.l(handlers.o)
    0x080065be   0x080065be   0x00000002   Code   RO         1358    i.__scatterload_null  mc_w.l(handlers.o)
    0x080065c0   0x080065c0   0x0000000e   Code   RO         1359    i.__scatterload_zeroinit  mc_w.l(handlers.o)
    0x080065ce   0x080065ce   0x00000002   PAD
    0x080065d0   0x080065d0   0x00000184   Code   RO         1219    i._fp_digits        mc_w.l(printfa.o)
    0x08006754   0x08006754   0x000006dc   Code   RO         1220    i._printf_core      mc_w.l(printfa.o)
    0x08006e30   0x08006e30   0x00000024   Code   RO         1221    i._printf_post_padding  mc_w.l(printfa.o)
    0x08006e54   0x08006e54   0x0000002e   Code   RO         1222    i._printf_pre_padding  mc_w.l(printfa.o)
    0x08006e82   0x08006e82   0x0000000a   Code   RO         1224    i._sputc            mc_w.l(printfa.o)
    0x08006e8c   0x08006e8c   0x00000010   Data   RO         1028    .rodata.AHBPrescTable  system_stm32f1xx.o
    0x08006e9c   0x08006e9c   0x00000008   Data   RO         1029    .rodata.APBPrescTable  system_stm32f1xx.o
    0x08006ea4   0x08006ea4   0x00000002   Data   RO          340    .rodata.HAL_RCC_GetSysClockFreq.aPredivFactorTable  stm32f1xx_hal_rcc.o
    0x08006ea6   0x08006ea6   0x0000047b   Data   RO         1157    .rodata.OLED_CF16x16  oled_data.o
    0x08007321   0x08007321   0x0000023a   Data   RO         1156    .rodata.OLED_F6x8   oled_data.o
    0x0800755b   0x0800755b   0x000005f0   Data   RO         1155    .rodata.OLED_F8x16  oled_data.o
    0x08007b4b   0x08007b4b   0x00000010   Data   RO          339    .rodata.cst16       stm32f1xx_hal_rcc.o
    0x08007b5b   0x08007b5b   0x0000012a   Data   RO         1177    .rodata.str1.1      menu.o
    0x08007c85   0x08007c85   0x00000003   PAD
    0x08007c88   0x08007c88   0x00000020   Data   RO         1356    Region$$Table       anon$$obj.o


    Execution Region RW_IRAM1 (Exec base: 0x20000000, Load base: 0x08007ca8, Size: 0x000009f0, Max: 0x00005000, ABSOLUTE)

    Exec Addr    Load Addr    Size         Type   Attr      Idx    E Section Name        Object

    0x20000000   0x08007ca8   0x00000008   Data   RW          302    .data..L_MergedGlobals  stm32f1xx_hal.o
    0x20000008   0x08007cb0   0x0000000e   Data   RW         1178    .data..L_MergedGlobals  menu.o
    0x20000016   0x08007cbe   0x00000002   PAD
    0x20000018   0x08007cc0   0x00000004   Data   RW         1027    .data.SystemCoreClock  system_stm32f1xx.o
    0x2000001c   0x08007cc4   0x00000003   Data   RW         1176    .data.clock_yn      menu.o
    0x2000001f   0x08007cc7   0x00000001   PAD
    0x20000020        -       0x00000014   Zero   RW           13    .bss..L_MergedGlobals  user_tim.o
    0x20000034        -       0x0000000e   Zero   RW           25    .bss..L_MergedGlobals  user_rtc.o
    0x20000042        -       0x00000004   Zero   RW         1060    .bss..L_MergedGlobals  key.o
    0x20000046   0x08007cc7   0x00000002   PAD
    0x20000048        -       0x00000024   Zero   RW         1179    .bss..L_MergedGlobals.13  menu.o
    0x2000006c        -       0x00000001   Zero   RW         1145    .bss.AniFlag        oled.o
    0x2000006d   0x08007cc7   0x00000003   PAD
    0x20000070        -       0x00000400   Zero   RW         1146    .bss.OLED_DisplayBuf  oled.o
    0x20000470        -       0x00000014   Zero   RW           63    .bss.hrtc           rtc.o
    0x20000484        -       0x00000048   Zero   RW           84    .bss.htim1          tim.o
    0x200004cc        -       0x00000048   Zero   RW           85    .bss.htim2          tim.o
    0x20000514        -       0x00000048   Zero   RW           86    .bss.htim3          tim.o
    0x2000055c        -       0x00000048   Zero   RW           87    .bss.htim4          tim.o
    0x200005a4        -       0x00000048   Zero   RW          102    .bss.huart1         usart.o
    0x200005ec        -       0x00000004   Zero   RW          301    .bss.uwTick         stm32f1xx_hal.o
    0x200005f0        -       0x00000400   Zero   RW            1    STACK               startup_stm32f103xb.o


==============================================================================

Image component sizes


      Code (inc. data)   RO Data    RW Data    ZI Data      Debug   Object Name

        32          0          0          0          0       1157   buzz.o
       142          0          0          0          0       1572   gpio.o
       218          0          0          0          4       2222   key.o
       240          0          0          0          0       3476   main.o
      6074         66        298         17         36      10808   menu.o
      8016          0          0          0       1025      56094   oled.o
         0          0       3237          0          0        790   oled_data.o
       514          0          0          0         20       4185   rtc.o
        36          8        236          0       1024        796   startup_stm32f103xb.o
       148          0          0          8          4       5768   stm32f1xx_hal.o
       196          0          0          0          0       8423   stm32f1xx_hal_cortex.o
       546         22          0          0          0       4765   stm32f1xx_hal_gpio.o
        66          0          0          0          0       1210   stm32f1xx_hal_msp.o
        12          0          0          0          0       4225   stm32f1xx_hal_pwr.o
      1584          0         18          0          0       8076   stm32f1xx_hal_rcc.o
       506         20          0          0          0       3680   stm32f1xx_hal_rcc_ex.o
      2680          0          0          0          0      20129   stm32f1xx_hal_rtc.o
       108          0          0          0          0       5770   stm32f1xx_hal_rtc_ex.o
      1178          0          0          0          0      58580   stm32f1xx_hal_tim.o
       130          0          0          0          0      21221   stm32f1xx_hal_tim_ex.o
       226          0          0          0          0      33161   stm32f1xx_hal_uart.o
        84          0          0          0          0       5461   stm32f1xx_it.o
         2          0         24          4          0       1587   system_stm32f1xx.o
       698          0          0          0        288       7240   tim.o
       186          0          0          0         72       4316   usart.o
       282          0          0          0         14       2638   user_rtc.o
       304          0          0          0         20       4196   user_tim.o

    ----------------------------------------------------------------------
     24320        116       3848         32       2512     281546   Object Totals
         0          0         32          0          0          0   (incl. Generated)
       112          0          3          3          5          0   (incl. Padding)

    ----------------------------------------------------------------------

      Code (inc. data)   RO Data    RW Data    ZI Data      Debug   Library Member Name

         0          0          0          0          0          0   entry.o
         0          0          0          0          0          0   entry10a.o
         0          0          0          0          0          0   entry11a.o
         8          4          0          0          0          0   entry2.o
         4          0          0          0          0          0   entry5.o
         0          0          0          0          0          0   entry7b.o
         0          0          0          0          0          0   entry8b.o
         8          4          0          0          0          0   entry9a.o
        30          0          0          0          0          0   handlers.o
        48         10          0          0          0         68   init.o
         0          0          0          0          0          0   iusefp.o
        30          0          0          0          0         68   llshl.o
        36          0          0          0          0         68   llsshr.o
        32          0          0          0          0         68   llushr.o
        36          0          0          0          0        108   memseta.o
      2272         86          0          0          0        516   printfa.o
        28          0          0          0          0         76   strcmp.o
        44          0          0          0          0         80   uidiv.o
        98          0          0          0          0         92   uldiv.o
        48          0          0          0          0         68   cdrcmple.o
       334          0          0          0          0        148   dadd.o
       222          0          0          0          0        100   ddiv.o
       186          0          0          0          0        176   depilogue.o
        48          0          0          0          0         68   dfixul.o
       228          0          0          0          0         96   dmul.o

    ----------------------------------------------------------------------
      3744        104          0          0          0       1800   Library Totals
         4          0          0          0          0          0   (incl. Padding)

    ----------------------------------------------------------------------

      Code (inc. data)   RO Data    RW Data    ZI Data      Debug   Library Name

      2674        104          0          0          0       1144   mc_w.l
      1066          0          0          0          0        656   mf_w.l

    ----------------------------------------------------------------------
      3744        104          0          0          0       1800   Library Totals

    ----------------------------------------------------------------------

==============================================================================


      Code (inc. data)   RO Data    RW Data    ZI Data      Debug   

     28064        220       3848         32       2512     282082   Grand Totals
     28064        220       3848         32       2512     282082   ELF Image Totals
     28064        220       3848         32          0          0   ROM Totals

==============================================================================

    Total RO  Size (Code + RO Data)                31912 (  31.16kB)
    Total RW  Size (RW Data + ZI Data)              2544 (   2.48kB)
    Total ROM Size (Code + RO Data + RW Data)      31944 (  31.20kB)

==============================================================================

